server.ts(8,21): error TS6196: 'UserRole' is declared but never used.
server.ts(10,43): error TS6133: 'requireRole' is declared but its value is never read.
server.ts(13,19): error TS6133: 'decrypt' is declared but its value is never read.
server.ts(13,53): error TS6133: 'encryptIfPlaintext' is declared but its value is never read.
server.ts(90,7): error TS6133: 'DEV_LOGIN_PASSWORD' is declared but its value is never read.
server.ts(191,10): error TS6133: 'getRoomImageUrl' is declared but its value is never read.
server.ts(380,10): error TS6133: 'deriveLegacyPermissions' is declared but its value is never read.
server.ts(578,16): error TS6133: 'getRequestUser' is declared but its value is never read.
server.ts(796,27): error TS6133: 'req' is declared but its value is never read.
server.ts(1032,49): error TS6133: 'req' is declared but its value is never read.
server.ts(1056,93): error TS6133: 'req' is declared but its value is never read.
server.ts(1693,90): error TS6133: 'req' is declared but its value is never read.
server.ts(1778,92): error TS6133: 'req' is declared but its value is never read.
server.ts(1845,62): error TS6133: 'req' is declared but its value is never read.
server.ts(1968,23): error TS6133: 'frontUpload' is declared but its value is never read.
server.ts(1992,23): error TS6133: 'backUpload' is declared but its value is never read.
server.ts(3201,51): error TS6133: 'req' is declared but its value is never read.
server.ts(3250,59): error TS6133: 'req' is declared but its value is never read.
server.ts(3806,49): error TS6133: 'req' is declared but its value is never read.
server.ts(3975,11): error TS6133: 'ratePlans' is declared but its value is never read.
server.ts(4198,63): error TS6133: 'req' is declared but its value is never read.
server.ts(4254,58): error TS6133: 'req' is declared but its value is never read.
server.ts(4500,62): error TS6133: 'req' is declared but its value is never read.
server.ts(4606,7): error TS6133: 'coaAccountCode' is declared but its value is never read.
server.ts(4607,7): error TS6133: 'department' is declared but its value is never read.
server.ts(4682,99): error TS6133: 'req' is declared but its value is never read.
server.ts(4766,94): error TS6133: 'req' is declared but its value is never read.
server.ts(4804,92): error TS6133: 'req' is declared but its value is never read.
server.ts(4866,96): error TS6133: 'req' is declared but its value is never read.
server.ts(4905,95): error TS6133: 'req' is declared but its value is never read.
server.ts(4923,93): error TS6133: 'req' is declared but its value is never read.
server.ts(4984,96): error TS6133: 'req' is declared but its value is never read.
server.ts(5030,93): error TS6133: 'req' is declared but its value is never read.
server.ts(5093,96): error TS6133: 'req' is declared but its value is never read.
server.ts(5152,55): error TS6133: 'req' is declared but its value is never read.
server.ts(5200,54): error TS6133: 'req' is declared but its value is never read.
server.ts(5209,51): error TS6133: 'req' is declared but its value is never read.
server.ts(5257,51): error TS6133: 'req' is declared but its value is never read.
server.ts(5280,59): error TS6133: 'req' is declared but its value is never read.
server.ts(5292,58): error TS6133: 'req' is declared but its value is never read.
server.ts(5338,61): error TS6133: 'req' is declared but its value is never read.
server.ts(5348,69): error TS6133: 'req' is declared but its value is never read.
server.ts(5370,15): error TS6133: 'data' is declared but its value is never read.
server.ts(5747,71): error TS6133: 'req' is declared but its value is never read.
server.ts(5757,60): error TS6133: 'req' is declared but its value is never read.
server.ts(5791,57): error TS6133: 'req' is declared but its value is never read.
server.ts(5801,65): error TS6133: 'req' is declared but its value is never read.
server.ts(6148,67): error TS6133: 'req' is declared but its value is never read.
server.ts(6158,56): error TS6133: 'req' is declared but its value is never read.
server.ts(6192,53): error TS6133: 'req' is declared but its value is never read.
server.ts(6201,53): error TS6133: 'req' is declared but its value is never read.
server.ts(6210,57): error TS6133: 'req' is declared but its value is never read.
server.ts(6219,56): error TS6133: 'req' is declared but its value is never read.
server.ts(6357,57): error TS6133: 'req' is declared but its value is never read.
server.ts(6402,65): error TS6133: 'req' is declared but its value is never read.
server.ts(6488,65): error TS6133: 'req' is declared but its value is never read.
server.ts(6555,59): error TS6133: 'req' is declared but its value is never read.
server.ts(6608,65): error TS6133: 'req' is declared but its value is never read.
server.ts(6650,117): error TS6133: 'req' is declared but its value is never read.
server.ts(6660,64): error TS6133: 'req' is declared but its value is never read.
server.ts(6717,64): error TS6133: 'req' is declared but its value is never read.
server.ts(6761,52): error TS6133: 'req' is declared but its value is never read.
server.ts(6803,56): error TS6133: 'req' is declared but its value is never read.
server.ts(6841,56): error TS6133: 'req' is declared but its value is never read.
server.ts(6899,65): error TS6133: 'req' is declared but its value is never read.
server.ts(6945,56): error TS6133: 'req' is declared but its value is never read.
server.ts(6980,19): error TS6133: 'req' is declared but its value is never read.
src/App.tsx(43,3): error TS6133: 'Activity' is declared but its value is never read.
src/App.tsx(45,3): error TS6133: 'Sparkles' is declared but its value is never read.
src/App.tsx(48,3): error TS6133: 'Settings' is declared but its value is never read.
src/App.tsx(55,3): error TS6133: 'TrendingUp' is declared but its value is never read.
src/components/Admin/AddRoleModal.tsx(1,8): error TS6133: 'React' is declared but its value is never read.
src/components/Admin/AddRoleModal.tsx(2,1): error TS6133: 'X' is declared but its value is never read.
src/components/Admin/AddRoleModal.tsx(3,1): error TS6192: All imports in import declaration are unused.
src/components/Admin/AddRoleModal.tsx(5,30): error TS6198: All destructured elements are unused.
src/components/Admin/AddRoleModal.tsx(6,10): error TS6133: 'step' is declared but its value is never read.
src/components/Admin/AddRoleModal.tsx(6,16): error TS6133: 'setStep' is declared but its value is never read.
src/components/Admin/AddRoleModal.tsx(7,10): error TS6133: 'f' is declared but its value is never read.
src/components/Admin/AddRoleModal.tsx(7,13): error TS6133: 'setF' is declared but its value is never read.
src/components/Admin/adminModules.ts(18,1): error TS6133: 'IntegrationsCenter' is declared but its value is never read.
src/components/Admin/AdminPortal.tsx(1,1): error TS6133: 'React' is declared but its value is never read.
src/components/Admin/APIManagement.tsx(3,38): error TS6133: 'Ban' is declared but its value is never read.
src/components/Admin/APIManagement.tsx(3,43): error TS6133: 'Clock' is declared but its value is never read.
src/components/Admin/APIManagement.tsx(3,50): error TS6133: 'Activity' is declared but its value is never read.
src/components/Admin/APIManagementConsole.tsx(1,8): error TS6133: 'React' is declared but its value is never read.
src/components/Admin/APIManagementConsole.tsx(4,3): error TS6133: 'Shield' is declared but its value is never read.
src/components/Admin/APIManagementConsole.tsx(51,10): error TS6133: 'loading' is declared but its value is never read.
src/components/Admin/AuditCompliance.tsx(6,8): error TS6133: 'React' is declared but its value is never read.
src/components/Admin/AuditCompliance.tsx(8,3): error TS6133: 'FileSearch' is declared but its value is never read.
src/components/Admin/AuditCompliance.tsx(11,3): error TS6133: 'User' is declared but its value is never read.
src/components/Admin/AuditCompliance.tsx(14,3): error TS6133: 'Filter' is declared but its value is never read.
src/components/Admin/AuditCompliance.tsx(19,3): error TS6133: 'Calendar' is declared but its value is never read.
src/components/Admin/AuditCompliance.tsx(26,1): error TS6133: 'motion' is declared but its value is never read.
src/components/Admin/AuditCompliance.tsx(221,105): error TS2339: Property 'ipAddress' does not exist on type '{ id: string; time: string; user: string; action: string; module: string; severity: string; details: string; }'.
src/components/Admin/BackupRecovery.tsx(6,8): error TS6133: 'React' is declared but its value is never read.
src/components/Admin/BackupRecovery.tsx(17,3): error TS6133: 'ChevronRight' is declared but its value is never read.
src/components/Admin/BackupRecoveryManager.tsx(1,8): error TS6133: 'React' is declared but its value is never read.
src/components/Admin/BackupRecoveryManager.tsx(7,3): error TS6133: 'Upload' is declared but its value is never read.
src/components/Admin/BackupRecoveryManager.tsx(9,3): error TS6133: 'Pause' is declared but its value is never read.
src/components/Admin/BackupRecoveryManager.tsx(15,3): error TS6133: 'AlertTriangle' is declared but its value is never read.
src/components/Admin/BackupRecoveryManager.tsx(57,10): error TS6133: 'loading' is declared but its value is never read.
src/components/Admin/ChangeControl.tsx(7,10): error TS6133: 'ShieldCheck' is declared but its value is never read.
src/components/Admin/ChangeControl.tsx(7,23): error TS6133: 'Plus' is declared but its value is never read.
src/components/Admin/ChangeControl.tsx(7,29): error TS6133: 'Save' is declared but its value is never read.
src/components/Admin/ChangeControl.tsx(7,49): error TS6133: 'GitPullRequest' is declared but its value is never read.
src/components/Admin/ChangeControl.tsx(7,74): error TS6133: 'AlertTriangle' is declared but its value is never read.
src/components/Admin/ChangeControl.tsx(27,11): error TS6133: 'globalHotelSettings' is declared but its value is never read.
src/components/Admin/ChangeControl.tsx(28,21): error TS6133: 'setActiveTab' is declared but its value is never read.
src/components/Admin/ChangeControl.tsx(60,10): error TS6133: 'showApplyModal' is declared but its value is never read.
src/components/Admin/ChangeControl.tsx(63,19): error TS6133: 'setNewDept' is declared but its value is never read.
src/components/Admin/ChangeControl.tsx(64,19): error TS6133: 'setNewType' is declared but its value is never read.
src/components/Admin/ChangeControl.tsx(65,22): error TS6133: 'setNewUrgency' is declared but its value is never read.
src/components/Admin/ChangeControl.tsx(74,9): error TS6133: 'handleProposalDecision' is declared but its value is never read.
src/components/Admin/ChangeControl.tsx(99,9): error TS6133: 'submitNewChange' is declared but its value is never read.
src/components/Admin/ChangeControl.tsx(168,29): error TS2339: Property 'severity' does not exist on type 'SystemAuditLog'.
src/components/Admin/ChangeControl.tsx(169,29): error TS2339: Property 'severity' does not exist on type 'SystemAuditLog'.
src/components/Admin/ChangeControl.tsx(178,60): error TS2339: Property 'user' does not exist on type 'SystemAuditLog'.
src/components/Admin/ComplianceCenter.tsx(3,40): error TS6133: 'FileText' is declared but its value is never read.
src/components/Admin/ComplianceCenter.tsx(4,25): error TS6133: 'Lock' is declared but its value is never read.
src/components/Admin/ConfigHistory.tsx(3,14): error TS6133: 'History' is declared but its value is never read.
src/components/Admin/ConfigHistory.tsx(4,3): error TS6133: 'User' is declared but its value is never read.
src/components/Admin/ConfigHistory.tsx(4,9): error TS6133: 'Clock' is declared but its value is never read.
src/components/Admin/ConfigurationVersionManager.tsx(1,8): error TS6133: 'React' is declared but its value is never read.
src/components/Admin/ConfigurationVersionManager.tsx(5,3): error TS6133: 'FileText' is declared but its value is never read.
src/components/Admin/ConfigurationVersionManager.tsx(8,3): error TS6133: 'CheckCircle' is declared but its value is never read.
src/components/Admin/ConfigurationVersionManager.tsx(12,3): error TS6133: 'Eye' is declared but its value is never read.
src/components/Admin/ConfigurationVersionManager.tsx(13,3): error TS6133: 'Download' is declared but its value is never read.
src/components/Admin/ConfigurationVersionManager.tsx(181,36): error TS6133: 'index' is declared but its value is never read.
src/components/Admin/ConsolidatedAuditTrail.tsx(1,8): error TS6133: 'React' is declared but its value is never read.
src/components/Admin/ConsolidatedAuditTrail.tsx(7,3): error TS6133: 'Calendar' is declared but its value is never read.
src/components/Admin/ConsolidatedAuditTrail.tsx(14,3): error TS6133: 'AlertCircle' is declared but its value is never read.
src/components/Admin/CrossPropertyUserManager.tsx(1,8): error TS6133: 'React' is declared but its value is never read.
src/components/Admin/CrossPropertyUserManager.tsx(7,3): error TS6133: 'Plus' is declared but its value is never read.
src/components/Admin/CrossPropertyUserManager.tsx(8,3): error TS6133: 'Edit' is declared but its value is never read.
src/components/Admin/CrossPropertyUserManager.tsx(12,3): error TS6133: 'ChevronRight' is declared but its value is never read.
src/components/Admin/CrossPropertyUserManager.tsx(13,3): error TS6133: 'CheckCircle' is declared but its value is never read.
src/components/Admin/CrossPropertyUserManager.tsx(14,3): error TS6133: 'XCircle' is declared but its value is never read.
src/components/Admin/CrossPropertyUserManager.tsx(278,9): error TS6133: 'getPropertyName' is declared but its value is never read.
src/components/Admin/DataManagementBackups.tsx(9,43): error TS6133: 'Upload' is declared but its value is never read.
src/components/Admin/DataManagementBackups.tsx(10,45): error TS6133: 'Trash2' is declared but its value is never read.
src/components/Admin/DataManagementBackups.tsx(11,3): error TS6133: 'Cloud' is declared but its value is never read.
src/components/Admin/ExecutiveDashboard.tsx(6,8): error TS6133: 'React' is declared but its value is never read.
src/components/Admin/ExecutiveDashboard.tsx(11,3): error TS6133: 'ShoppingCart' is declared but its value is never read.
src/components/Admin/ExecutiveDashboard.tsx(12,3): error TS6133: 'Activity' is declared but its value is never read.
src/components/Admin/ExecutiveDashboard.tsx(17,3): error TS6133: 'BarChart3' is declared but its value is never read.
src/components/Admin/ExecutiveDashboard.tsx(27,3): error TS6133: 'BarChart' is declared but its value is never read.
src/components/Admin/ExecutiveDashboard.tsx(28,3): error TS6133: 'Bar' is declared but its value is never read.
src/components/Admin/FinanceAccounting.tsx(6,8): error TS6133: 'React' is declared but its value is never read.
src/components/Admin/FinanceAccounting.tsx(10,3): error TS6133: 'CreditCard' is declared but its value is never read.
src/components/Admin/FinanceAccounting.tsx(11,3): error TS6133: 'TrendingDown' is declared but its value is never read.
src/components/Admin/FinanceAccounting.tsx(12,3): error TS6133: 'TrendingUp' is declared but its value is never read.
src/components/Admin/FinanceAccounting.tsx(13,3): error TS6133: 'FileText' is declared but its value is never read.
src/components/Admin/FinanceAccounting.tsx(14,3): error TS6133: 'ArrowUpRight' is declared but its value is never read.
src/components/Admin/FinanceAccounting.tsx(15,3): error TS6133: 'PieChart' is declared but its value is never read.
src/components/Admin/FinanceAccounting.tsx(19,3): error TS6133: 'Filter' is declared but its value is never read.
src/components/Admin/FinanceAccounting.tsx(29,3): error TS6133: 'Cell' is declared but its value is never read.
src/components/Admin/FinancialRevenueControls.tsx(11,3): error TS6133: 'Coins' is declared but its value is never read.
src/components/Admin/FinancialRevenueControls.tsx(12,17): error TS6133: 'ToggleLeft' is declared but its value is never read.
src/components/Admin/FinancialRevenueControls.tsx(12,29): error TS6133: 'ToggleRight' is declared but its value is never read.
src/components/Admin/FinancialRevenueControls.tsx(58,60): error TS6133: 'currency' is declared but its value is never read.
src/components/Admin/FinancialRevenueControls.tsx(58,70): error TS6133: 'setCurrency' is declared but its value is never read.
src/components/Admin/FinancialRevenueControls.tsx(58,83): error TS6133: 'chartOfAccounts' is declared but its value is never read.
src/components/Admin/FinancialRevenueControls.tsx(169,27): error TS6133: 'setSplitFolioRules' is declared but its value is never read.
src/components/Admin/FinancialRevenueControls.tsx(416,9): error TS2322: Type '({ serviceName: string; apiKey: string; status: "active" | "inactive"; } | { serviceName: string; apiKey: string; status: string; category: any; })[]' is not assignable to type '{ serviceName: string; apiKey: string; status: "active" | "inactive"; }[]'.
  Type '{ serviceName: string; apiKey: string; status: "active" | "inactive"; } | { serviceName: string; apiKey: string; status: string; category: any; }' is not assignable to type '{ serviceName: string; apiKey: string; status: "active" | "inactive"; }'.
    Type '{ serviceName: string; apiKey: string; status: string; category: any; }' is not assignable to type '{ serviceName: string; apiKey: string; status: "active" | "inactive"; }'.
      Types of property 'status' are incompatible.
        Type 'string' is not assignable to type '"active" | "inactive"'.
src/components/Admin/FinancialRevenueControls.tsx(521,73): error TS2345: Argument of type '(f: { invoiceTemplate: "classic" | "modern" | "minimalist" | "thermal"; invoiceFooterText: string; invoiceBankDetails: string; autoNightAuditTime: string; paymentTypesConfig: string; }) => { ...; }' is not assignable to parameter of type 'SetStateAction<{ invoiceTemplate: "classic" | "modern" | "minimalist" | "thermal"; invoiceFooterText: string; invoiceBankDetails: string; autoNightAuditTime: string; paymentTypesConfig: string; }>'.
  Type '(f: { invoiceTemplate: "classic" | "modern" | "minimalist" | "thermal"; invoiceFooterText: string; invoiceBankDetails: string; autoNightAuditTime: string; paymentTypesConfig: string; }) => { ...; }' is not assignable to type '(prevState: { invoiceTemplate: "classic" | "modern" | "minimalist" | "thermal"; invoiceFooterText: string; invoiceBankDetails: string; autoNightAuditTime: string; paymentTypesConfig: string; }) => { ...; }'.
    Call signature return types '{ invoiceTemplate: string; invoiceFooterText: string; invoiceBankDetails: string; autoNightAuditTime: string; paymentTypesConfig: string; }' and '{ invoiceTemplate: "classic" | "modern" | "minimalist" | "thermal"; invoiceFooterText: string; invoiceBankDetails: string; autoNightAuditTime: string; paymentTypesConfig: string; }' are incompatible.
      The types of 'invoiceTemplate' are incompatible between these types.
        Type 'string' is not assignable to type '"classic" | "modern" | "minimalist" | "thermal"'.
src/components/Admin/GlobalSystemSettings.tsx(10,10): error TS6133: 'Clock' is declared but its value is never read.
src/components/Admin/GlobalSystemSettings.tsx(10,43): error TS6133: 'Settings' is declared but its value is never read.
src/components/Admin/GlobalSystemSettings.tsx(10,53): error TS6133: 'Languages' is declared but its value is never read.
src/components/Admin/GlobalSystemSettings.tsx(11,3): error TS6133: 'Calendar' is declared but its value is never read.
src/components/Admin/GlobalSystemSettings.tsx(11,19): error TS6133: 'Sun' is declared but its value is never read.
src/components/Admin/GlobalSystemSettings.tsx(11,24): error TS6133: 'Bell' is declared but its value is never read.
src/components/Admin/GlobalSystemSettings.tsx(11,40): error TS6133: 'Send' is declared but its value is never read.
src/components/Admin/GlobalSystemSettings.tsx(11,46): error TS6133: 'ChevronDown' is declared but its value is never read.
src/components/Admin/GlobalSystemSettings.tsx(52,11): error TS6133: 'globalHotelSettings' is declared but its value is never read.
src/components/Admin/GlobalSystemSettings.tsx(66,9): error TS2353: Object literal may only specify known properties, and 'currency' does not exist in type 'Partial<GlobalHotelSettings>'.
src/components/Admin/Governance.tsx(7,43): error TS6133: 'GitPullRequest' is declared but its value is never read.
src/components/Admin/Governance.tsx(7,59): error TS6133: 'AlertTriangle' is declared but its value is never read.
src/components/Admin/Governance.tsx(47,11): error TS6133: 'globalHotelSettings' is declared but its value is never read.
src/components/Admin/Governance.tsx(105,22): error TS6133: 'setNewUrgency' is declared but its value is never read.
src/components/Admin/Governance.tsx(114,21): error TS2345: Argument of type '(prev: PendingAdminChange[] | null) => (PendingAdminChange | { status: "Approved" | "Declined"; id: string; title: string; description: string; ... 5 more ...; approvedAt?: string | undefined; })[] | null' is not assignable to parameter of type 'SetStateAction<PendingAdminChange[] | null>'.
  Type '(prev: PendingAdminChange[] | null) => (PendingAdminChange | { status: "Approved" | "Declined"; id: string; title: string; description: string; ... 5 more ...; approvedAt?: string | undefined; })[] | null' is not assignable to type '(prevState: PendingAdminChange[] | null) => PendingAdminChange[] | null'.
    Type '(PendingAdminChange | { status: "Approved" | "Declined"; id: string; title: string; description: string; changeType: AdminChangeType; submittedAt: string; submittedBy: string; payload?: AdminChangePayload | undefined; approvedBy?: string | undefined; approvedAt?: string | undefined; })[] | null' is not assignable to type 'PendingAdminChange[] | null'.
      Type '(PendingAdminChange | { status: "Approved" | "Declined"; id: string; title: string; description: string; changeType: AdminChangeType; submittedAt: string; submittedBy: string; payload?: AdminChangePayload | undefined; approvedBy?: string | undefined; approvedAt?: string | undefined; })[]' is not assignable to type 'PendingAdminChange[]'.
        Type 'PendingAdminChange | { status: "Approved" | "Declined"; id: string; title: string; description: string; changeType: AdminChangeType; submittedAt: string; submittedBy: string; payload?: AdminChangePayload | undefined; approvedBy?: string | undefined; approvedAt?: string | undefined; }' is not assignable to type 'PendingAdminChange'.
          Type '{ status: "Approved" | "Declined"; id: string; title: string; description: string; changeType: AdminChangeType; submittedAt: string; submittedBy: string; payload?: AdminChangePayload; approvedBy?: string; approvedAt?: string; }' is not assignable to type 'PendingAdminChange'.
            Types of property 'status' are incompatible.
              Type '"Approved" | "Declined"' is not assignable to type '"pending" | "approved" | "rejected"'.
                Type '"Approved"' is not assignable to type '"pending" | "approved" | "rejected"'. Did you mean '"approved"'?
src/components/Admin/Governance.tsx(241,47): error TS2367: This comparison appears to be unintentional because the types '"pending" | "approved" | "rejected"' and '"Pending"' have no overlap.
src/components/Admin/Governance.tsx(268,27): error TS2367: This comparison appears to be unintentional because the types '"pending" | "approved" | "rejected"' and '"Approved"' have no overlap.
src/components/Admin/Governance.tsx(269,27): error TS2367: This comparison appears to be unintentional because the types '"pending" | "approved" | "rejected"' and '"Declined"' have no overlap.
src/components/Admin/Governance.tsx(289,24): error TS2367: This comparison appears to be unintentional because the types '"pending" | "approved" | "rejected"' and '"Pending"' have no overlap.
src/components/Admin/IntegrationsCenter.tsx(6,8): error TS6133: 'React' is declared but its value is never read.
src/components/Admin/IntegrationsCenter.tsx(11,3): error TS6133: 'AlertTriangle' is declared but its value is never read.
src/components/Admin/IntegrationsCenter.tsx(12,3): error TS6133: 'Search' is declared but its value is never read.
src/components/Admin/IntegrationsCenter.tsx(20,3): error TS6133: 'MoreVertical' is declared but its value is never read.
src/components/Admin/LoyaltyProgram.tsx(6,8): error TS6133: 'React' is declared but its value is never read.
src/components/Admin/MarketSegmentsManager.tsx(1,8): error TS6133: 'React' is declared but its value is never read.
src/components/Admin/MarketSegmentsManager.tsx(12,3): error TS6133: 'Calendar' is declared but its value is never read.
src/components/Admin/MasterData.tsx(11,3): error TS6133: 'ShoppingCart' is declared but its value is never read.
src/components/Admin/MasterData.tsx(15,3): error TS6133: 'ChevronRight' is declared but its value is never read.
src/components/Admin/MasterData.tsx(16,3): error TS6133: 'Layers' is declared but its value is never read.
src/components/Admin/MasterData.tsx(18,3): error TS6133: 'Briefcase' is declared but its value is never read.
src/components/Admin/MasterData.tsx(19,3): error TS6133: 'AlertTriangle' is declared but its value is never read.
src/components/Admin/MasterData.tsx(20,3): error TS6133: 'Settings' is declared but its value is never read.
src/components/Admin/MasterData.tsx(25,3): error TS6133: 'FileSpreadsheet' is declared but its value is never read.
src/components/Admin/MasterData.tsx(26,3): error TS6133: 'Coins' is declared but its value is never read.
src/components/Admin/MasterData.tsx(29,3): error TS6133: 'Globe' is declared but its value is never read.
src/components/Admin/MasterData.tsx(30,3): error TS6133: 'TrendingUp' is declared but its value is never read.
src/components/Admin/MasterData.tsx(31,3): error TS6133: 'Tag' is declared but its value is never read.
src/components/Admin/MasterData.tsx(32,3): error TS6133: 'Warehouse' is declared but its value is never read.
src/components/Admin/MasterData.tsx(33,3): error TS6133: 'FileCheck' is declared but its value is never read.
src/components/Admin/MasterData.tsx(34,12): error TS6133: 'ImageIcon' is declared but its value is never read.
src/components/Admin/MasterData.tsx(35,3): error TS6133: 'Bed' is declared but its value is never read.
src/components/Admin/MasterData.tsx(36,3): error TS6133: 'Wifi' is declared but its value is never read.
src/components/Admin/MasterData.tsx(37,3): error TS6133: 'Coffee' is declared but its value is never read.
src/components/Admin/MasterData.tsx(43,10): error TS6133: 'Room' is declared but its value is never read.
src/components/Admin/MasterData.tsx(43,38): error TS6133: 'Guest' is declared but its value is never read.
src/components/Admin/MasterData.tsx(43,58): error TS6133: 'RoomTypeDetail' is declared but its value is never read.
src/components/Admin/MasterData.tsx(44,1): error TS6133: 'InventoryItem' is declared but its value is never read.
src/components/Admin/MasterData.tsx(45,1): error TS6133: 'ChartOfAccount' is declared but its value is never read.
src/components/Admin/MasterData.tsx(62,5): error TS6133: 'updateGuest' is declared but its value is never read.
src/components/Admin/MasterData.tsx(72,5): error TS6133: 'currency' is declared but its value is never read.
src/components/Admin/MasterData.tsx(179,7): error TS2322: Type 'string | undefined' is not assignable to type 'string'.
  Type 'undefined' is not assignable to type 'string'.
src/components/Admin/MasterData.tsx(225,11): error TS6133: 'generatedId' is declared but its value is never read.
src/components/Admin/MasterData.tsx(230,7): error TS2322: Type 'string' is not assignable to type 'InventorySubCategory'.
src/components/Admin/MasterData.tsx(409,16): error TS2322: Type '{ inventoryItems: InventoryItem[]; filteredInventory: InventoryItem[]; reorderAlertCount: number; totalStockVal: number; formatAmount: (amount: number) => string; onInspect: Dispatch<...>; onEdit: (item: InventoryItem) => void; onDelete: (itemId: string) => void; onAddItem: () => void; }' is not assignable to type 'IntrinsicAttributes & InventoryCategoryProps'.
  Property 'onAddItem' does not exist on type 'IntrinsicAttributes & InventoryCategoryProps'.
src/components/Admin/MasterData.tsx(438,55): error TS2339: Property 'roomTypesDetailed' does not exist on type 'GlobalHotelSettings'.
src/components/Admin/MasterData.tsx(446,16): error TS2322: Type '(title: string, description: string, changeType: AdminChangeType, settings: Partial<GlobalHotelSettings>) => void' is not assignable to type '(name: string, description: string, type: string, changes: any) => void'.
  Types of parameters 'changeType' and 'type' are incompatible.
    Type 'string' is not assignable to type 'AdminChangeType'.
src/components/Admin/MasterData.tsx(1339,7): error TS6133: 'AttributeManager' is declared but its value is never read.
src/components/Admin/MasterData.tsx(1417,7): error TS6133: 'RoomTypeManager' is declared but its value is never read.
src/components/Admin/MasterData/AttributeManager.tsx(6,8): error TS6133: 'React' is declared but its value is never read.
src/components/Admin/MasterData/AttributesCategory.tsx(6,1): error TS6133: 'React' is declared but its value is never read.
src/components/Admin/MasterData/FinanceCategory.tsx(6,1): error TS6133: 'React' is declared but its value is never read.
src/components/Admin/MasterData/FinanceCategory.tsx(8,32): error TS2307: Cannot find module '../../types/finance' or its corresponding type declarations.
src/components/Admin/MasterData/GuestsCategory.tsx(6,1): error TS6133: 'React' is declared but its value is never read.
src/components/Admin/MasterData/GuestsCategory.tsx(8,23): error TS2307: Cannot find module '../../types/erp' or its corresponding type declarations.
src/components/Admin/MasterData/InfrastructureCategory.tsx(6,1): error TS6133: 'React' is declared but its value is never read.
src/components/Admin/MasterData/InventoryCategory.tsx(6,1): error TS6133: 'React' is declared but its value is never read.
src/components/Admin/MasterData/InventoryCategory.tsx(8,31): error TS2307: Cannot find module '../../types/inventory' or its corresponding type declarations.
src/components/Admin/MasterData/RoomsCategory.tsx(6,1): error TS6133: 'React' is declared but its value is never read.
src/components/Admin/MasterData/RoomsCategory.tsx(8,22): error TS2307: Cannot find module '../../types/erp' or its corresponding type declarations.
src/components/Admin/MasterData/RoomTypeManager.tsx(6,8): error TS6133: 'React' is declared but its value is never read.
src/components/Admin/OperationalPolicies.tsx(6,8): error TS6133: 'React' is declared but its value is never read.
src/components/Admin/OperationalPolicies.tsx(7,61): error TS6133: 'Clock' is declared but its value is never read.
src/components/Admin/OperationsControl.tsx(6,8): error TS6133: 'React' is declared but its value is never read.
src/components/Admin/OperationsControl.tsx(9,3): error TS6133: 'Map' is declared but its value is never read.
src/components/Admin/OperationsControl.tsx(10,3): error TS6133: 'Home' is declared but its value is never read.
src/components/Admin/OperationsControl.tsx(18,3): error TS6133: 'Search' is declared but its value is never read.
src/components/Admin/OperationsManagerPortal.tsx(25,3): error TS6133: 'Shield' is declared but its value is never read.
src/components/Admin/OperationsManagerPortal.tsx(28,3): error TS6133: 'AlertCircle' is declared but its value is never read.
src/components/Admin/OperationsManagerPortal.tsx(29,3): error TS6133: 'Filter' is declared but its value is never read.
src/components/Admin/OperationsManagerPortal.tsx(30,3): error TS6133: 'Search' is declared but its value is never read.
src/components/Admin/OperationsManagerPortal.tsx(32,3): error TS6133: 'MoreVertical' is declared but its value is never read.
src/components/Admin/OperationsManagerPortal.tsx(33,3): error TS6133: 'ChevronRight' is declared but its value is never read.
src/components/Admin/OperationsManagerPortal.tsx(38,3): error TS6133: 'Settings' is declared but its value is never read.
src/components/Admin/OperationsManagerPortal.tsx(39,3): error TS6133: 'LogIn' is declared but its value is never read.
src/components/Admin/OperationsManagerPortal.tsx(42,3): error TS6133: 'Phone' is declared but its value is never read.
src/components/Admin/OperationsManagerPortal.tsx(43,3): error TS6133: 'Mail' is declared but its value is never read.
src/components/Admin/OperationsManagerPortal.tsx(46,3): error TS6133: 'Activity' is declared but its value is never read.
src/components/Admin/OperationsManagerPortal.tsx(55,3): error TS6133: 'CircleDot' is declared but its value is never read.
src/components/Admin/OperationsManagerPortal.tsx(239,6): error TS6196: 'FinancialScheduleFrequency' is declared but never used.
src/components/Admin/OperationsManagerPortal.tsx(1158,3): error TS6133: 'onRefresh' is declared but its value is never read.
src/components/Admin/OperationsManagerPortal.tsx(1270,3): error TS6133: 'onRefresh' is declared but its value is never read.
src/components/Admin/OperationsManagerPortal.tsx(1425,35): error TS6133: 'onRefresh' is declared but its value is never read.
src/components/Admin/OperationsManagerPortal.tsx(1487,35): error TS6133: 'onRefresh' is declared but its value is never read.
src/components/Admin/OperationsManagerPortal.tsx(1537,32): error TS6133: 'onRefresh' is declared but its value is never read.
src/components/Admin/OperationsManagerPortal.tsx(1599,36): error TS6133: 'onRefresh' is declared but its value is never read.
src/components/Admin/OperationsManagerPortal.tsx(1836,3): error TS6133: 'onRefreshDefinitions' is declared but its value is never read.
src/components/Admin/OperationsManagerPortal.tsx(1837,3): error TS6133: 'onRefreshGenerated' is declared but its value is never read.
src/components/Admin/OperationsManagerPortal.tsx(1838,3): error TS6133: 'onRefreshSchedules' is declared but its value is never read.
src/components/Admin/OrganizationHierarchyManager.tsx(1,8): error TS6133: 'React' is declared but its value is never read.
src/components/Admin/OrganizationHierarchyManager.tsx(15,3): error TS6133: 'CheckCircle' is declared but its value is never read.
src/components/Admin/OrganizationHierarchyManager.tsx(16,3): error TS6133: 'XCircle' is declared but its value is never read.
src/components/Admin/PlatformControls.tsx(12,3): error TS6133: 'Smartphone' is declared but its value is never read.
src/components/Admin/POSSetup.tsx(6,8): error TS6133: 'React' is declared but its value is never read.
src/components/Admin/POSSetup.tsx(7,38): error TS6133: 'Save' is declared but its value is never read.
src/components/Admin/POSSetup.tsx(7,44): error TS6133: 'CheckCircle2' is declared but its value is never read.
src/components/Admin/POSSetup.tsx(7,74): error TS6133: 'X' is declared but its value is never read.
src/components/Admin/POSSetup.tsx(7,100): error TS6133: 'DollarSign' is declared but its value is never read.
src/components/Admin/POSSetup.tsx(7,126): error TS6133: 'Monitor' is declared but its value is never read.
src/components/Admin/POSSetup.tsx(10,11): error TS6196: 'POSOutlet' is declared but never used.
src/components/Admin/POSSetup.tsx(19,11): error TS6196: 'POSCategory' is declared but never used.
src/components/Admin/POSSetup.tsx(28,11): error TS6196: 'POSPrinter' is declared but never used.
src/components/Admin/POSSetup.tsx(40,10): error TS6133: 'saveStatus' is declared but its value is never read.
src/components/Admin/PropertyConfiguration.tsx(9,3): error TS6133: 'Building2' is declared but its value is never read.
src/components/Admin/PropertyConfiguration.tsx(12,3): error TS6133: 'ShieldCheck' is declared but its value is never read.
src/components/Admin/PropertyConfiguration.tsx(13,3): error TS6133: 'Settings' is declared but its value is never read.
src/components/Admin/PropertyConfiguration.tsx(14,3): error TS6133: 'Layers' is declared but its value is never read.
src/components/Admin/PropertyConfiguration.tsx(15,3): error TS6133: 'Save' is declared but its value is never read.
src/components/Admin/PropertyConfiguration.tsx(16,3): error TS6133: 'ChevronRight' is declared but its value is never read.
src/components/Admin/PropertyConfigurationSetup.tsx(6,8): error TS6133: 'React' is declared but its value is never read.
src/components/Admin/PropertyConfigurationSetup.tsx(8,14): error TS6133: 'Settings' is declared but its value is never read.
src/components/Admin/PropertyConfigurationSetup.tsx(33,38): error TS2339: Property 'checkInTime' does not exist on type 'GlobalHotelSettings'.
src/components/Admin/PropertyConfigurationSetup.tsx(34,39): error TS2339: Property 'checkOutTime' does not exist on type 'GlobalHotelSettings'.
src/components/Admin/PropertyConfigurationSetup.tsx(35,37): error TS2339: Property 'starRating' does not exist on type 'GlobalHotelSettings'.
src/components/Admin/PropertyConfigurationSetup.tsx(53,9): error TS2353: Object literal may only specify known properties, and 'checkInTime' does not exist in type 'Partial<GlobalHotelSettings>'.
src/components/Admin/PropertyManager.tsx(4,3): error TS6133: 'Coins' is declared but its value is never read.
src/components/Admin/PropertyManager.tsx(4,10): error TS6133: 'Calendar' is declared but its value is never read.
src/components/Admin/PropertySettingsManager.tsx(1,8): error TS6133: 'React' is declared but its value is never read.
src/components/Admin/PropertySettingsManager.tsx(4,3): error TS6133: 'Building2' is declared but its value is never read.
src/components/Admin/PropertySettingsManager.tsx(5,3): error TS6133: 'ChevronRight' is declared but its value is never read.
src/components/Admin/PropertySettingsManager.tsx(196,11): error TS6133: 'isOverridden' is declared but its value is never read.
src/components/Admin/PropertySettingsManager.tsx(234,18): error TS2339: Property 'allowed_values' does not exist on type 'SettingDefinition'.
src/components/Admin/PublicPageManager.tsx(181,50): error TS2345: Argument of type '"error"' is not assignable to parameter of type '"success" | "info" | "warning" | "task"'.
src/components/Admin/ReportsAnalytics.tsx(6,8): error TS6133: 'React' is declared but its value is never read.
src/components/Admin/ReportsAnalytics.tsx(13,3): error TS6133: 'Filter' is declared but its value is never read.
src/components/Admin/ReportsAnalytics.tsx(17,3): error TS6133: 'ChevronRight' is declared but its value is never read.
src/components/Admin/ReportsAnalytics.tsx(18,3): error TS6133: 'TrendingDown' is declared but its value is never read.
src/components/Admin/ReportsAnalytics.tsx(19,3): error TS6133: 'ArrowUpRight' is declared but its value is never read.
src/components/Admin/ReportsAnalytics.tsx(30,3): error TS6133: 'BarChart' is declared but its value is never read.
src/components/Admin/ReportsAnalytics.tsx(31,3): error TS6133: 'Bar' is declared but its value is never read.
src/components/Admin/RevenueMapping.tsx(6,8): error TS6133: 'React' is declared but its value is never read.
src/components/Admin/SchedulerJobEngine.tsx(1,8): error TS6133: 'React' is declared but its value is never read.
src/components/Admin/SchedulerJobEngine.tsx(11,3): error TS6133: 'AlertTriangle' is declared but its value is never read.
src/components/Admin/SchedulerJobEngine.tsx(15,3): error TS6133: 'Edit' is declared but its value is never read.
src/components/Admin/SchedulerJobEngine.tsx(62,10): error TS6133: 'loading' is declared but its value is never read.
src/components/Admin/SchedulerJobEngine.tsx(63,10): error TS6133: 'selectedJob' is declared but its value is never read.
src/components/Admin/SchedulerJobEngine.tsx(63,23): error TS6133: 'setSelectedJob' is declared but its value is never read.
src/components/Admin/SchedulerManager.tsx(31,7): error TS6133: 'JOB_TYPE_ICONS' is declared but its value is never read.
src/components/Admin/SecurityComplianceDashboard.tsx(6,8): error TS6133: 'React' is declared but its value is never read.
src/components/Admin/SecurityComplianceDashboard.tsx(11,3): error TS6133: 'Eye' is declared but its value is never read.
src/components/Admin/SecurityComplianceDashboard.tsx(12,3): error TS6133: 'Lock' is declared but its value is never read.
src/components/Admin/SecurityComplianceDashboard.tsx(13,3): error TS6133: 'FileText' is declared but its value is never read.
src/components/Admin/SecurityComplianceDashboard.tsx(15,3): error TS6133: 'Users' is declared but its value is never read.
src/components/Admin/SecurityComplianceDashboard.tsx(16,3): error TS6133: 'Clock' is declared but its value is never read.
src/components/Admin/SecurityComplianceDashboard.tsx(17,3): error TS6133: 'Settings' is declared but its value is never read.
src/components/Admin/SecurityComplianceDashboard.tsx(19,3): error TS6133: 'RefreshCw' is declared but its value is never read.
src/components/Admin/SecurityComplianceDashboard.tsx(20,3): error TS6133: 'Bell' is declared but its value is never read.
src/components/Admin/SecurityComplianceDashboard.tsx(23,3): error TS6133: 'Calendar' is declared but its value is never read.
src/components/Admin/SecurityComplianceDashboard.tsx(24,3): error TS6133: 'TrendingUp' is declared but its value is never read.
src/components/Admin/SecurityComplianceDashboard.tsx(27,3): error TS6133: 'AlertCircle' is declared but its value is never read.
src/components/Admin/SystemHealthDashboard.tsx(1,8): error TS6133: 'React' is declared but its value is never read.
src/components/Admin/SystemIntegrationChannel.tsx(10,17): error TS6133: 'Lock' is declared but its value is never read.
src/components/Admin/SystemIntegrationChannel.tsx(10,28): error TS6133: 'Save' is declared but its value is never read.
src/components/Admin/SystemIntegrationChannel.tsx(10,34): error TS6133: 'CheckCircle2' is declared but its value is never read.
src/components/Admin/SystemIntegrationChannel.tsx(10,48): error TS6133: 'Plus' is declared but its value is never read.
src/components/Admin/SystemIntegrationChannel.tsx(10,54): error TS6133: 'Trash2' is declared but its value is never read.
src/components/Admin/SystemIntegrationChannel.tsx(11,42): error TS6133: 'Server' is declared but its value is never read.
src/components/Admin/SystemIntegrationChannel.tsx(12,18): error TS6133: 'Settings' is declared but its value is never read.
src/components/Admin/SystemIntegrationChannel.tsx(52,9): error TS6133: 'globalHotelSettings' is declared but its value is never read.
src/components/Admin/SystemIntegrationChannel.tsx(137,19): error TS6133: 'setDevices' is declared but its value is never read.
src/components/Admin/UserManagementSecurity.tsx(15,29): error TS6133: 'Building2' is declared but its value is never read.
src/components/Admin/UserManagementSecurity.tsx(577,9): error TS6133: 'deptsWithRoles' is declared but its value is never read.
src/components/Admin/UserManagementSecurity.tsx(1712,25): error TS6133: 'module' is declared but its value is never read.
src/components/Admin/UserManagementSecurity.tsx(1973,25): error TS6133: 'module' is declared but its value is never read.
src/components/Admin/WorkflowEngine.tsx(6,8): error TS6133: 'React' is declared but its value is never read.
src/components/Admin/WorkflowEngine.tsx(13,3): error TS6133: 'Send' is declared but its value is never read.
src/components/Admin/WorkflowEngine.tsx(14,3): error TS6133: 'User' is declared but its value is never read.
src/components/Admin/WorkflowEngine.tsx(19,3): error TS6133: 'MoreHorizontal' is declared but its value is never read.
src/components/Admin/WorkflowEngine.tsx(34,27): error TS6133: 'ApprovalCategory' is declared but its value is never read.
src/components/Admin/WorkflowEngine.tsx(34,45): error TS6133: 'ApprovalStatus' is declared but its value is never read.
src/components/Admin/WorkflowEngine.tsx(147,11): error TS6133: 'item' is declared but its value is never read.
src/components/AirportShuttleModal.tsx(1,1): error TS6133: 'React' is declared but its value is never read.
src/components/Analytics/BusinessIntelligenceDashboard.tsx(6,8): error TS6133: 'React' is declared but its value is never read.
src/components/Analytics/BusinessIntelligenceDashboard.tsx(18,3): error TS6133: 'LineChart' is declared but its value is never read.
src/components/Analytics/CustomReportBuilder.tsx(6,8): error TS6133: 'React' is declared but its value is never read.
src/components/Analytics/CustomReportBuilder.tsx(13,3): error TS6133: 'Calendar' is declared but its value is never read.
src/components/Analytics/CustomReportBuilder.tsx(14,3): error TS6133: 'Filter' is declared but its value is never read.
src/components/Analytics/CustomReportBuilder.tsx(15,3): error TS6133: 'Download' is declared but its value is never read.
src/components/Analytics/CustomReportBuilder.tsx(19,3): error TS6133: 'GripVertical' is declared but its value is never read.
src/components/Analytics/CustomReportBuilder.tsx(20,3): error TS6133: 'X' is declared but its value is never read.
src/components/Analytics/CustomReportBuilder.tsx(119,31): error TS6133: 'type' is declared but its value is never read.
src/components/Analytics/CustomReportBuilder.tsx(136,10): error TS6133: 'selectedWidget' is declared but its value is never read.
src/components/Analytics/CustomReportBuilder.tsx(136,26): error TS6133: 'setSelectedWidget' is declared but its value is never read.
src/components/Analytics/LoyaltyProgramEngine.tsx(6,8): error TS6133: 'React' is declared but its value is never read.
src/components/Analytics/LoyaltyProgramEngine.tsx(10,3): error TS6133: 'Gem' is declared but its value is never read.
src/components/Analytics/LoyaltyProgramEngine.tsx(15,3): error TS6133: 'Calendar' is declared but its value is never read.
src/components/Analytics/LoyaltyProgramEngine.tsx(24,3): error TS6133: 'Clock' is declared but its value is never read.
src/components/AnalyticsDashboard.tsx(6,1): error TS6133: 'React' is declared but its value is never read.
src/components/AnalyticsDashboard.tsx(25,3): error TS6133: 'ShieldCheck' is declared but its value is never read.
src/components/AnalyticsDashboard.tsx(26,3): error TS6133: 'Briefcase' is declared but its value is never read.
src/components/AnalyticsDashboard.tsx(33,39): error TS6133: 'groupBookings' is declared but its value is never read.
src/components/BookingPage.tsx(31,3): error TS6133: 'Trash2' is declared but its value is never read.
src/components/BookingPage.tsx(43,3): error TS6133: 'Percent' is declared but its value is never read.
src/components/BookingPage.tsx(44,3): error TS6133: 'ClipboardCheck' is declared but its value is never read.
src/components/BookingPage.tsx(305,10): error TS6133: 'seasons' is declared but its value is never read.
src/components/BookingPage.tsx(631,36): error TS2339: Property 'baseRate' does not exist on type 'PublicRoom'.
src/components/BookingPage.tsx(667,11): error TS18048: 'pricing.subtotal' is possibly 'undefined'.
src/components/BookingPage.tsx(670,25): error TS18048: 'pricing.subtotal' is possibly 'undefined'.
src/components/BookingPage.tsx(686,9): error TS7022: 'finalPricing' implicitly has type 'any' because it does not have a type annotation and is referenced directly or indirectly in its own initializer.
src/components/BookingPage.tsx(686,32): error TS7024: Function implicitly has return type 'any' because it does not have a return type annotation and is referenced directly or indirectly in one of its return expressions.
src/components/BookingPage.tsx(3103,45): error TS2339: Property 'baseRate' does not exist on type 'PublicRoom'.
src/components/Engineering/AssetManagement.tsx(5,3): error TS6133: 'Search' is declared but its value is never read.
src/components/Engineering/AssetManagement.tsx(6,3): error TS6133: 'Filter' is declared but its value is never read.
src/components/Engineering/AssetManagement.tsx(8,3): error TS6133: 'Calendar' is declared but its value is never read.
src/components/Engineering/AssetManagement.tsx(10,3): error TS6133: 'Activity' is declared but its value is never read.
src/components/Engineering/AssetManagement.tsx(11,3): error TS6133: 'MoreVertical' is declared but its value is never read.
src/components/Engineering/AssetManagement.tsx(14,3): error TS6133: 'Clipboard' is declared but its value is never read.
src/components/Engineering/AssetManagement.tsx(23,3): error TS6133: 'X' is declared but its value is never read.
src/components/Engineering/AssetManagement.tsx(27,36): error TS6133: 'updateAsset' is declared but its value is never read.
src/components/Engineering/AssetManagement.tsx(63,18): error TS6133: 'setAssets' is declared but its value is never read.
src/components/Engineering/ComplianceModule.tsx(5,3): error TS6133: 'AlertTriangle' is declared but its value is never read.
src/components/Engineering/ComplianceModule.tsx(9,3): error TS6133: 'ArrowRight' is declared but its value is never read.
src/components/Engineering/ComplianceModule.tsx(13,3): error TS6133: 'Activity' is declared but its value is never read.
src/components/Engineering/ComplianceModule.tsx(14,3): error TS6133: 'CheckCircle2' is declared but its value is never read.
src/components/Engineering/ComplianceModule.tsx(15,3): error TS6133: 'Clock' is declared but its value is never read.
src/components/Engineering/EngineeringDashboard.tsx(12,3): error TS6133: 'BarChart3' is declared but its value is never read.
src/components/Engineering/EngineeringDashboard.tsx(146,44): error TS6133: 'entry' is declared but its value is never read.
src/components/Engineering/EngineeringPortal.tsx(2,17): error TS6133: 'useState' is declared but its value is never read.
src/components/Engineering/EngineeringPortal.tsx(3,1): error TS6192: All imports in import declaration are unused.
src/components/Engineering/EngineeringPortal.tsx(22,1): error TS6133: 'MaintenanceManagement' is declared but its value is never read.
src/components/Engineering/InventoryModule.tsx(5,3): error TS6133: 'Search' is declared but its value is never read.
src/components/Engineering/InventoryModule.tsx(6,3): error TS6133: 'Filter' is declared but its value is never read.
src/components/Engineering/InventoryModule.tsx(9,3): error TS6133: 'ArrowDownRight' is declared but its value is never read.
src/components/Engineering/InventoryModule.tsx(13,3): error TS6133: 'Wrench' is declared but its value is never read.
src/components/Engineering/InventoryModule.tsx(14,3): error TS6133: 'ShoppingBag' is declared but its value is never read.
src/components/Engineering/InventoryModule.tsx(23,17): error TS6133: 'setParts' is declared but its value is never read.
src/components/Engineering/InventoryModule.tsx(31,17): error TS6133: 'setTools' is declared but its value is never read.
src/components/Engineering/MaintenanceManagement.tsx(7,3): error TS6133: 'Clock' is declared but its value is never read.
src/components/Engineering/MaintenanceManagement.tsx(9,3): error TS6133: 'ChevronRight' is declared but its value is never read.
src/components/Engineering/MaintenanceManagement.tsx(11,3): error TS6133: 'Box' is declared but its value is never read.
src/components/Engineering/MaintenanceManagement.tsx(12,3): error TS6133: 'History' is declared but its value is never read.
src/components/Engineering/MaintenanceManagement.tsx(13,3): error TS6133: 'FileText' is declared but its value is never read.
src/components/Engineering/MaintenanceManagement.tsx(14,3): error TS6133: 'Filter' is declared but its value is never read.
src/components/Engineering/MaintenanceManagement.tsx(17,18): error TS6133: 'PMFrequency' is declared but its value is never read.
src/components/Engineering/MaintenanceManagement.tsx(20,19): error TS6133: 'setPmTasks' is declared but its value is never read.
src/components/Engineering/PreventiveMaintenanceScheduler.tsx(4,29): error TS6133: 'ChevronRight' is declared but its value is never read.
src/components/Engineering/PreventiveMaintenanceScheduler.tsx(14,7): error TS6133: 'fmt' is declared but its value is never read.
src/components/Engineering/RoomMaintenanceModule.tsx(4,3): error TS6133: 'Home' is declared but its value is never read.
src/components/Engineering/RoomMaintenanceModule.tsx(5,3): error TS6133: 'Search' is declared but its value is never read.
src/components/Engineering/RoomMaintenanceModule.tsx(6,3): error TS6133: 'Filter' is declared but its value is never read.
src/components/Engineering/RoomMaintenanceModule.tsx(15,3): error TS6133: 'Wifi' is declared but its value is never read.
src/components/Engineering/RoomMaintenanceModule.tsx(17,3): error TS6133: 'Tv' is declared but its value is never read.
src/components/Engineering/RoomMaintenanceModule.tsx(18,3): error TS6133: 'Bath' is declared but its value is never read.
src/components/Engineering/StaffManagement.tsx(4,3): error TS6133: 'Users' is declared but its value is never read.
src/components/Engineering/StaffManagement.tsx(6,3): error TS6133: 'MapPin' is declared but its value is never read.
src/components/Engineering/StaffManagement.tsx(8,3): error TS6133: 'Star' is declared but its value is never read.
src/components/Engineering/StaffManagement.tsx(10,3): error TS6133: 'TrendingUp' is declared but its value is never read.
src/components/Engineering/UtilitiesManagement.tsx(8,3): error TS6133: 'Sun' is declared but its value is never read.
src/components/Engineering/UtilitiesManagement.tsx(14,3): error TS6133: 'Gauge' is declared but its value is never read.
src/components/Engineering/UtilitiesManagement.tsx(15,3): error TS6133: 'Thermometer' is declared but its value is never read.
src/components/Engineering/UtilitiesManagement.tsx(19,3): error TS6133: 'ArrowRight' is declared but its value is never read.
src/components/Engineering/UtilitiesManagement.tsx(23,3): error TS6133: 'LineChart' is declared but its value is never read.
src/components/Engineering/UtilitiesManagement.tsx(24,3): error TS6133: 'Line' is declared but its value is never read.
src/components/Engineering/UtilitiesManagement.tsx(27,3): error TS6133: 'CartesianGrid' is declared but its value is never read.
src/components/Engineering/WorkOrderManagement.tsx(4,3): error TS6133: 'Search' is declared but its value is never read.
src/components/Engineering/WorkOrderManagement.tsx(5,3): error TS6133: 'Filter' is declared but its value is never read.
src/components/Engineering/WorkOrderManagement.tsx(7,3): error TS6133: 'Clock' is declared but its value is never read.
src/components/Engineering/WorkOrderManagement.tsx(10,3): error TS6133: 'CheckCircle2' is declared but its value is never read.
src/components/Engineering/WorkOrderManagement.tsx(11,3): error TS6133: 'MoreVertical' is declared but its value is never read.
src/components/Engineering/WorkOrderManagement.tsx(13,3): error TS6133: 'MessageSquare' is declared but its value is never read.
src/components/Engineering/WorkOrderManagement.tsx(18,57): error TS6133: 'WorkOrderType' is declared but its value is never read.
src/components/Engineering/WorkOrderManagement.tsx(22,22): error TS6133: 'setWorkOrders' is declared but its value is never read.
src/components/Engineering/WorkOrderManagement.tsx(57,7): error TS2322: Type '"Parts Requested"' is not assignable to type 'WorkOrderStatus'.
src/components/Finance/AccountsPayable.tsx(1,8): error TS6133: 'React' is declared but its value is never read.
src/components/Finance/AccountsPayable.tsx(4,3): error TS6133: 'ArrowUpRight' is declared but its value is never read.
src/components/Finance/AccountsPayable.tsx(6,3): error TS6133: 'Search' is declared but its value is never read.
src/components/Finance/AccountsPayable.tsx(7,3): error TS6133: 'Filter' is declared but its value is never read.
src/components/Finance/AccountsPayable.tsx(11,3): error TS6133: 'CheckCircle2' is declared but its value is never read.
src/components/Finance/AccountsPayable.tsx(13,3): error TS6133: 'Clock' is declared but its value is never read.
src/components/Finance/AccountsPayable.tsx(14,3): error TS6133: 'ExternalLink' is declared but its value is never read.
src/components/Finance/AccountsPayable.tsx(17,3): error TS6133: 'FileText' is declared but its value is never read.
src/components/Finance/AccountsPayable.tsx(18,3): error TS6133: 'DollarSign' is declared but its value is never read.
src/components/Finance/AccountsPayable.tsx(19,3): error TS6133: 'Building2' is declared but its value is never read.
src/components/Finance/AccountsPayable.tsx(20,3): error TS6133: 'User' is declared but its value is never read.
src/components/Finance/AccountsPayable.tsx(26,3): error TS6133: 'Send' is declared but its value is never read.
src/components/Finance/AccountsPayable.tsx(51,10): error TS6133: 'loading' is declared but its value is never read.
src/components/Finance/AccountsPayable.tsx(52,10): error TS6133: 'error' is declared but its value is never read.
src/components/Finance/AccountsPayable.tsx(410,89): error TS18047: 'selectedVendor' is possibly 'null'.
src/components/Finance/AccountsPayable.tsx(417,89): error TS18047: 'selectedVendor' is possibly 'null'.
src/components/Finance/AccountsPayable.tsx(426,87): error TS18047: 'selectedVendor' is possibly 'null'.
src/components/Finance/AccountsPayable.tsx(433,98): error TS18047: 'selectedVendor' is possibly 'null'.
src/components/Finance/AccountsPayable.tsx(439,74): error TS18047: 'selectedVendor' is possibly 'null'.
src/components/Finance/AccountsPayable.tsx(448,77): error TS18047: 'selectedVendor' is possibly 'null'.
src/components/Finance/AccountsPayable.tsx(452,90): error TS18047: 'selectedVendor' is possibly 'null'.
src/components/Finance/AccountsPayable.tsx(722,87): error TS18047: 'selectedBill' is possibly 'null'.
src/components/Finance/AccountsPayable.tsx(726,87): error TS18047: 'selectedBill' is possibly 'null'.
src/components/Finance/AccountsPayable.tsx(730,87): error TS18047: 'selectedBill' is possibly 'null'.
src/components/Finance/AccountsPayable.tsx(747,24): error TS18047: 'selectedBill' is possibly 'null'.
src/components/Finance/AccountsPayable.tsx(764,82): error TS18047: 'selectedBill' is possibly 'null'.
src/components/Finance/AccountsPayable.tsx(768,82): error TS18047: 'selectedBill' is possibly 'null'.
src/components/Finance/AccountsPayable.tsx(771,45): error TS18047: 'selectedBill' is possibly 'null'.
src/components/Finance/AccountsPayable.tsx(771,78): error TS18047: 'selectedBill' is possibly 'null'.
src/components/Finance/AccountsPayable.tsx(772,52): error TS18047: 'selectedBill' is possibly 'null'.
src/components/Finance/AccountsPayable.tsx(777,76): error TS18047: 'selectedBill' is possibly 'null'.
src/components/Finance/AccountsPayable.tsx(785,19): error TS18047: 'selectedBill' is possibly 'null'.
src/components/Finance/AccountsPayable.tsx(785,56): error TS18047: 'selectedBill' is possibly 'null'.
src/components/Finance/AccountsPayable.tsx(785,93): error TS18047: 'selectedBill' is possibly 'null'.
src/components/Finance/AccountsPayable.tsx(785,138): error TS18047: 'selectedBill' is possibly 'null'.
src/components/Finance/AccountsPayable.tsx(787,50): error TS2345: Argument of type 'Bill | null' is not assignable to parameter of type 'Bill'.
  Type 'null' is not assignable to type 'Bill'.
src/components/Finance/AccountsReceivable.tsx(1,8): error TS6133: 'React' is declared but its value is never read.
src/components/Finance/AssetManagement.tsx(1,1): error TS6133: 'React' is declared but its value is never read.
src/components/Finance/AssetManagement.tsx(6,3): error TS6133: 'Settings' is declared but its value is never read.
src/components/Finance/AssetManagement.tsx(9,3): error TS6133: 'CheckCircle2' is declared but its value is never read.
src/components/Finance/AssetManagement.tsx(10,3): error TS6133: 'AlertTriangle' is declared but its value is never read.
src/components/Finance/AssetManagement.tsx(11,3): error TS6133: 'Search' is declared but its value is never read.
src/components/Finance/AssetManagement.tsx(12,3): error TS6133: 'Filter' is declared but its value is never read.
src/components/Finance/B2BOperatorPortal.tsx(3,31): error TS6133: 'ChevronDown' is declared but its value is never read.
src/components/Finance/B2BOperatorPortal.tsx(3,44): error TS6133: 'ChevronUp' is declared but its value is never read.
src/components/Finance/B2BOperatorPortal.tsx(4,17): error TS6133: 'FileText' is declared but its value is never read.
src/components/Finance/B2BOperatorPortal.tsx(4,27): error TS6133: 'CheckCircle2' is declared but its value is never read.
src/components/Finance/B2BOperatorPortal.tsx(4,41): error TS6133: 'AlertCircle' is declared but its value is never read.
src/components/Finance/B2BOperatorPortal.tsx(5,3): error TS6133: 'Package' is declared but its value is never read.
src/components/Finance/B2BOperatorPortal.tsx(5,39): error TS6133: 'Percent' is declared but its value is never read.
src/components/Finance/BankReconciliation.tsx(1,8): error TS6133: 'React' is declared but its value is never read.
src/components/Finance/BankReconciliation.tsx(10,3): error TS6133: 'Banknote' is declared but its value is never read.
src/components/Finance/BankReconciliation.tsx(11,3): error TS6133: 'Calendar' is declared but its value is never read.
src/components/Finance/BankReconciliation.tsx(36,10): error TS6133: 'selectedBank' is declared but its value is never read.
src/components/Finance/BankReconciliation.tsx(36,24): error TS6133: 'setSelectedBank' is declared but its value is never read.
src/components/Finance/BankReconciliation.tsx(37,10): error TS6133: 'loading' is declared but its value is never read.
src/components/Finance/BankReconciliation.tsx(38,10): error TS6133: 'error' is declared but its value is never read.
src/components/Finance/BankReconciliation.tsx(42,10): error TS6133: 'reconciliationBatches' is declared but its value is never read.
src/components/Finance/BankReconciliation.tsx(82,31): error TS2345: Argument of type '{ accountNumber: string; accountName: string; bankName: string; currency: string; }' is not assignable to parameter of type 'Omit<BankAccount, "id" | "status" | "created_at" | "updated_at" | "balance" | "last_reconciled_date">'.
  Type '{ accountNumber: string; accountName: string; bankName: string; currency: string; }' is missing the following properties from type 'Omit<BankAccount, "id" | "status" | "created_at" | "updated_at" | "balance" | "last_reconciled_date">': account_number, account_name, bank_name
src/components/Finance/BankReconciliation.tsx(97,9): error TS6133: 'handleImportStatement' is declared but its value is never read.
src/components/Finance/BankReconciliation.tsx(107,9): error TS6133: 'handleMatchLine' is declared but its value is never read.
src/components/Finance/BankReconciliation.tsx(117,9): error TS6133: 'handleCreateBatch' is declared but its value is never read.
src/components/Finance/BudgetAnalysis.tsx(1,8): error TS6133: 'React' is declared but its value is never read.
src/components/Finance/CashManagement.tsx(4,3): error TS6133: 'ArrowUpRight' is declared but its value is never read.
src/components/Finance/CashManagement.tsx(5,3): error TS6133: 'ArrowDownRight' is declared but its value is never read.
src/components/Finance/CashManagement.tsx(6,3): error TS6133: 'Search' is declared but its value is never read.
src/components/Finance/CashManagement.tsx(7,3): error TS6133: 'Filter' is declared but its value is never read.
src/components/Finance/CashManagement.tsx(12,3): error TS6133: 'CheckCircle2' is declared but its value is never read.
src/components/Finance/CashManagement.tsx(13,3): error TS6133: 'AlertCircle' is declared but its value is never read.
src/components/Finance/CashManagement.tsx(17,3): error TS6133: 'X' is declared but its value is never read.
src/components/Finance/CashManagement.tsx(23,1): error TS6192: All imports in import declaration are unused.
src/components/Finance/CashManagement.tsx(143,52): error TS2339: Property 'status' does not exist on type 'ChartOfAccount'.
src/components/Finance/ErcaVatExport.tsx(1,8): error TS6133: 'React' is declared but its value is never read.
src/components/Finance/ErcaVatExport.tsx(6,3): error TS6133: 'Calendar' is declared but its value is never read.
src/components/Finance/Expenses/ExpenseBudgetControl.tsx(1,1): error TS6133: 'React' is declared but its value is never read.
src/components/Finance/Expenses/ExpenseBudgetControl.tsx(8,15): error TS6133: 'PieIcon' is declared but its value is never read.
src/components/Finance/Expenses/ExpenseBudgetControl.tsx(9,3): error TS6133: 'BarChart3' is declared but its value is never read.
src/components/Finance/Expenses/ExpenseBudgetControl.tsx(10,3): error TS6133: 'Search' is declared but its value is never read.
src/components/Finance/Expenses/ExpenseBudgetControl.tsx(11,3): error TS6133: 'Filter' is declared but its value is never read.
src/components/Finance/Expenses/ExpenseBudgetControl.tsx(12,3): error TS6133: 'CheckCircle2' is declared but its value is never read.
src/components/Finance/Expenses/ExpenseDashboard.tsx(1,1): error TS6133: 'React' is declared but its value is never read.
src/components/Finance/Expenses/ExpenseDashboard.tsx(3,3): error TS6133: 'TrendingUp' is declared but its value is never read.
src/components/Finance/Expenses/ExpenseDashboard.tsx(4,3): error TS6133: 'TrendingDown' is declared but its value is never read.
src/components/Finance/Expenses/ExpenseDashboard.tsx(7,3): error TS6133: 'CheckCircle' is declared but its value is never read.
src/components/Finance/Expenses/ExpenseDashboard.tsx(8,3): error TS6133: 'AlertCircle' is declared but its value is never read.
src/components/Finance/Expenses/ExpenseDashboard.tsx(10,3): error TS6133: 'BarChart3' is declared but its value is never read.
src/components/Finance/Expenses/ExpenseDashboard.tsx(11,15): error TS6133: 'PieIcon' is declared but its value is never read.
src/components/Finance/Expenses/ExpenseDashboard.tsx(27,3): error TS6133: 'BarChart' is declared but its value is never read.
src/components/Finance/Expenses/ExpenseDashboard.tsx(28,3): error TS6133: 'Bar' is declared but its value is never read.
src/components/Finance/Expenses/ExpenseDashboard.tsx(126,38): error TS6133: 'entry' is declared but its value is never read.
src/components/Finance/Expenses/ExpensePortal.tsx(10,3): error TS6133: 'ArrowLeft' is declared but its value is never read.
src/components/Finance/Expenses/ExpensePortal.tsx(21,1): error TS6192: All imports in import declaration are unused.
src/components/Finance/Expenses/ExpensePortal.tsx(22,1): error TS6133: 'X' is declared but its value is never read.
src/components/Finance/Expenses/ExpensePortal.tsx(77,25): error TS2345: Argument of type '{ department: string; category: string; subcategory: string; description: string; amount: number; status: "Approved"; requestedBy: string; attachments: number; priority: any; isGrn: true; grnId: string; supplierName: string; }' is not assignable to parameter of type 'Omit<ExpenseRequest, "id">'.
  Property 'date' is missing in type '{ department: string; category: string; subcategory: string; description: string; amount: number; status: "Approved"; requestedBy: string; attachments: number; priority: any; isGrn: true; grnId: string; supplierName: string; }' but required in type 'Omit<ExpenseRequest, "id">'.
src/components/Finance/Expenses/ExpenseRegistry.tsx(1,1): error TS6133: 'React' is declared but its value is never read.
src/components/Finance/Expenses/ExpenseRegistry.tsx(4,3): error TS6133: 'Search' is declared but its value is never read.
src/components/Finance/Expenses/ExpenseRegistry.tsx(5,3): error TS6133: 'Filter' is declared but its value is never read.
src/components/Finance/Expenses/ExpenseRegistry.tsx(6,3): error TS6133: 'Plus' is declared but its value is never read.
src/components/Finance/Expenses/ExpenseRegistry.tsx(8,3): error TS6133: 'CheckCircle' is declared but its value is never read.
src/components/Finance/Expenses/ExpenseRegistry.tsx(9,3): error TS6133: 'Clock' is declared but its value is never read.
src/components/Finance/Expenses/ExpenseRegistry.tsx(10,3): error TS6133: 'XCircle' is declared but its value is never read.
src/components/Finance/Expenses/ExpenseRegistry.tsx(11,3): error TS6133: 'ChevronRight' is declared but its value is never read.
src/components/Finance/Expenses/ExpenseRegistry.tsx(14,3): error TS6133: 'Paperclip' is declared but its value is never read.
src/components/Finance/Expenses/ExpenseRegistry.tsx(16,3): error TS6133: 'DollarSign' is declared but its value is never read.
src/components/Finance/Expenses/ExpenseRegistry.tsx(98,22): error TS6133: 'exp' is declared but its value is never read.
src/components/Finance/Expenses/PettyCashManagement.tsx(1,1): error TS6133: 'React' is declared but its value is never read.
src/components/Finance/Expenses/PettyCashManagement.tsx(4,3): error TS6133: 'ArrowUpRight' is declared but its value is never read.
src/components/Finance/Expenses/PettyCashManagement.tsx(5,3): error TS6133: 'ArrowDownRight' is declared but its value is never read.
src/components/Finance/Expenses/PettyCashManagement.tsx(6,3): error TS6133: 'History' is declared but its value is never read.
src/components/Finance/Expenses/PettyCashManagement.tsx(7,3): error TS6133: 'Plus' is declared but its value is never read.
src/components/Finance/Expenses/PettyCashManagement.tsx(12,3): error TS6133: 'Search' is declared but its value is never read.
src/components/Finance/Expenses/ReimbursementClaims.tsx(1,1): error TS6133: 'React' is declared but its value is never read.
src/components/Finance/Expenses/ReimbursementClaims.tsx(8,3): error TS6133: 'MoreVertical' is declared but its value is never read.
src/components/Finance/Expenses/ReimbursementClaims.tsx(9,3): error TS6133: 'ArrowUpRight' is declared but its value is never read.
src/components/Finance/Expenses/ReimbursementClaims.tsx(10,3): error TS6133: 'Search' is declared but its value is never read.
src/components/Finance/Expenses/ReimbursementClaims.tsx(11,3): error TS6133: 'Filter' is declared but its value is never read.
src/components/Finance/Expenses/ReimbursementClaims.tsx(14,3): error TS6133: 'ExternalLink' is declared but its value is never read.
src/components/Finance/Expenses/TransportLogistics.tsx(1,1): error TS6133: 'React' is declared but its value is never read.
src/components/Finance/Expenses/TransportLogistics.tsx(6,3): error TS6133: 'FileText' is declared but its value is never read.
src/components/Finance/Expenses/TransportLogistics.tsx(7,3): error TS6133: 'TrendingUp' is declared but its value is never read.
src/components/Finance/Expenses/TransportLogistics.tsx(8,3): error TS6133: 'TrendingDown' is declared but its value is never read.
src/components/Finance/Expenses/TransportLogistics.tsx(9,3): error TS6133: 'AlertCircle' is declared but its value is never read.
src/components/Finance/Expenses/TransportLogistics.tsx(11,3): error TS6133: 'Search' is declared but its value is never read.
src/components/Finance/Expenses/TransportLogistics.tsx(14,3): error TS6133: 'Navigation' is declared but its value is never read.
src/components/Finance/Expenses/TransportLogistics.tsx(16,3): error TS6133: 'History' is declared but its value is never read.
src/components/Finance/Expenses/TransportLogistics.tsx(26,3): error TS6133: 'Cell' is declared but its value is never read.
src/components/Finance/Expenses/TransportLogistics.tsx(27,3): error TS6133: 'LineChart' is declared but its value is never read.
src/components/Finance/Expenses/TransportLogistics.tsx(28,3): error TS6133: 'Line' is declared but its value is never read.
src/components/Finance/FinanceDashboard.tsx(1,1): error TS6133: 'React' is declared but its value is never read.
src/components/Finance/FinancialStatements.tsx(1,8): error TS6133: 'React' is declared but its value is never read.
src/components/Finance/FinancialStatements.tsx(7,3): error TS6133: 'FileText' is declared but its value is never read.
src/components/Finance/FinancialStatements.tsx(8,3): error TS6133: 'Calendar' is declared but its value is never read.
src/components/Finance/FixedAssets.tsx(1,8): error TS6133: 'React' is declared but its value is never read.
src/components/Finance/FixedAssets.tsx(10,3): error TS6133: 'Truck' is declared but its value is never read.
src/components/Finance/FixedAssets.tsx(11,3): error TS6133: 'Laptop' is declared but its value is never read.
src/components/Finance/FixedAssets.tsx(12,3): error TS6133: 'Calendar' is declared but its value is never read.
src/components/Finance/FixedAssets.tsx(14,3): error TS6133: 'BarChart3' is declared but its value is never read.
src/components/Finance/FixedAssets.tsx(17,3): error TS6133: 'ArrowRight' is declared but its value is never read.
src/components/Finance/FixedAssets.tsx(34,10): error TS6133: 'selectedAsset' is declared but its value is never read.
src/components/Finance/FixedAssets.tsx(35,10): error TS6133: 'loading' is declared but its value is never read.
src/components/Finance/FixedAssets.tsx(36,10): error TS6133: 'error' is declared but its value is never read.
src/components/Finance/FixedAssets.tsx(79,30): error TS2345: Argument of type '{ assetCode: string; assetName: string; assetCategory: string; description: string; location: string; purchaseDate: string; purchaseCost: number; salvageValue: number; usefulLifeYears: number; depreciationMethod: string; }' is not assignable to parameter of type 'Omit<FixedAsset, "id" | "status" | "created_at" | "updated_at" | "accumulated_depreciation" | "net_book_value" | "disposal_date" | "disposal_value">'.
  Type '{ assetCode: string; assetName: string; assetCategory: string; description: string; location: string; purchaseDate: string; purchaseCost: number; salvageValue: number; usefulLifeYears: number; depreciationMethod: string; }' is missing the following properties from type 'Omit<FixedAsset, "id" | "status" | "created_at" | "updated_at" | "accumulated_depreciation" | "net_book_value" | "disposal_date" | "disposal_value">': asset_code, asset_name, asset_category, purchase_date, and 4 more.
src/components/Finance/FixedAssets.tsx(100,9): error TS6133: 'handleCalculateDepreciation' is declared but its value is never read.
src/components/Finance/FixedAssets.tsx(110,9): error TS6133: 'handleDisposeAsset' is declared but its value is never read.
src/components/Finance/FixedAssets.tsx(120,9): error TS6133: 'handleViewSchedule' is declared but its value is never read.
src/components/Finance/FixedAssets.tsx(232,22): error TS6133: 'a' is declared but its value is never read.
src/components/Finance/GeneralLedger.tsx(3,3): error TS6133: 'BarChart' is declared but its value is never read.
src/components/Finance/GeneralLedger.tsx(4,3): error TS6133: 'Bar' is declared but its value is never read.
src/components/Finance/GeneralLedger.tsx(10,3): error TS6133: 'Cell' is declared but its value is never read.
src/components/Finance/GeneralLedger.tsx(24,3): error TS6133: 'Filter' is declared but its value is never read.
src/components/Finance/GeneralLedger.tsx(30,3): error TS6133: 'AlertCircle' is declared but its value is never read.
src/components/Finance/GeneralLedger.tsx(143,20): error TS6133: 'setDateFrom' is declared but its value is never read.
src/components/Finance/GeneralLedger.tsx(144,18): error TS6133: 'setDateTo' is declared but its value is never read.
src/components/Finance/GeneralLedger.tsx(183,11): error TS6133: 'updatedJournals' is declared but its value is never read.
src/components/Finance/GeneralLedger.tsx(192,11): error TS6133: 'updatedJournals' is declared but its value is never read.
src/components/Finance/GeneralLedger.tsx(602,17): error TS2322: Type '(JournalEntry | { id: string; date: string; reference: string; description: string; status: string; createdBy: string; approvedBy: string; approvedAt: string; postedAt: string; amount: number; lines: { ...; }[]; } | { ...; } | { ...; })[]' is not assignable to type 'JournalEntry[]'.
  Type 'JournalEntry | { id: string; date: string; reference: string; description: string; status: string; createdBy: string; approvedBy: string; approvedAt: string; postedAt: string; amount: number; lines: { ...; }[]; } | { ...; } | { ...; }' is not assignable to type 'JournalEntry'.
    Type '{ id: string; date: string; reference: string; description: string; status: string; createdBy: string; approvedBy: string; approvedAt: string; postedAt: string; amount: number; lines: { id: string; accountId: string; accountName: string; description: string; debit: number; credit: number; }[]; }' is not assignable to type 'JournalEntry'.
      Types of property 'status' are incompatible.
        Type 'string' is not assignable to type '"Pending" | "Draft" | "Approved" | "Posted" | "Reversed"'.
src/components/Finance/GeneralLedger.tsx(827,84): error TS18047: 'selectedJournal' is possibly 'null'.
src/components/Finance/GeneralLedger.tsx(831,84): error TS18047: 'selectedJournal' is possibly 'null'.
src/components/Finance/GeneralLedger.tsx(835,98): error TS18047: 'selectedJournal' is possibly 'null'.
src/components/Finance/GeneralLedger.tsx(835,133): error TS18047: 'selectedJournal' is possibly 'null'.
src/components/Finance/GeneralLedger.tsx(840,20): error TS18047: 'selectedJournal' is possibly 'null'.
src/components/Finance/GeneralLedger.tsx(840,61): error TS18047: 'selectedJournal' is possibly 'null'.
src/components/Finance/GeneralLedger.tsx(849,89): error TS18047: 'selectedJournal' is possibly 'null'.
src/components/Finance/GeneralLedger.tsx(854,32): error TS18047: 'selectedJournal' is possibly 'null'.
src/components/Finance/GeneralLedger.tsx(854,48): error TS2551: Property 'approvedAt' does not exist on type 'JournalEntry'. Did you mean 'approvedBy'?
src/components/Finance/GeneralLedger.tsx(854,70): error TS18047: 'selectedJournal' is possibly 'null'.
src/components/Finance/GeneralLedger.tsx(854,86): error TS2551: Property 'approvedAt' does not exist on type 'JournalEntry'. Did you mean 'approvedBy'?
src/components/Finance/GeneralLedger.tsx(861,19): error TS18047: 'selectedJournal' is possibly 'null'.
src/components/Finance/GeneralLedger.tsx(870,29): error TS18047: 'selectedJournal' is possibly 'null'.
src/components/Finance/GeneralLedger.tsx(870,45): error TS2339: Property 'postedAt' does not exist on type 'JournalEntry'.
src/components/Finance/GeneralLedger.tsx(870,65): error TS18047: 'selectedJournal' is possibly 'null'.
src/components/Finance/GeneralLedger.tsx(870,81): error TS2339: Property 'postedAt' does not exist on type 'JournalEntry'.
src/components/Finance/GeneralLedger.tsx(879,25): error TS18047: 'selectedJournal' is possibly 'null'.
src/components/Finance/GeneralLedger.tsx(896,31): error TS18047: 'selectedJournal' is possibly 'null'.
src/components/Finance/GeneralLedger.tsx(896,67): error TS18047: 'selectedJournal' is possibly 'null'.
src/components/Finance/GeneralLedger.tsx(912,115): error TS18047: 'selectedJournal' is possibly 'null'.
src/components/Finance/GeneralLedger.tsx(912,150): error TS18047: 'selectedJournal' is possibly 'null'.
src/components/Finance/GeneralLedger.tsx(913,115): error TS18047: 'selectedJournal' is possibly 'null'.
src/components/Finance/GeneralLedger.tsx(913,150): error TS18047: 'selectedJournal' is possibly 'null'.
src/components/Finance/GeneralLedger.tsx(923,22): error TS18047: 'selectedJournal' is possibly 'null'.
src/components/Finance/GeneralLedger.tsx(925,64): error TS2345: Argument of type 'JournalEntry | null' is not assignable to parameter of type 'JournalEntry'.
  Type 'null' is not assignable to type 'JournalEntry'.
src/components/Finance/GeneralLedger.tsx(931,22): error TS18047: 'selectedJournal' is possibly 'null'.
src/components/Finance/GeneralLedger.tsx(931,22): error TS2367: This comparison appears to be unintentional because the types '"Pending" | "Draft" | "Approved" | "Posted" | "Reversed"' and '"Pending Approval"' have no overlap.
src/components/Finance/GeneralLedger.tsx(933,61): error TS2345: Argument of type 'JournalEntry | null' is not assignable to parameter of type 'JournalEntry'.
  Type 'null' is not assignable to type 'JournalEntry'.
src/components/Finance/GeneralLedger.tsx(939,22): error TS18047: 'selectedJournal' is possibly 'null'.
src/components/Finance/GeneralLedger.tsx(941,58): error TS2345: Argument of type 'JournalEntry | null' is not assignable to parameter of type 'JournalEntry'.
  Type 'null' is not assignable to type 'JournalEntry'.
src/components/Finance/GeneralLedger.tsx(947,22): error TS18047: 'selectedJournal' is possibly 'null'.
src/components/Finance/GeneralLedger.tsx(949,61): error TS2345: Argument of type 'JournalEntry | null' is not assignable to parameter of type 'JournalEntry'.
  Type 'null' is not assignable to type 'JournalEntry'.
src/components/Finance/PeriodClose.tsx(1,8): error TS6133: 'React' is declared but its value is never read.
src/components/Finance/PeriodClose.tsx(4,3): error TS6133: 'AlertCircle' is declared but its value is never read.
src/components/Finance/PeriodClose.tsx(10,3): error TS6133: 'DollarSign' is declared but its value is never read.
src/components/Finance/PeriodClose.tsx(11,3): error TS6133: 'TrendingUp' is declared but its value is never read.
src/components/Finance/PeriodClose.tsx(12,3): error TS6133: 'ShieldCheck' is declared but its value is never read.
src/components/Finance/PeriodClose.tsx(15,3): error TS6133: 'Play' is declared but its value is never read.
src/components/Finance/PeriodClose.tsx(16,3): error TS6133: 'Pause' is declared but its value is never read.
src/components/Finance/PeriodClose.tsx(18,3): error TS6133: 'Users' is declared but its value is never read.
src/components/Finance/PeriodClose.tsx(35,10): error TS6133: 'loading' is declared but its value is never read.
src/components/Finance/PeriodClose.tsx(36,10): error TS6133: 'error' is declared but its value is never read.
src/components/Finance/PeriodClose.tsx(96,36): error TS2345: Argument of type '{ periodName: string; periodStart: string; periodEnd: string; notes: string; }' is not assignable to parameter of type 'Omit<AccountingPeriod, "id" | "status" | "created_at" | "updated_at" | "closed_at" | "closed_by">'.
  Type '{ periodName: string; periodStart: string; periodEnd: string; notes: string; }' is missing the following properties from type 'Omit<AccountingPeriod, "id" | "status" | "created_at" | "updated_at" | "closed_at" | "closed_by">': period_start, period_end, period_name
src/components/Finance/PeriodClose.tsx(154,13): error TS2322: Type 'string | null' is not assignable to type 'string | number | readonly string[] | undefined'.
  Type 'null' is not assignable to type 'string | number | readonly string[] | undefined'.
src/components/Finance/SalesRegistry.tsx(2,18): error TS6133: 'AnimatePresence' is declared but its value is never read.
src/components/Finance/SalesRegistry.tsx(18,3): error TS6133: 'Hash' is declared but its value is never read.
src/components/Finance/SalesRegistry.tsx(22,3): error TS6133: 'ArrowUpDown' is declared but its value is never read.
src/components/Finance/SalesRegistry.tsx(24,3): error TS6133: 'RefreshCw' is declared but its value is never read.
src/components/Finance/SalesRegistry.tsx(25,3): error TS6133: 'Plus' is declared but its value is never read.
src/components/Finance/SalesRegistry.tsx(26,3): error TS6133: 'Clock' is declared but its value is never read.
src/components/Finance/SalesRegistry.tsx(43,10): error TS6133: 'allotments' is declared but its value is never read.
src/components/Finance/SalesRegistry.tsx(44,10): error TS6133: 'loadingAllotments' is declared but its value is never read.
src/components/Finance/TaxCompliance.tsx(1,8): error TS6133: 'React' is declared but its value is never read.
src/components/Finance/TaxCompliance.tsx(8,3): error TS6133: 'AlertCircle' is declared but its value is never read.
src/components/Finance/TaxCompliance.tsx(9,3): error TS6133: 'CheckCircle2' is declared but its value is never read.
src/components/Finance/TaxCompliance.tsx(11,3): error TS6133: 'Search' is declared but its value is never read.
src/components/Finance/TaxCompliance.tsx(12,3): error TS6133: 'Filter' is declared but its value is never read.
src/components/Finance/TaxCompliance.tsx(92,22): error TS6133: 'item' is declared but its value is never read.
src/components/Finance/TaxCompliance.tsx(159,22): error TS6133: 'item' is declared but its value is never read.
src/components/Finance/TaxCompliance.tsx(226,22): error TS6133: 'item' is declared but its value is never read.
src/components/Finance/TrialBalance.tsx(1,8): error TS6133: 'React' is declared but its value is never read.
src/components/Finance/TrialBalance.tsx(5,3): error TS6133: 'FileText' is declared but its value is never read.
src/components/Finance/TrialBalance.tsx(6,3): error TS6133: 'Calendar' is declared but its value is never read.
src/components/Finance/TrialBalance.tsx(10,3): error TS6133: 'Filter' is declared but its value is never read.
src/components/Finance/USALIReporting.tsx(6,8): error TS6133: 'React' is declared but its value is never read.
src/components/Finance/USALIReporting.tsx(13,3): error TS6133: 'Filter' is declared but its value is never read.
src/components/FoodBeverage/BanquetModals.tsx(6,1): error TS6133: 'React' is declared but its value is never read.
src/components/FoodBeverage/BanquetModals.tsx(63,83): error TS2345: Argument of type '"Banquets"' is not assignable to parameter of type '"F&B" | "Front Office" | "Housekeeping" | "Maintenance" | "Finance" | "Procurement" | "HR" | "Spa" | "Executive"'.
src/components/FoodBeverage/BanquetModals.tsx(165,91): error TS2345: Argument of type '"Banquets"' is not assignable to parameter of type '"F&B" | "Front Office" | "Housekeeping" | "Maintenance" | "Finance" | "Procurement" | "HR" | "Spa" | "Executive"'.
src/components/FoodBeverage/BanquetModule.tsx(15,3): error TS6133: 'CheckCircle2' is declared but its value is never read.
src/components/FoodBeverage/BanquetModule.tsx(18,3): error TS6133: 'History' is declared but its value is never read.
src/components/FoodBeverage/BanquetModule.tsx(19,3): error TS6133: 'X' is declared but its value is never read.
src/components/FoodBeverage/BanquetModule.tsx(23,3): error TS6133: 'AlertTriangle' is declared but its value is never read.
src/components/FoodBeverage/BanquetModule.tsx(31,3): error TS6133: 'updateBanquetEvent' is declared but its value is never read.
src/components/FoodBeverage/BanquetModule.tsx(52,10): error TS6133: 'loading' is declared but its value is never read.
src/components/FoodBeverage/BanquetModule.tsx(53,10): error TS6133: 'apiEvents' is declared but its value is never read.
src/components/FoodBeverage/BanquetModule.tsx(119,70): error TS2345: Argument of type '"error"' is not assignable to parameter of type '"success" | "info" | "warning" | "task"'.
src/components/FoodBeverage/BanquetModule.tsx(166,81): error TS2345: Argument of type '"Banquets"' is not assignable to parameter of type '"F&B" | "Front Office" | "Housekeeping" | "Maintenance" | "Finance" | "Procurement" | "HR" | "Spa" | "Executive"'.
src/components/FoodBeverage/BanquetModule.tsx(171,57): error TS2345: Argument of type '"error"' is not assignable to parameter of type '"success" | "info" | "warning" | "task"'.
src/components/FoodBeverage/BanquetModule.tsx(276,102): error TS2345: Argument of type '"Banquets"' is not assignable to parameter of type '"F&B" | "Front Office" | "Housekeeping" | "Maintenance" | "Finance" | "Procurement" | "HR" | "Spa" | "Executive"'.
src/components/FoodBeverage/BanquetModule.tsx(303,100): error TS2345: Argument of type '"Banquets"' is not assignable to parameter of type '"F&B" | "Front Office" | "Housekeeping" | "Maintenance" | "Finance" | "Procurement" | "HR" | "Spa" | "Executive"'.
src/components/FoodBeverage/BanquetModule.tsx(310,106): error TS2345: Argument of type '"Banquets"' is not assignable to parameter of type '"F&B" | "Front Office" | "Housekeeping" | "Maintenance" | "Finance" | "Procurement" | "HR" | "Spa" | "Executive"'.
src/components/FoodBeverage/BanquetModule.tsx(317,104): error TS2345: Argument of type '"Banquets"' is not assignable to parameter of type '"F&B" | "Front Office" | "Housekeeping" | "Maintenance" | "Finance" | "Procurement" | "HR" | "Spa" | "Executive"'.
src/components/FoodBeverage/FBDashboard.tsx(6,8): error TS6133: 'React' is declared but its value is never read.
src/components/FoodBeverage/FBDashboard.tsx(18,3): error TS6133: 'Truck' is declared but its value is never read.
src/components/FoodBeverage/FBDashboard.tsx(20,3): error TS6133: 'Calendar' is declared but its value is never read.
src/components/FoodBeverage/FBDashboard.tsx(24,3): error TS6133: 'Target' is declared but its value is never read.
src/components/FoodBeverage/FBDashboard.tsx(75,64): error TS2345: Argument of type '"error"' is not assignable to parameter of type '"success" | "info" | "warning" | "task"'.
src/components/FoodBeverage/FBDashboard.tsx(268,42): error TS6133: 'entry' is declared but its value is never read.
src/components/FoodBeverage/GuestMealModule.tsx(6,8): error TS6133: 'React' is declared but its value is never read.
src/components/FoodBeverage/GuestMealModule.tsx(16,3): error TS6133: 'AlertCircle' is declared but its value is never read.
src/components/FoodBeverage/GuestMealModule.tsx(17,3): error TS6133: 'QrCode' is declared but its value is never read.
src/components/FoodBeverage/GuestMealModule.tsx(19,3): error TS6133: 'History' is declared but its value is never read.
src/components/FoodBeverage/GuestMealModule.tsx(20,3): error TS6133: 'Info' is declared but its value is never read.
src/components/FoodBeverage/GuestMealModule.tsx(21,3): error TS6133: 'ChevronDown' is declared but its value is never read.
src/components/FoodBeverage/GuestMealModule.tsx(38,25): error TS6133: 'formatAmount' is declared but its value is never read.
src/components/FoodBeverage/GuestMealModule.tsx(51,37): error TS2367: This comparison appears to be unintentional because the types 'ReservationStatus' and '"Check-In"' have no overlap.
src/components/FoodBeverage/GuestMealModule.tsx(57,7): error TS18048: 'r.roomNumber' is possibly 'undefined'.
src/components/FoodBeverage/GuestMealModule.tsx(98,79): error TS2345: Argument of type '"error"' is not assignable to parameter of type '"success" | "info" | "warning" | "task"'.
src/components/FoodBeverage/GuestMealModule.tsx(104,9): error TS2353: Object literal may only specify known properties, and 'id' does not exist in type 'Omit<FolioCharge, "id" | "date">'.
src/components/FoodBeverage/InventoryModule.tsx(6,8): error TS6133: 'React' is declared but its value is never read.
src/components/FoodBeverage/InventoryModule.tsx(14,3): error TS6133: 'History' is declared but its value is never read.
src/components/FoodBeverage/InventoryModule.tsx(18,3): error TS6133: 'FileText' is declared but its value is never read.
src/components/FoodBeverage/InventoryModule.tsx(19,3): error TS6133: 'Activity' is declared but its value is never read.
src/components/FoodBeverage/InventoryModule.tsx(20,3): error TS6133: 'Warehouse' is declared but its value is never read.
src/components/FoodBeverage/InventoryModule.tsx(34,1): error TS6133: 'StockCountModal' is declared but its value is never read.
src/components/FoodBeverage/InventoryModule.tsx(41,3): error TS6133: 'updateIngredient' is declared but its value is never read.
src/components/FoodBeverage/InventoryModule.tsx(44,3): error TS6133: 'createStockTransaction' is declared but its value is never read.
src/components/FoodBeverage/InventoryModule.tsx(46,3): error TS6133: 'createRequisition' is declared but its value is never read.
src/components/FoodBeverage/InventoryModule.tsx(64,5): error TS2339: Property 'logAudit' does not exist on type 'ERPContextType'.
src/components/FoodBeverage/InventoryModule.tsx(75,10): error TS6133: 'isCreatingStockCount' is declared but its value is never read.
src/components/FoodBeverage/InventoryModule.tsx(76,10): error TS6133: 'stockCountLines' is declared but its value is never read.
src/components/FoodBeverage/InventoryModule.tsx(76,27): error TS6133: 'setStockCountLines' is declared but its value is never read.
src/components/FoodBeverage/InventoryModule.tsx(85,10): error TS6133: 'loading' is declared but its value is never read.
src/components/FoodBeverage/InventoryModule.tsx(86,10): error TS6133: 'apiIngredients' is declared but its value is never read.
src/components/FoodBeverage/InventoryModule.tsx(87,10): error TS6133: 'apiStockLocations' is declared but its value is never read.
src/components/FoodBeverage/InventoryModule.tsx(88,10): error TS6133: 'apiStockTransactions' is declared but its value is never read.
src/components/FoodBeverage/InventoryModule.tsx(89,10): error TS6133: 'apiRequisitions' is declared but its value is never read.
src/components/FoodBeverage/InventoryModule.tsx(94,5): error TS2322: Type 'string' is not assignable to type '"Equipment" | "Food" | "Beverage" | "Spice" | "Cleaning" | "Disposable" | "Tableware" | undefined'.
src/components/FoodBeverage/InventoryModule.tsx(119,70): error TS2345: Argument of type '"error"' is not assignable to parameter of type '"success" | "info" | "warning" | "task"'.
src/components/FoodBeverage/InventoryModule.tsx(167,73): error TS2345: Argument of type '"Inventory"' is not assignable to parameter of type '"F&B" | "Front Office" | "Housekeeping" | "Maintenance" | "Finance" | "Procurement" | "HR" | "Spa" | "Executive"'.
src/components/FoodBeverage/InventoryModule.tsx(170,64): error TS2345: Argument of type '"error"' is not assignable to parameter of type '"success" | "info" | "warning" | "task"'.
src/components/FoodBeverage/InventoryModule.tsx(237,26): error TS2367: This comparison appears to be unintentional because the types 'InventoryCategory' and '"Fixed Asset"' have no overlap.
src/components/FoodBeverage/InventoryModule.tsx(238,101): error TS2367: This comparison appears to be unintentional because the types '"Dry Foods" | "Fresh Produce" | "Meat & Poultry" | "Dairy" | "Bakery" | "Guest Amenities" | "Cleaning Chemicals" | "Laundry Supplies" | "Electrical" | "Plumbing" | "Mechanical" | ... 9 more ... | "Souvenirs"' and '"Food"' have no overlap.
src/components/FoodBeverage/InventoryModule.tsx(253,54): error TS2339: Property 'currentStock' does not exist on type 'InventoryItem'.
src/components/FoodBeverage/InventoryModule.tsx(259,7): error TS2345: Argument of type '"Inventory"' is not assignable to parameter of type '"F&B" | "Front Office" | "Housekeeping" | "Maintenance" | "Finance" | "Procurement" | "HR" | "Spa" | "Executive"'.
src/components/FoodBeverage/InventoryModule.tsx(365,84): error TS2345: Argument of type '"Sub-Store"' is not assignable to parameter of type '"F&B" | "Front Office" | "Housekeeping" | "Maintenance" | "Finance" | "Procurement" | "HR" | "Spa" | "Executive"'.
src/components/FoodBeverage/InventoryModule.tsx(394,29): error TS2367: This comparison appears to be unintentional because the types 'InventorySubCategory' and '"Food"' have no overlap.
src/components/FoodBeverage/InventoryModule.tsx(432,54): error TS2345: Argument of type 'InventoryItem' is not assignable to parameter of type 'SetStateAction<InventoryItem | null>'.
  Type 'InventoryItem' is missing the following properties from type 'InventoryItem': stockCategory, quantity, minLevel, cost
src/components/FoodBeverage/InventoryModule.tsx(434,64): error TS2367: This comparison appears to be unintentional because the types 'InventoryCategory' and '"Fixed Asset"' have no overlap.
src/components/FoodBeverage/InventoryModule.tsx(442,102): error TS2345: Argument of type '"Sub-Store"' is not assignable to parameter of type '"F&B" | "Front Office" | "Housekeeping" | "Maintenance" | "Finance" | "Procurement" | "HR" | "Spa" | "Executive"'.
src/components/FoodBeverage/InventoryModule.tsx(531,94): error TS2345: Argument of type '"Sub-Store"' is not assignable to parameter of type '"F&B" | "Front Office" | "Housekeeping" | "Maintenance" | "Finance" | "Procurement" | "HR" | "Spa" | "Executive"'.
src/components/FoodBeverage/InventoryModule.tsx(632,124): error TS2339: Property 'currentStock' does not exist on type 'InventoryItem'.
src/components/FoodBeverage/InventoryModule.tsx(656,19): error TS2322: Type 'boolean | null' is not assignable to type 'boolean | undefined'.
  Type 'null' is not assignable to type 'boolean | undefined'.
src/components/FoodBeverage/InventoryModule.tsx(656,125): error TS2339: Property 'currentStock' does not exist on type 'InventoryItem'.
src/components/FoodBeverage/InventoryModule.tsx(710,96): error TS2345: Argument of type '"Inventory"' is not assignable to parameter of type '"F&B" | "Front Office" | "Housekeeping" | "Maintenance" | "Finance" | "Procurement" | "HR" | "Spa" | "Executive"'.
src/components/FoodBeverage/InventoryModule.tsx(802,88): error TS2345: Argument of type '"Sub-Store"' is not assignable to parameter of type '"F&B" | "Front Office" | "Housekeeping" | "Maintenance" | "Finance" | "Procurement" | "HR" | "Spa" | "Executive"'.
src/components/FrontDesk/AddOnsSection.tsx(8,121): error TS6133: 'Headphones' is declared but its value is never read.
src/components/FrontDesk/BookingTypeSelector.tsx(6,1): error TS6133: 'React' is declared but its value is never read.
src/components/FrontDesk/CheckInOutModule.tsx(8,1): error TS6192: All imports in import declaration are unused.
src/components/FrontDesk/CheckInOutModule.tsx(10,26): error TS6133: 'getChargeType' is declared but its value is never read.
src/components/FrontDesk/CheckInOutModule.tsx(15,3): error TS6133: 'Coins' is declared but its value is never read.
src/components/FrontDesk/CheckInOutModule.tsx(18,3): error TS6133: 'UserCheck' is declared but its value is never read.
src/components/FrontDesk/CheckInOutModule.tsx(20,3): error TS6133: 'HelpCircle' is declared but its value is never read.
src/components/FrontDesk/CheckInOutModule.tsx(21,3): error TS6133: 'Sparkles' is declared but its value is never read.
src/components/FrontDesk/CheckInOutModule.tsx(23,3): error TS6133: 'ChevronRight' is declared but its value is never read.
src/components/FrontDesk/CheckInOutModule.tsx(47,10): error TS6133: 'folioConsolidatedBalance' is declared but its value is never read.
src/components/FrontDesk/CheckInOutModule.tsx(53,5): error TS6133: 'addReservation' is declared but its value is never read.
src/components/FrontDesk/CheckInOutModule.tsx(56,5): error TS6133: 'assignRoomToReservation' is declared but its value is never read.
src/components/FrontDesk/CheckInOutModule.tsx(57,5): error TS6133: 'setRoomStatus' is declared but its value is never read.
src/components/FrontDesk/CheckInOutModule.tsx(70,5): error TS6133: 'updateGlobalHotelSettings' is declared but its value is never read.
src/components/FrontDesk/CheckInOutModule.tsx(78,5): error TS2339: Property 'getFolioBalance' does not exist on type 'ERPContextType'.
src/components/FrontDesk/CheckInOutModule.tsx(81,10): error TS6133: 'activeSubTab' is declared but its value is never read.
src/components/FrontDesk/CheckInOutModule.tsx(81,24): error TS6133: 'setActiveSubTab' is declared but its value is never read.
src/components/FrontDesk/CheckInOutModule.tsx(87,9): error TS6133: 'canEditGlobalSettings' is declared but its value is never read.
src/components/FrontDesk/CheckInOutModule.tsx(88,9): error TS6133: 'canAdjustHotelTaxes' is declared but its value is never read.
src/components/FrontDesk/CheckInOutModule.tsx(89,9): error TS6133: 'canBypassHousekeepingLock' is declared but its value is never read.
src/components/FrontDesk/CheckInOutModule.tsx(90,9): error TS6133: 'canManageUserAccounts' is declared but its value is never read.
src/components/FrontDesk/CheckInOutModule.tsx(119,10): error TS6133: 'groupFolioPrintTab' is declared but its value is never read.
src/components/FrontDesk/CheckInOutModule.tsx(179,15): error TS6133: 'data' is declared but its value is never read.
src/components/FrontDesk/CheckInOutModule.tsx(199,9): error TS6133: 'getChargeType' is declared but its value is never read.
src/components/FrontDesk/CheckInOutModule.tsx(238,86): error TS2345: Argument of type '{ id: string; name: string; description: string; corporateBillingOnly: boolean; primaryTypes: string[]; secondaryTypes: string[]; } | undefined' is not assignable to parameter of type '{ corporateBillingOnly?: boolean | undefined; primaryTypes?: string[] | undefined; secondaryTypes?: string[] | undefined; } | null'.
  Type 'undefined' is not assignable to type '{ corporateBillingOnly?: boolean | undefined; primaryTypes?: string[] | undefined; secondaryTypes?: string[] | undefined; } | null'.
src/components/FrontDesk/CheckInOutModule.tsx(239,86): error TS2345: Argument of type '{ id: string; name: string; description: string; corporateBillingOnly: boolean; primaryTypes: string[]; secondaryTypes: string[]; } | undefined' is not assignable to parameter of type '{ corporateBillingOnly?: boolean | undefined; primaryTypes?: string[] | undefined; secondaryTypes?: string[] | undefined; } | null'.
  Type 'undefined' is not assignable to type '{ corporateBillingOnly?: boolean | undefined; primaryTypes?: string[] | undefined; secondaryTypes?: string[] | undefined; } | null'.
src/components/FrontDesk/CheckInOutModule.tsx(447,64): error TS7006: Parameter 'backendBalance' implicitly has an 'any' type.
src/components/FrontDesk/CheckInOutModule.tsx(472,76): error TS2345: Argument of type '{ id: string; name: string; description: string; corporateBillingOnly: boolean; primaryTypes: string[]; secondaryTypes: string[]; } | undefined' is not assignable to parameter of type '{ corporateBillingOnly?: boolean | undefined; primaryTypes?: string[] | undefined; secondaryTypes?: string[] | undefined; } | null'.
  Type 'undefined' is not assignable to type '{ corporateBillingOnly?: boolean | undefined; primaryTypes?: string[] | undefined; secondaryTypes?: string[] | undefined; } | null'.
src/components/FrontDesk/CheckInOutModule.tsx(473,76): error TS2345: Argument of type '{ id: string; name: string; description: string; corporateBillingOnly: boolean; primaryTypes: string[]; secondaryTypes: string[]; } | undefined' is not assignable to parameter of type '{ corporateBillingOnly?: boolean | undefined; primaryTypes?: string[] | undefined; secondaryTypes?: string[] | undefined; } | null'.
  Type 'undefined' is not assignable to type '{ corporateBillingOnly?: boolean | undefined; primaryTypes?: string[] | undefined; secondaryTypes?: string[] | undefined; } | null'.
src/components/FrontDesk/CheckInOutModule.tsx(477,9): error TS6133: 'scPct' is declared but its value is never read.
src/components/FrontDesk/CheckInOutModule.tsx(482,9): error TS6133: 'taxPct' is declared but its value is never read.
src/components/FrontDesk/CheckInOutModule.tsx(527,9): error TS6133: 'addonDetails' is declared but its value is never read.
src/components/FrontDesk/CheckInOutModule.tsx(543,9): error TS6133: 'addonDetailsA' is declared but its value is never read.
src/components/FrontDesk/CheckInOutModule.tsx(559,9): error TS6133: 'addonDetailsB' is declared but its value is never read.
src/components/FrontDesk/CheckInOutModule.tsx(589,9): error TS6133: 'activeTabService' is declared but its value is never read.
src/components/FrontDesk/CheckInOutModule.tsx(590,9): error TS6133: 'activeTabAddonTotal' is declared but its value is never read.
src/components/FrontDesk/CheckInOutModule.tsx(591,9): error TS6133: 'activeTabTax' is declared but its value is never read.
src/components/FrontDesk/CheckInOutModule.tsx(601,59): error TS7006: Parameter 'backendBalance' implicitly has an 'any' type.
src/components/FrontDesk/CheckInOutModule.tsx(620,70): error TS2367: This comparison appears to be unintentional because the types '"Confirmed" | "CheckedOut" | "Cancelled" | "NoShow" | "Waitlisted"' and '"Completed"' have no overlap.
src/components/FrontDesk/CheckInOutModule.tsx(630,9): error TS6133: 'expressRequestsList' is declared but its value is never read.
src/components/FrontDesk/CheckInOutModule.tsx(1003,27): error TS2322: Type 'null' is not assignable to type 'string | undefined'.
src/components/FrontDesk/CheckInOutModule.tsx(1017,27): error TS2322: Type 'null' is not assignable to type 'string | undefined'.
src/components/FrontDesk/CheckInOutModule.tsx(1190,38): error TS18048: 'currentFolioRes' is possibly 'undefined'.
src/components/FrontDesk/CheckInOutModule.tsx(1191,66): error TS18048: 'currentFolioRes' is possibly 'undefined'.
src/components/FrontDesk/CheckInOutModule.tsx(1202,40): error TS18048: 'currentFolioRes' is possibly 'undefined'.
src/components/FrontDesk/CheckInOutModule.tsx(1203,68): error TS18048: 'currentFolioRes' is possibly 'undefined'.
src/components/FrontDesk/CheckInOutModule.tsx(1212,40): error TS18048: 'currentFolioRes' is possibly 'undefined'.
src/components/FrontDesk/CheckInOutModule.tsx(1213,68): error TS18048: 'currentFolioRes' is possibly 'undefined'.
src/components/FrontDesk/CheckInOutModule.tsx(1224,38): error TS18048: 'currentFolioRes' is possibly 'undefined'.
src/components/FrontDesk/CheckInOutModule.tsx(1225,66): error TS18048: 'currentFolioRes' is possibly 'undefined'.
src/components/FrontDesk/CheckInOutModule.tsx(1546,29): error TS2322: Type 'string | null' is not assignable to type 'string | undefined'.
  Type 'null' is not assignable to type 'string | undefined'.
src/components/FrontDesk/CheckInOutModule.tsx(1563,71): error TS2345: Argument of type '{ amount: number; method: string; notes: string | null; targetFolio: "A" | "B"; receiptUrl: string | undefined; bankAccountId: string | undefined; }[]' is not assignable to parameter of type 'Omit<FolioPayment, "id" | "date"> | Omit<FolioPayment, "id" | "date">[]'.
  Type '{ amount: number; method: string; notes: string | null; targetFolio: "A" | "B"; receiptUrl: string | undefined; bankAccountId: string | undefined; }[]' is not assignable to type 'Omit<FolioPayment, "id" | "date">[]'.
    Type '{ amount: number; method: string; notes: string | null; targetFolio: "A" | "B"; receiptUrl: string | undefined; bankAccountId: string | undefined; }' is not assignable to type 'Omit<FolioPayment, "id" | "date">'.
      Types of property 'notes' are incompatible.
        Type 'string | null' is not assignable to type 'string | undefined'.
          Type 'null' is not assignable to type 'string | undefined'.
src/components/FrontDesk/CheckInOutModule.tsx(1926,100): error TS2339: Property 'tinNumber' does not exist on type 'CorporateAccount'.
src/components/FrontDesk/CheckInOutModule.tsx(1927,172): error TS2339: Property 'tinNumber' does not exist on type 'CorporateAccount'.
src/components/FrontDesk/CheckInOutModule.tsx(2038,62): error TS2345: Argument of type '{ id: string; name: string; description: string; corporateBillingOnly: boolean; primaryTypes: string[]; secondaryTypes: string[]; } | undefined' is not assignable to parameter of type '{ corporateBillingOnly?: boolean | undefined; primaryTypes?: string[] | undefined; secondaryTypes?: string[] | undefined; } | null'.
  Type 'undefined' is not assignable to type '{ corporateBillingOnly?: boolean | undefined; primaryTypes?: string[] | undefined; secondaryTypes?: string[] | undefined; } | null'.
src/components/FrontDesk/CheckInOutModule.tsx(2050,62): error TS2345: Argument of type '{ id: string; name: string; description: string; corporateBillingOnly: boolean; primaryTypes: string[]; secondaryTypes: string[]; } | undefined' is not assignable to parameter of type '{ corporateBillingOnly?: boolean | undefined; primaryTypes?: string[] | undefined; secondaryTypes?: string[] | undefined; } | null'.
  Type 'undefined' is not assignable to type '{ corporateBillingOnly?: boolean | undefined; primaryTypes?: string[] | undefined; secondaryTypes?: string[] | undefined; } | null'.
src/components/FrontDesk/CheckInOutModule.tsx(2063,58): error TS2345: Argument of type '{ id: string; name: string; description: string; corporateBillingOnly: boolean; primaryTypes: string[]; secondaryTypes: string[]; } | undefined' is not assignable to parameter of type '{ corporateBillingOnly?: boolean | undefined; primaryTypes?: string[] | undefined; secondaryTypes?: string[] | undefined; } | null'.
  Type 'undefined' is not assignable to type '{ corporateBillingOnly?: boolean | undefined; primaryTypes?: string[] | undefined; secondaryTypes?: string[] | undefined; } | null'.
src/components/FrontDesk/CheckInOutModule.tsx(2067,59): error TS2345: Argument of type '{ id: string; name: string; description: string; corporateBillingOnly: boolean; primaryTypes: string[]; secondaryTypes: string[]; } | undefined' is not assignable to parameter of type '{ corporateBillingOnly?: boolean | undefined; primaryTypes?: string[] | undefined; secondaryTypes?: string[] | undefined; } | null'.
  Type 'undefined' is not assignable to type '{ corporateBillingOnly?: boolean | undefined; primaryTypes?: string[] | undefined; secondaryTypes?: string[] | undefined; } | null'.
src/components/FrontDesk/CheckInOutModule.tsx(2282,25): error TS2322: Type 'null' is not assignable to type 'string | undefined'.
src/components/FrontDesk/CheckInOutModule.tsx(2329,29): error TS2322: Type 'null' is not assignable to type 'string | undefined'.
src/components/FrontDesk/CheckInOutModule.tsx(2342,29): error TS2322: Type 'null' is not assignable to type 'string | undefined'.
src/components/FrontDesk/CheckInOutModule.tsx(2368,29): error TS2322: Type 'null' is not assignable to type 'string | undefined'.
src/components/FrontDesk/CheckInOutModule.tsx(2424,87): error TS2339: Property 'tinNumber' does not exist on type 'CorporateAccount'.
src/components/FrontDesk/CheckInOutModule.tsx(2429,87): error TS2339: Property 'vatNumber' does not exist on type 'CorporateAccount'.
src/components/FrontDesk/CheckInOutModule.tsx(2497,73): error TS2339: Property 'tinNumber' does not exist on type 'CorporateAccount'.
src/components/FrontDesk/CheckInOutModule.tsx(2498,75): error TS2339: Property 'vatNumber' does not exist on type 'CorporateAccount'.
src/components/FrontDesk/CheckInPrintModal.tsx(1,1): error TS6133: 'React' is declared but its value is never read.
src/components/FrontDesk/CheckInPrintModal.tsx(2,19): error TS6133: 'X' is declared but its value is never read.
src/components/FrontDesk/CRMModule.tsx(12,30): error TS6133: 'CorporateAccount' is declared but its value is never read.
src/components/FrontDesk/CRMModule.tsx(12,75): error TS6133: 'GuestGroupRelationship' is declared but its value is never read.
src/components/FrontDesk/CRMModule.tsx(12,99): error TS6133: 'GroupProfile' is declared but its value is never read.
src/components/FrontDesk/CRMModule.tsx(17,24): error TS6133: 'History' is declared but its value is never read.
src/components/FrontDesk/CRMModule.tsx(18,40): error TS6133: 'FolderOpen' is declared but its value is never read.
src/components/FrontDesk/CRMModule.tsx(19,3): error TS6133: 'ArrowRightLeft' is declared but its value is never read.
src/components/FrontDesk/CRMModule.tsx(19,40): error TS6133: 'CreditCard' is declared but its value is never read.
src/components/FrontDesk/CRMModule.tsx(20,35): error TS6133: 'Trash2' is declared but its value is never read.
src/components/FrontDesk/CRMModule.tsx(20,43): error TS6133: 'ListChecks' is declared but its value is never read.
src/components/FrontDesk/CRMModule.tsx(20,72): error TS6133: 'Banknote' is declared but its value is never read.
src/components/FrontDesk/CRMModule.tsx(21,75): error TS6133: 'Download' is declared but its value is never read.
src/components/FrontDesk/CRMModule.tsx(21,85): error TS6133: 'Car' is declared but its value is never read.
src/components/FrontDesk/CRMModule.tsx(65,37): error TS6133: 'updateGroupBookingStatus' is declared but its value is never read.
src/components/FrontDesk/CRMModule.tsx(66,45): error TS6133: 'updateCorporateAccount' is declared but its value is never read.
src/components/FrontDesk/CRMModule.tsx(72,5): error TS6133: 'guestGroupRelationships' is declared but its value is never read.
src/components/FrontDesk/CRMModule.tsx(82,5): error TS6133: 'createGroupProfile' is declared but its value is never read.
src/components/FrontDesk/CRMModule.tsx(83,5): error TS6133: 'updateGroupProfile' is declared but its value is never read.
src/components/FrontDesk/CRMModule.tsx(93,10): error TS6133: 'selectedPreReg' is declared but its value is never read.
src/components/FrontDesk/CRMModule.tsx(153,26): error TS6133: 'setSelectedStatus' is declared but its value is never read.
src/components/FrontDesk/CRMModule.tsx(154,31): error TS6133: 'setSelectedNationality' is declared but its value is never read.
src/components/FrontDesk/CRMModule.tsx(158,27): error TS6133: 'setSelectedGroupId' is declared but its value is never read.
src/components/FrontDesk/CRMModule.tsx(159,26): error TS6133: 'setSelectedCorpId' is declared but its value is never read.
src/components/FrontDesk/CRMModule.tsx(245,10): error TS6133: 'signatureData' is declared but its value is never read.
src/components/FrontDesk/CRMModule.tsx(250,9): error TS6133: 'activeGroup' is declared but its value is never read.
src/components/FrontDesk/CRMModule.tsx(251,9): error TS6133: 'activeCorp' is declared but its value is never read.
src/components/FrontDesk/CRMModule.tsx(307,37): error TS18048: 'initialGuestData.email' is possibly 'undefined'.
src/components/FrontDesk/CRMModule.tsx(422,15): error TS6133: 'base64' is declared but its value is never read.
src/components/FrontDesk/CRMModule.tsx(550,7): error TS2353: Object literal may only specify known properties, and 'idDocuments' does not exist in type 'Partial<Guest>'.
src/components/FrontDesk/CRMModule.tsx(659,9): error TS6133: 'uniqueNationalities' is declared but its value is never read.
src/components/FrontDesk/CRMModule.tsx(668,9): error TS6133: 'groupedGuests' is declared but its value is never read.
src/components/FrontDesk/CRMModule.tsx(692,9): error TS6133: 'handlePreAddGuest' is declared but its value is never read.
src/components/FrontDesk/CRMModule.tsx(851,9): error TS6133: 'handleUnlinkFromGroup' is declared but its value is never read.
src/components/FrontDesk/CRMModule.tsx(888,11): error TS6133: 'customRule' is declared but its value is never read.
src/components/FrontDesk/CRMModule.tsx(1090,57): error TS6133: 'entry' is declared but its value is never read.
src/components/FrontDesk/CRMModule.tsx(1450,80): error TS2345: Argument of type 'GuestStatus | undefined' is not assignable to parameter of type 'GuestStatus'.
  Type 'undefined' is not assignable to type 'GuestStatus'.
src/components/FrontDesk/CRMModule.tsx(2021,68): error TS2345: Argument of type 'string | undefined' is not assignable to parameter of type 'string'.
  Type 'undefined' is not assignable to type 'string'.
src/components/FrontDesk/CRMModule.tsx(2029,95): error TS2345: Argument of type 'string | undefined' is not assignable to parameter of type 'string'.
  Type 'undefined' is not assignable to type 'string'.
src/components/FrontDesk/CRMModule.tsx(2030,94): error TS2345: Argument of type 'string | undefined' is not assignable to parameter of type 'string'.
  Type 'undefined' is not assignable to type 'string'.
src/components/FrontDesk/CRMModule.tsx(2063,29): error TS2322: Type 'string | undefined' is not assignable to type 'string'.
  Type 'undefined' is not assignable to type 'string'.
src/components/FrontDesk/CRMModule.tsx(2064,29): error TS2322: Type 'string | undefined' is not assignable to type 'string'.
  Type 'undefined' is not assignable to type 'string'.
src/components/FrontDesk/CRMModule.tsx(2065,29): error TS2322: Type 'string | undefined' is not assignable to type 'string'.
  Type 'undefined' is not assignable to type 'string'.
src/components/FrontDesk/CRMModule.tsx(2068,29): error TS2322: Type 'number | undefined' is not assignable to type 'number'.
  Type 'undefined' is not assignable to type 'number'.
src/components/FrontDesk/CRMModule.tsx(2069,29): error TS2322: Type 'string | undefined' is not assignable to type 'string'.
  Type 'undefined' is not assignable to type 'string'.
src/components/FrontDesk/CRMModule.tsx(2120,27): error TS2322: Type 'string | undefined' is not assignable to type 'string'.
  Type 'undefined' is not assignable to type 'string'.
src/components/FrontDesk/CRMModule.tsx(2121,27): error TS2322: Type 'string | undefined' is not assignable to type 'string'.
  Type 'undefined' is not assignable to type 'string'.
src/components/FrontDesk/CRMModule.tsx(2122,27): error TS2322: Type 'string | undefined' is not assignable to type 'string'.
  Type 'undefined' is not assignable to type 'string'.
src/components/FrontDesk/CRMModule.tsx(2124,27): error TS2322: Type 'string | undefined' is not assignable to type 'string'.
  Type 'undefined' is not assignable to type 'string'.
src/components/FrontDesk/CRMModule.tsx(2126,27): error TS2322: Type 'string | undefined' is not assignable to type 'string'.
  Type 'undefined' is not assignable to type 'string'.
src/components/FrontDesk/CRMModule.tsx(2559,36): error TS2339: Property 'checkin_form_hotel_name' does not exist on type 'GlobalHotelSettings'.
src/components/FrontDesk/CRMModule.tsx(2560,39): error TS2339: Property 'checkin_form_title' does not exist on type 'GlobalHotelSettings'.
src/components/FrontDesk/CRMModule.tsx(2643,40): error TS2339: Property 'checkin_form_terms' does not exist on type 'GlobalHotelSettings'.
src/components/FrontDesk/CRMModule.tsx(2651,40): error TS2339: Property 'checkin_form_signature_label' does not exist on type 'GlobalHotelSettings'.
src/components/FrontDesk/CRMModule.tsx(2666,89): error TS2339: Property 'checkin_form_signature_hint' does not exist on type 'GlobalHotelSettings'.
src/components/FrontDesk/CRMModule.tsx(2716,36): error TS2339: Property 'checkin_form_hotel_name' does not exist on type 'GlobalHotelSettings'.
src/components/FrontDesk/CRMModule.tsx(2776,40): error TS2339: Property 'group_checkin_form_terms' does not exist on type 'GlobalHotelSettings'.
src/components/FrontDesk/CRMModule.tsx(2784,40): error TS2339: Property 'group_checkin_form_signature_label' does not exist on type 'GlobalHotelSettings'.
src/components/FrontDesk/CRMModule.tsx(2799,89): error TS2339: Property 'group_checkin_form_signature_hint' does not exist on type 'GlobalHotelSettings'.
src/components/FrontDesk/DailyOtherReportsRenderer.tsx(6,8): error TS6133: 'React' is declared but its value is never read.
src/components/FrontDesk/DailyOtherReportsRenderer.tsx(8,3): error TS6133: 'Users' is declared but its value is never read.
src/components/FrontDesk/DailyOtherReportsRenderer.tsx(8,10): error TS6133: 'UserCheck' is declared but its value is never read.
src/components/FrontDesk/DailyOtherReportsRenderer.tsx(8,21): error TS6133: 'Trash2' is declared but its value is never read.
src/components/FrontDesk/DailyOtherReportsRenderer.tsx(8,29): error TS6133: 'Calendar' is declared but its value is never read.
src/components/FrontDesk/DailyOtherReportsRenderer.tsx(8,39): error TS6133: 'ClipboardList' is declared but its value is never read.
src/components/FrontDesk/DailyOtherReportsRenderer.tsx(8,54): error TS6133: 'Briefcase' is declared but its value is never read.
src/components/FrontDesk/DailyOtherReportsRenderer.tsx(9,3): error TS6133: 'MapPin' is declared but its value is never read.
src/components/FrontDesk/DailyOtherReportsRenderer.tsx(9,11): error TS6133: 'CheckCircle' is declared but its value is never read.
src/components/FrontDesk/DailyOtherReportsRenderer.tsx(9,39): error TS6133: 'ShieldAlert' is declared but its value is never read.
src/components/FrontDesk/DailyOtherReportsRenderer.tsx(9,52): error TS6133: 'BadgeDollarSign' is declared but its value is never read.
src/components/FrontDesk/DailyOtherReportsRenderer.tsx(10,3): error TS6133: 'TrendingUp' is declared but its value is never read.
src/components/FrontDesk/DailyOtherReportsRenderer.tsx(10,15): error TS6133: 'CreditCard' is declared but its value is never read.
src/components/FrontDesk/DailyOtherReportsRenderer.tsx(10,27): error TS6133: 'ChevronRight' is declared but its value is never read.
src/components/FrontDesk/DailyOtherReportsRenderer.tsx(10,41): error TS6133: 'Bed' is declared but its value is never read.
src/components/FrontDesk/DailyOtherReportsRenderer.tsx(10,46): error TS6133: 'Clock' is declared but its value is never read.
src/components/FrontDesk/DailyOtherReportsRenderer.tsx(10,53): error TS6133: 'Landmark' is declared but its value is never read.
src/components/FrontDesk/DailyOtherReportsRenderer.tsx(10,63): error TS6133: 'Gift' is declared but its value is never read.
src/components/FrontDesk/DailyOtherReportsRenderer.tsx(11,3): error TS6133: 'Search' is declared but its value is never read.
src/components/FrontDesk/DailyOtherReportsRenderer.tsx(11,11): error TS6133: 'ShieldCheck' is declared but its value is never read.
src/components/FrontDesk/DailyOtherReportsRenderer.tsx(11,24): error TS6133: 'ArrowUpRight' is declared but its value is never read.
src/components/FrontDesk/DailyOtherReportsRenderer.tsx(11,38): error TS6133: 'ArrowDownRight' is declared but its value is never read.
src/components/FrontDesk/DailyOtherReportsRenderer.tsx(11,54): error TS6133: 'RefreshCw' is declared but its value is never read.
src/components/FrontDesk/DailyOtherReportsRenderer.tsx(11,65): error TS6133: 'Eye' is declared but its value is never read.
src/components/FrontDesk/DailyOtherReportsRenderer.tsx(12,3): error TS6133: 'XCircle' is declared but its value is never read.
src/components/FrontDesk/DailyOtherReportsRenderer.tsx(12,12): error TS6133: 'Ban' is declared but its value is never read.
src/components/FrontDesk/DailyOtherReportsRenderer.tsx(12,17): error TS6133: 'AlertCircle' is declared but its value is never read.
src/components/FrontDesk/DailyOtherReportsRenderer.tsx(12,30): error TS6133: 'FileText' is declared but its value is never read.
src/components/FrontDesk/DailyOtherReportsRenderer.tsx(12,40): error TS6133: 'CheckCircle2' is declared but its value is never read.
src/components/FrontDesk/DailyOtherReportsRenderer.tsx(12,54): error TS6133: 'Award' is declared but its value is never read.
src/components/FrontDesk/DailyOtherReportsRenderer.tsx(352,27): error TS6133: 'levelColors' is declared but its value is never read.
src/components/FrontDesk/DashboardModule.tsx(9,28): error TS6133: 'Reservation' is declared but its value is never read.
src/components/FrontDesk/DashboardModule.tsx(15,3): error TS6133: 'BarChart' is declared but its value is never read.
src/components/FrontDesk/DashboardModule.tsx(16,3): error TS6133: 'Bar' is declared but its value is never read.
src/components/FrontDesk/DashboardModule.tsx(17,3): error TS6133: 'XAxis' is declared but its value is never read.
src/components/FrontDesk/DashboardModule.tsx(18,3): error TS6133: 'YAxis' is declared but its value is never read.
src/components/FrontDesk/DashboardModule.tsx(19,14): error TS6133: 'RechartsTooltip' is declared but its value is never read.
src/components/FrontDesk/DashboardModule.tsx(20,3): error TS6133: 'Legend' is declared but its value is never read.
src/components/FrontDesk/DashboardModule.tsx(21,3): error TS6133: 'AreaChart' is declared but its value is never read.
src/components/FrontDesk/DashboardModule.tsx(22,3): error TS6133: 'Area' is declared but its value is never read.
src/components/FrontDesk/DashboardModule.tsx(23,3): error TS6133: 'LineChart' is declared but its value is never read.
src/components/FrontDesk/DashboardModule.tsx(24,3): error TS6133: 'Line' is declared but its value is never read.
src/components/FrontDesk/DashboardModule.tsx(27,3): error TS6133: 'Check' is declared but its value is never read.
src/components/FrontDesk/DashboardModule.tsx(28,3): error TS6133: 'X' is declared but its value is never read.
src/components/FrontDesk/DashboardModule.tsx(29,3): error TS6133: 'RefreshCw' is declared but its value is never read.
src/components/FrontDesk/DashboardModule.tsx(35,3): error TS6133: 'FileText' is declared but its value is never read.
src/components/FrontDesk/DashboardModule.tsx(37,3): error TS6133: 'Trash2' is declared but its value is never read.
src/components/FrontDesk/DashboardModule.tsx(38,3): error TS6133: 'Info' is declared but its value is never read.
src/components/FrontDesk/DashboardModule.tsx(40,3): error TS6133: 'AlertTriangle' is declared but its value is never read.
src/components/FrontDesk/DashboardModule.tsx(43,3): error TS6133: 'Activity' is declared but its value is never read.
src/components/FrontDesk/DashboardModule.tsx(44,3): error TS6133: 'Wrench' is declared but its value is never read.
src/components/FrontDesk/DashboardModule.tsx(47,3): error TS6133: 'ChevronRight' is declared but its value is never read.
src/components/FrontDesk/DashboardModule.tsx(55,3): error TS6133: 'Smartphone' is declared but its value is never read.
src/components/FrontDesk/DashboardModule.tsx(56,3): error TS6133: 'Mail' is declared but its value is never read.
src/components/FrontDesk/DashboardModule.tsx(70,3): error TS6133: 'onViewGuestProfile' is declared but its value is never read.
src/components/FrontDesk/DashboardModule.tsx(81,5): error TS6133: 'addGuestCommunication' is declared but its value is never read.
src/components/FrontDesk/DashboardModule.tsx(84,5): error TS6133: 'addAirportShuttleRequest' is declared but its value is never read.
src/components/FrontDesk/DashboardModule.tsx(85,5): error TS6133: 'updateAirportShuttleRequest' is declared but its value is never read.
src/components/FrontDesk/DashboardModule.tsx(87,5): error TS6133: 'checkInReservation' is declared but its value is never read.
src/components/FrontDesk/DashboardModule.tsx(94,5): error TS6133: 'clearNotification' is declared but its value is never read.
src/components/FrontDesk/DashboardModule.tsx(141,9): error TS2353: Object literal may only specify known properties, and 'activity' does not exist in type 'Omit<SystemAuditLog, "id" | "timestamp">'.
src/components/FrontDesk/DashboardModule.tsx(198,9): error TS2353: Object literal may only specify known properties, and 'user' does not exist in type 'Omit<SystemAuditLog, "id" | "timestamp">'.
src/components/FrontDesk/DashboardModule.tsx(270,9): error TS6133: 'activeDirtyRooms' is declared but its value is never read.
src/components/FrontDesk/DashboardModule.tsx(271,9): error TS6133: 'housekeepingDispatches' is declared but its value is never read.
src/components/FrontDesk/DashboardModule.tsx(276,9): error TS6133: 'activeOOORooms' is declared but its value is never read.
src/components/FrontDesk/DashboardModule.tsx(277,9): error TS6133: 'maintenanceDispatches' is declared but its value is never read.
src/components/FrontDesk/DashboardModule.tsx(871,63): error TS2322: Type '{ className: string; size: number; "sm:size": number; }' is not assignable to type 'IntrinsicAttributes & Omit<LucideProps, "ref"> & RefAttributes<SVGSVGElement>'.
  Property 'sm:size' does not exist on type 'IntrinsicAttributes & Omit<LucideProps, "ref"> & RefAttributes<SVGSVGElement>'.
src/components/FrontDesk/DashboardModule.tsx(897,38): error TS2322: Type '{ size: number; "sm:size": number; className: string; }' is not assignable to type 'IntrinsicAttributes & Omit<LucideProps, "ref"> & RefAttributes<SVGSVGElement>'.
  Property 'sm:size' does not exist on type 'IntrinsicAttributes & Omit<LucideProps, "ref"> & RefAttributes<SVGSVGElement>'.
src/components/FrontDesk/DepositSection.tsx(6,1): error TS6133: 'React' is declared but its value is never read.
src/components/FrontDesk/DocumentVerificationModal.tsx(6,8): error TS6133: 'React' is declared but its value is never read.
src/components/FrontDesk/DocumentVerificationModal.tsx(9,31): error TS6133: 'Download' is declared but its value is never read.
src/components/FrontDesk/DocumentVerificationModal.tsx(9,41): error TS6133: 'Upload' is declared but its value is never read.
src/components/FrontDesk/DocumentVerificationModal.tsx(40,3): error TS6133: 'currentUser' is declared but its value is never read.
src/components/FrontDesk/FolioPaymentAudit.tsx(10,3): error TS6133: 'Calendar' is declared but its value is never read.
src/components/FrontDesk/FolioPaymentAudit.tsx(12,12): error TS6133: 'ImageIcon' is declared but its value is never read.
src/components/FrontDesk/FolioPaymentAudit.tsx(13,3): error TS6133: 'Eye' is declared but its value is never read.
src/components/FrontDesk/FolioPaymentAudit.tsx(14,3): error TS6133: 'X' is declared but its value is never read.
src/components/FrontDesk/FolioPaymentAudit.tsx(188,9): error TS6133: 'invoiceStatuses' is declared but its value is never read.
src/components/FrontDesk/FolioPaymentAudit.tsx(434,9): error TS6133: 'invoiceStats' is declared but its value is never read.
src/components/FrontDesk/FolioPaymentAudit.tsx(825,17): error TS2322: Type 'string | null' is not assignable to type 'string | undefined'.
  Type 'null' is not assignable to type 'string | undefined'.
src/components/FrontDesk/FolioPaymentAudit.tsx(831,19): error TS2322: Type 'string | null' is not assignable to type 'string | undefined'.
  Type 'null' is not assignable to type 'string | undefined'.
src/components/FrontDesk/FolioPaymentAudit.tsx(856,92): error TS18047: 'selectedInvoice' is possibly 'null'.
src/components/FrontDesk/FolioPaymentAudit.tsx(860,122): error TS18047: 'selectedInvoice' is possibly 'null'.
src/components/FrontDesk/FolioPaymentAudit.tsx(861,24): error TS18047: 'selectedInvoice' is possibly 'null'.
src/components/FrontDesk/FolioPaymentAudit.tsx(869,91): error TS18047: 'selectedInvoice' is possibly 'null'.
src/components/FrontDesk/FolioPaymentAudit.tsx(873,101): error TS18047: 'selectedInvoice' is possibly 'null'.
src/components/FrontDesk/FolioPaymentAudit.tsx(884,110): error TS18047: 'selectedInvoice' is possibly 'null'.
src/components/FrontDesk/FolioPaymentAudit.tsx(888,99): error TS18047: 'selectedInvoice' is possibly 'null'.
src/components/FrontDesk/FolioPaymentAudit.tsx(892,95): error TS18047: 'selectedInvoice' is possibly 'null'.
src/components/FrontDesk/FolioPaymentAudit.tsx(892,147): error TS18047: 'selectedInvoice' is possibly 'null'.
src/components/FrontDesk/FolioPaymentAudit.tsx(907,55): error TS18047: 'selectedInvoice' is possibly 'null'.
src/components/FrontDesk/FolioPortal.tsx(8,8): error TS6133: 'React' is declared but its value is never read.
src/components/FrontDesk/FolioPortal.tsx(12,3): error TS6133: 'ChevronRight' is declared but its value is never read.
src/components/FrontDesk/GiftShopPOS.tsx(1,1): error TS6192: All imports in import declaration are unused.
src/components/FrontDesk/GiftShopPOS.tsx(21,3): error TS6133: 'ShoppingCart' is declared but its value is never read.
src/components/FrontDesk/GiftShopPOS.tsx(28,3): error TS6133: 'Receipt' is declared but its value is never read.
src/components/FrontDesk/GiftShopPOS.tsx(29,3): error TS6133: 'History' is declared but its value is never read.
src/components/FrontDesk/GiftShopPOS.tsx(31,3): error TS6133: 'QrCode' is declared but its value is never read.
src/components/FrontDesk/GiftShopPOS.tsx(33,3): error TS6133: 'Coins' is declared but its value is never read.
src/components/FrontDesk/GiftShopPOS.tsx(34,3): error TS6133: 'Smartphone' is declared but its value is never read.
src/components/FrontDesk/GiftShopPOS.tsx(39,3): error TS6133: 'Sparkles' is declared but its value is never read.
src/components/FrontDesk/GiftShopPOS.tsx(45,3): error TS6133: 'Clock' is declared but its value is never read.
src/components/FrontDesk/GiftShopPOS.tsx(46,3): error TS6133: 'ExternalLink' is declared but its value is never read.
src/components/FrontDesk/GiftShopPOS.tsx(48,3): error TS6133: 'Landmark' is declared but its value is never read.
src/components/FrontDesk/GiftShopPOS.tsx(52,3): error TS6133: 'CheckCircle2' is declared but its value is never read.
src/components/FrontDesk/GiftShopPOS.tsx(136,5): error TS6133: 'addInventoryItem' is declared but its value is never read.
src/components/FrontDesk/GiftShopPOS.tsx(137,5): error TS6133: 'addSaleTransaction' is declared but its value is never read.
src/components/FrontDesk/GiftShopPOS.tsx(174,26): error TS6133: 'setSearchTermRoom' is declared but its value is never read.
src/components/FrontDesk/GiftShopPOS.tsx(331,10): error TS6133: 'successAnimation' is declared but its value is never read.
src/components/FrontDesk/GiftShopPOS.tsx(331,28): error TS6133: 'setSuccessAnimation' is declared but its value is never read.
src/components/FrontDesk/GiftShopPOS.tsx(577,9): error TS6133: 'removeItem' is declared but its value is never read.
src/components/FrontDesk/GiftShopPOS.tsx(615,67): error TS6133: 'receiptUrl' is declared but its value is never read.
src/components/FrontDesk/GiftShopPOS.tsx(713,33): error TS2339: Property 'reorderPoint' does not exist on type 'InventoryItem'.
src/components/FrontDesk/GiftShopPOS.tsx(743,13): error TS6133: 'insertedId' is declared but its value is never read.
src/components/FrontDesk/GiftShopPOS.tsx(760,9): error TS6133: 'uploadPaymentReceipt' is declared but its value is never read.
src/components/FrontDesk/GiftShopPOS.tsx(766,15): error TS6133: 'data' is declared but its value is never read.
src/components/FrontDesk/GiftShopPOS.tsx(808,9): error TS6133: 'isRoomChargeOnly' is declared but its value is never read.
src/components/FrontDesk/GiftShopPOS.tsx(809,9): error TS6133: 'isCashOnly' is declared but its value is never read.
src/components/FrontDesk/GiftShopPOS.tsx(812,9): error TS6133: 'activeInhouseRooms' is declared but its value is never read.
src/components/FrontDesk/GiftShopPOS.tsx(825,9): error TS6133: 'currentTotalDisplay' is declared but its value is never read.
src/components/FrontDesk/GiftShopPOS.tsx(829,9): error TS6133: 'cashChangeNeededUsd' is declared but its value is never read.
src/components/FrontDesk/GiftShopPOS.tsx(865,9): error TS6133: 'handleCheckout' is declared but its value is never read.
src/components/FrontDesk/GiftShopPOS.tsx(878,11): error TS2353: Object literal may only specify known properties, and 'user' does not exist in type 'Omit<SystemAuditLog, "id" | "timestamp">'.
src/components/FrontDesk/GiftShopPOS.tsx(952,11): error TS2353: Object literal may only specify known properties, and 'user' does not exist in type 'Omit<SystemAuditLog, "id" | "timestamp">'.
src/components/FrontDesk/GiftShopPOS.tsx(992,11): error TS2353: Object literal may only specify known properties, and 'user' does not exist in type 'Omit<SystemAuditLog, "id" | "timestamp">'.
src/components/FrontDesk/GiftShopPOS.tsx(1698,47): error TS2339: Property 'customerName' does not exist on type 'SavedTransaction'.
src/components/FrontDesk/GiftShopPOS.tsx(2048,12): error TS6133: 'prodPrice' is declared but its value is never read.
src/components/FrontDesk/GiftshopSuppliesReport.tsx(6,8): error TS6133: 'React' is declared but its value is never read.
src/components/FrontDesk/GiftshopSuppliesReport.tsx(11,3): error TS6133: 'TrendingUp' is declared but its value is never read.
src/components/FrontDesk/GiftshopSuppliesReport.tsx(13,3): error TS6133: 'FileText' is declared but its value is never read.
src/components/FrontDesk/GiftshopSuppliesReport.tsx(14,3): error TS6133: 'DollarSign' is declared but its value is never read.
src/components/FrontDesk/GiftshopSuppliesReport.tsx(15,3): error TS6133: 'User' is declared but its value is never read.
src/components/FrontDesk/GiftshopSuppliesReport.tsx(16,3): error TS6133: 'Users' is declared but its value is never read.
src/components/FrontDesk/GiftshopSuppliesReport.tsx(17,3): error TS6133: 'Percent' is declared but its value is never read.
src/components/FrontDesk/GiftshopSuppliesReport.tsx(19,3): error TS6133: 'Package' is declared but its value is never read.
src/components/FrontDesk/GiftshopSuppliesReport.tsx(20,3): error TS6133: 'Calendar' is declared but its value is never read.
src/components/FrontDesk/GiftshopSuppliesReport.tsx(23,3): error TS6133: 'TrendingDown' is declared but its value is never read.
src/components/FrontDesk/GiftshopSuppliesReport.tsx(24,3): error TS6133: 'Printer' is declared but its value is never read.
src/components/FrontDesk/GiftshopSuppliesReport.tsx(26,3): error TS6133: 'Send' is declared but its value is never read.
src/components/FrontDesk/GiftshopSuppliesReport.tsx(27,3): error TS6133: 'Zap' is declared but its value is never read.
src/components/FrontDesk/GiftshopSuppliesReport.tsx(28,3): error TS6133: 'RotateCcw' is declared but its value is never read.
src/components/FrontDesk/GiftshopSuppliesReport.tsx(29,3): error TS6133: 'Plus' is declared but its value is never read.
src/components/FrontDesk/GiftshopSuppliesReport.tsx(39,3): error TS6133: 'Legend' is declared but its value is never read.
src/components/FrontDesk/GiftshopSuppliesReport.tsx(48,7): error TS6133: 'formatCurrency' is declared but its value is never read.
src/components/FrontDesk/GiftshopSuppliesReport.tsx(407,9): error TS6133: 'cross' is declared but its value is never read.
src/components/FrontDesk/GiftshopSuppliesReport.tsx(408,9): error TS6133: 'pot' is declared but its value is never read.
src/components/FrontDesk/GiftshopSuppliesReport.tsx(409,9): error TS6133: 'scarf' is declared but its value is never read.
src/components/FrontDesk/GiftshopSuppliesReport.tsx(410,9): error TS6133: 'honey' is declared but its value is never read.
src/components/FrontDesk/GiftshopSuppliesReport.tsx(411,9): error TS6133: 'coffee' is declared but its value is never read.
src/components/FrontDesk/GiftshopSuppliesReport.tsx(1104,89): error TS2322: Type '(val: number) => string' is not assignable to type 'Formatter<ValueType, NameType> & ((value: ValueType, name: NameType, item: TooltipPayloadEntry, index: number, payload: TooltipPayload) => ReactNode | [...])'.
  Type '(val: number) => string' is not assignable to type 'Formatter<ValueType, NameType>'.
    Types of parameters 'val' and 'value' are incompatible.
      Type 'ValueType | undefined' is not assignable to type 'number'.
        Type 'undefined' is not assignable to type 'number'.
src/components/FrontDesk/GroupCheckInPrintModal.tsx(1,1): error TS6133: 'React' is declared but its value is never read.
src/components/FrontDesk/GroupCheckInPrintModal.tsx(2,19): error TS6133: 'X' is declared but its value is never read.
src/components/FrontDesk/GroupProfileModule.tsx(6,8): error TS6133: 'React' is declared but its value is never read.
src/components/FrontDesk/GroupProfileModule.tsx(10,62): error TS6133: 'GuestGroupRelationship' is declared but its value is never read.
src/components/FrontDesk/GroupProfileModule.tsx(13,27): error TS6133: 'Star' is declared but its value is never read.
src/components/FrontDesk/GroupProfileModule.tsx(13,40): error TS6133: 'Unlink' is declared but its value is never read.
src/components/FrontDesk/GroupProfileModule.tsx(13,48): error TS6133: 'BadgeDollarSign' is declared but its value is never read.
src/components/FrontDesk/GroupProfileModule.tsx(14,13): error TS6133: 'ShieldCheck' is declared but its value is never read.
src/components/FrontDesk/GroupProfileModule.tsx(14,38): error TS6133: 'MapPin' is declared but its value is never read.
src/components/FrontDesk/GroupProfileModule.tsx(14,66): error TS6133: 'AlertTriangle' is declared but its value is never read.
src/components/FrontDesk/GroupProfileModule.tsx(27,5): error TS6133: 'fetchGroupProfileById' is declared but its value is never read.
src/components/FrontDesk/GroupProfileModule.tsx(31,5): error TS6133: 'updateGroupAnalytics' is declared but its value is never read.
src/components/FrontDesk/GroupProfileModule.tsx(32,5): error TS6133: 'searchGroupProfiles' is declared but its value is never read.
src/components/FrontDesk/GroupProfileModule.tsx(38,5): error TS6133: 'guests' is declared but its value is never read.
src/components/FrontDesk/GroupProfileModule.tsx(40,5): error TS6133: 'fetchGuestGroupRelationships' is declared but its value is never read.
src/components/FrontDesk/GroupProfileModule.tsx(42,5): error TS6133: 'unlinkGuestFromGroup' is declared but its value is never read.
src/components/FrontDesk/GroupProfileModule.tsx(49,10): error TS6133: 'showLinkGuestModal' is declared but its value is never read.
src/components/FrontDesk/GroupProfileModule.tsx(124,9): error TS6133: 'handleCreateGroup' is declared but its value is never read.
src/components/FrontDesk/GroupProfileModule.tsx(139,9): error TS6133: 'handleUpdateGroup' is declared but its value is never read.
src/components/FrontDesk/GroupProfileModule.tsx(166,9): error TS6133: 'handleLinkGuest' is declared but its value is never read.
src/components/FrontDesk/GuestProfileSection.tsx(6,1): error TS6133: 'React' is declared but its value is never read.
src/components/FrontDesk/GuestProfileSection.tsx(181,48): error TS2345: Argument of type 'string' is not assignable to parameter of type '"Corporate" | "Booking.com" | "Expedia" | "Walk-In" | "Direct Website"'.
src/components/FrontDesk/ModernCalendar.tsx(6,8): error TS6133: 'React' is declared but its value is never read.
src/components/FrontDesk/ModernCalendar.tsx(16,3): error TS6133: 'X' is declared but its value is never read.
src/components/FrontDesk/ModernCalendar.tsx(19,109): error TS6133: 'isWithinInterval' is declared but its value is never read.
src/components/FrontDesk/ModernCalendar.tsx(174,9): error TS6133: 'getReservationForRoomAndDate' is declared but its value is never read.
src/components/FrontDesk/ModernCalendar.tsx(244,70): error TS18048: 'res.roomNights' is possibly 'undefined'.
src/components/FrontDesk/ModernCalendar.tsx(245,32): error TS18048: 'res.roomNights' is possibly 'undefined'.
src/components/FrontDesk/ModernCalendar.tsx(525,34): error TS6133: 'date' is declared but its value is never read.
src/components/FrontDesk/NightAuditChecklistModal.tsx(1,8): error TS6133: 'React' is declared but its value is never read.
src/components/FrontDesk/NightAuditChecklistModal.tsx(2,45): error TS6133: 'X' is declared but its value is never read.
src/components/FrontDesk/NightAuditChecklistModal.tsx(2,48): error TS6133: 'ChevronRight' is declared but its value is never read.
src/components/FrontDesk/NightAuditChecklistModal.tsx(2,62): error TS6133: 'ChevronLeft' is declared but its value is never read.
src/components/FrontDesk/NotesSection.tsx(6,1): error TS6133: 'React' is declared but its value is never read.
src/components/FrontDesk/OfficeInventoryModule.tsx(16,10): error TS6133: 'Requisition' is declared but its value is never read.
src/components/FrontDesk/OfficeInventoryModule.tsx(24,5): error TS2339: Property 'currentUser' does not exist on type 'ERPContextType'.
src/components/FrontDesk/PreRegistrationPanel.tsx(1,8): error TS6133: 'React' is declared but its value is never read.
src/components/FrontDesk/PreRegistrationPanel.tsx(1,27): error TS6133: 'useEffect' is declared but its value is never read.
src/components/FrontDesk/PreRegistrationPanel.tsx(3,47): error TS6133: 'Globe' is declared but its value is never read.
src/components/FrontDesk/PreRegistrationPanel.tsx(4,13): error TS6133: 'Clock' is declared but its value is never read.
src/components/FrontDesk/PreRegistrationPanel.tsx(4,20): error TS6133: 'AlertTriangle' is declared but its value is never read.
src/components/FrontDesk/PreRegistrationPanel.tsx(4,35): error TS6133: 'UserCheck' is declared but its value is never read.
src/components/FrontDesk/RatePlanSection.tsx(6,1): error TS6133: 'React' is declared but its value is never read.
src/components/FrontDesk/RatePlanSection.tsx(9,29): error TS6133: 'RoomType' is declared but its value is never read.
src/components/FrontDesk/ReportsAuditModule.tsx(6,8): error TS6133: 'React' is declared but its value is never read.
src/components/FrontDesk/ReportsAuditModule.tsx(8,1): error TS6192: All imports in import declaration are unused.
src/components/FrontDesk/ReportsAuditModule.tsx(13,3): error TS6133: 'DollarSign' is declared but its value is never read.
src/components/FrontDesk/ReportsAuditModule.tsx(15,3): error TS6133: 'UserCheck' is declared but its value is never read.
src/components/FrontDesk/ReportsAuditModule.tsx(17,3): error TS6133: 'RefreshCw' is declared but its value is never read.
src/components/FrontDesk/ReportsAuditModule.tsx(21,3): error TS6133: 'Check' is declared but its value is never read.
src/components/FrontDesk/ReportsAuditModule.tsx(29,3): error TS6133: 'Eye' is declared but its value is never read.
src/components/FrontDesk/ReportsAuditModule.tsx(30,3): error TS6133: 'BookOpen' is declared but its value is never read.
src/components/FrontDesk/ReportsAuditModule.tsx(33,3): error TS6133: 'PieChart' is declared but its value is never read.
src/components/FrontDesk/ReportsAuditModule.tsx(34,3): error TS6133: 'ArrowRight' is declared but its value is never read.
src/components/FrontDesk/ReportsAuditModule.tsx(36,3): error TS6133: 'Percent' is declared but its value is never read.
src/components/FrontDesk/ReportsAuditModule.tsx(40,3): error TS6133: 'HelpCircle' is declared but its value is never read.
src/components/FrontDesk/ReportsAuditModule.tsx(41,3): error TS6133: 'Mail' is declared but its value is never read.
src/components/FrontDesk/ReportsAuditModule.tsx(42,3): error TS6133: 'UserCheck2' is declared but its value is never read.
src/components/FrontDesk/ReportsAuditModule.tsx(43,3): error TS6133: 'Lock' is declared but its value is never read.
src/components/FrontDesk/ReportsAuditModule.tsx(44,3): error TS6133: 'ListCollapse' is declared but its value is never read.
src/components/FrontDesk/ReportsAuditModule.tsx(50,3): error TS6133: 'MailWarning' is declared but its value is never read.
src/components/FrontDesk/ReportsAuditModule.tsx(73,3): error TS6133: 'WEEKLY_COMPARATIVE_DATA' is declared but its value is never read.
src/components/FrontDesk/ReportsAuditModule.tsx(78,3): error TS6133: 'WeeklyComparisonItem' is declared but its value is never read.
src/components/FrontDesk/ReportsAuditModule.tsx(79,3): error TS6133: 'MonthlyReportSection' is declared but its value is never read.
src/components/FrontDesk/ReportsAuditModule.tsx(96,3): error TS6133: 'printReport' is declared but its value is never read.
src/components/FrontDesk/ReportsAuditModule.tsx(101,44): error TS6133: 'createReportSchedule' is declared but its value is never read.
src/components/FrontDesk/ReportsAuditModule.tsx(110,5): error TS6133: 'auditLogs' is declared but its value is never read.
src/components/FrontDesk/ReportsAuditModule.tsx(113,5): error TS6133: 'stats' is declared but its value is never read.
src/components/FrontDesk/ReportsAuditModule.tsx(170,11): error TS6133: 'availableRooms' is declared but its value is never read.
src/components/FrontDesk/ReportsAuditModule.tsx(288,10): error TS6133: 'weeklyViewWeek' is declared but its value is never read.
src/components/FrontDesk/ReportsAuditModule.tsx(288,26): error TS6133: 'setWeeklyViewWeek' is declared but its value is never read.
src/components/FrontDesk/ReportsAuditModule.tsx(295,10): error TS6133: 'customStrategicNote' is declared but its value is never read.
src/components/FrontDesk/ReportsAuditModule.tsx(295,31): error TS6133: 'setCustomStrategicNote' is declared but its value is never read.
src/components/FrontDesk/ReportsAuditModule.tsx(324,9): error TS6133: 'downloadBlob' is declared but its value is never read.
src/components/FrontDesk/ReportsAuditModule.tsx(417,111): error TS2339: Property 'estimatedArrival' does not exist on type 'Reservation'.
src/components/FrontDesk/ReportsAuditModule.tsx(587,68): error TS2339: Property 'guests' does not exist on type '{ nationality: string; guestCount: number; roomNights: number; revenue: number; }'.
src/components/FrontDesk/ReportsAuditModule.tsx(587,78): error TS2339: Property 'nights' does not exist on type '{ nationality: string; guestCount: number; roomNights: number; revenue: number; }'.
src/components/FrontDesk/ReportsAuditModule.tsx(587,101): error TS2339: Property 'spend' does not exist on type '{ nationality: string; guestCount: number; roomNights: number; revenue: number; }'.
src/components/FrontDesk/ReportsAuditModule.tsx(649,69): error TS2339: Property 'guests' does not exist on type '{ nationality: string; guestCount: number; roomNights: number; revenue: number; }'.
src/components/FrontDesk/ReportsAuditModule.tsx(649,79): error TS2339: Property 'nights' does not exist on type '{ nationality: string; guestCount: number; roomNights: number; revenue: number; }'.
src/components/FrontDesk/ReportsAuditModule.tsx(649,102): error TS2339: Property 'spend' does not exist on type '{ nationality: string; guestCount: number; roomNights: number; revenue: number; }'.
src/components/FrontDesk/ReportsAuditModule.tsx(674,71): error TS2339: Property 'guests' does not exist on type '{ nationality: string; guestCount: number; roomNights: number; revenue: number; }'.
src/components/FrontDesk/ReportsAuditModule.tsx(674,81): error TS2339: Property 'nights' does not exist on type '{ nationality: string; guestCount: number; roomNights: number; revenue: number; }'.
src/components/FrontDesk/ReportsAuditModule.tsx(674,104): error TS2339: Property 'spend' does not exist on type '{ nationality: string; guestCount: number; roomNights: number; revenue: number; }'.
src/components/FrontDesk/ReportsAuditModule.tsx(1065,11): error TS6133: 'driftRev' is declared but its value is never read.
src/components/FrontDesk/ReportsAuditModule.tsx(1066,11): error TS6133: 'driftOcc' is declared but its value is never read.
src/components/FrontDesk/ReportsAuditModule.tsx(1106,13): error TS6133: 'ancVarPct' is declared but its value is never read.
src/components/FrontDesk/ReportsAuditModule.tsx(1118,13): error TS6133: 'revparVarPct' is declared but its value is never read.
src/components/FrontDesk/ReportsAuditModule.tsx(1130,13): error TS6133: 'dirVar' is declared but its value is never read.
src/components/FrontDesk/ReportsAuditModule.tsx(1141,13): error TS6133: 'satVar' is declared but its value is never read.
src/components/FrontDesk/ReportsAuditModule.tsx(1147,13): error TS6133: 'guestsVarPct' is declared but its value is never read.
src/components/FrontDesk/ReportsAuditModule.tsx(3588,9): error TS2322: Type '() => { success: boolean; date: string; message: string; revenuePosted: number; }' is not assignable to type '(notes?: string | undefined) => { success: boolean; date: string; message: string; revenuePosted: number; roomsSold: number; arrivals: number; departures: number; foliosPosted: number; exceptions: any[]; } | null'.
  Type '{ success: boolean; date: string; message: string; revenuePosted: number; }' is missing the following properties from type '{ success: boolean; date: string; message: string; revenuePosted: number; roomsSold: number; arrivals: number; departures: number; foliosPosted: number; exceptions: any[]; }': roomsSold, arrivals, departures, foliosPosted, exceptions
src/components/FrontDesk/ReservationForm.tsx(10,35): error TS6133: 'X' is declared but its value is never read.
src/components/FrontDesk/ReservationForm.tsx(16,3): error TS6133: 'Reservation' is declared but its value is never read.
src/components/FrontDesk/ReservationForm.tsx(72,9): error TS6133: 'getBaseRate' is declared but its value is never read.
src/components/FrontDesk/ReservationForm.tsx(351,11): error TS18048: 'totals.subtotal' is possibly 'undefined'.
src/components/FrontDesk/ReservationForm.tsx(354,25): error TS18048: 'totals.subtotal' is possibly 'undefined'.
src/components/FrontDesk/ReservationForm.tsx(372,9): error TS7022: 'finalTotals' implicitly has type 'any' because it does not have a type annotation and is referenced directly or indirectly in its own initializer.
src/components/FrontDesk/ReservationForm.tsx(372,31): error TS7024: Function implicitly has return type 'any' because it does not have a return type annotation and is referenced directly or indirectly in one of its return expressions.
src/components/FrontDesk/ReservationForm.tsx(529,15): error TS2322: Type '"Individual" | "Group" | "Corporate" | undefined' is not assignable to type '"Individual" | "Group" | "Corporate"'.
  Type 'undefined' is not assignable to type '"Individual" | "Group" | "Corporate"'.
src/components/FrontDesk/ReservationForm.tsx(539,15): error TS2322: Type '"Individual" | "Group" | "Corporate" | undefined' is not assignable to type '"Individual" | "Group" | "Corporate"'.
  Type 'undefined' is not assignable to type '"Individual" | "Group" | "Corporate"'.
src/components/FrontDesk/ReservationForm.tsx(540,15): error TS2322: Type 'string | undefined' is not assignable to type 'string'.
  Type 'undefined' is not assignable to type 'string'.
src/components/FrontDesk/ReservationForm.tsx(541,15): error TS2322: Type 'string | undefined' is not assignable to type 'string'.
  Type 'undefined' is not assignable to type 'string'.
src/components/FrontDesk/ReservationForm.tsx(542,15): error TS2322: Type 'string | undefined' is not assignable to type 'string'.
  Type 'undefined' is not assignable to type 'string'.
src/components/FrontDesk/ReservationForm.tsx(546,15): error TS2322: Type '"Corporate" | "Booking.com" | "Expedia" | "Walk-In" | "Direct Website" | undefined' is not assignable to type '"Corporate" | "Booking.com" | "Expedia" | "Walk-In" | "Direct Website"'.
  Type 'undefined' is not assignable to type '"Corporate" | "Booking.com" | "Expedia" | "Walk-In" | "Direct Website"'.
src/components/FrontDesk/ReservationForm.tsx(579,15): error TS2322: Type 'string | undefined' is not assignable to type 'string'.
  Type 'undefined' is not assignable to type 'string'.
src/components/FrontDesk/ReservationForm.tsx(580,15): error TS2322: Type 'string | undefined' is not assignable to type 'string'.
  Type 'undefined' is not assignable to type 'string'.
src/components/FrontDesk/ReservationForm.tsx(581,15): error TS2322: Type 'string | undefined' is not assignable to type 'string'.
  Type 'undefined' is not assignable to type 'string'.
src/components/FrontDesk/ReservationForm.tsx(593,15): error TS2322: Type 'string | undefined' is not assignable to type 'string'.
  Type 'undefined' is not assignable to type 'string'.
src/components/FrontDesk/ReservationForm.tsx(594,15): error TS2322: Type 'string | undefined' is not assignable to type 'string'.
  Type 'undefined' is not assignable to type 'string'.
src/components/FrontDesk/ReservationForm.tsx(595,15): error TS2322: Type 'number | undefined' is not assignable to type 'number'.
  Type 'undefined' is not assignable to type 'number'.
src/components/FrontDesk/ReservationForm.tsx(596,15): error TS2322: Type 'number | undefined' is not assignable to type 'number'.
  Type 'undefined' is not assignable to type 'number'.
src/components/FrontDesk/ReservationModal.tsx(8,10): error TS6133: 'X' is declared but its value is never read.
src/components/FrontDesk/ReservationModal.tsx(78,9): error TS6133: 'handleBackdropClick' is declared but its value is never read.
src/components/FrontDesk/ReservationsForecasting.tsx(6,8): error TS6133: 'React' is declared but its value is never read.
src/components/FrontDesk/ReservationsForecasting.tsx(10,3): error TS6133: 'Plus' is declared but its value is never read.
src/components/FrontDesk/ReservationsForecasting.tsx(11,3): error TS6133: 'Calendar' is declared but its value is never read.
src/components/FrontDesk/ReservationsForecasting.tsx(12,3): error TS6133: 'Globe' is declared but its value is never read.
src/components/FrontDesk/ReservationsForecasting.tsx(14,3): error TS6133: 'Users' is declared but its value is never read.
src/components/FrontDesk/ReservationsForecasting.tsx(15,3): error TS6133: 'Search' is declared but its value is never read.
src/components/FrontDesk/ReservationsForecasting.tsx(17,3): error TS6133: 'Tag' is declared but its value is never read.
src/components/FrontDesk/ReservationsForecasting.tsx(19,3): error TS6133: 'Zap' is declared but its value is never read.
src/components/FrontDesk/ReservationsForecasting.tsx(21,3): error TS6133: 'ArrowRight' is declared but its value is never read.
src/components/FrontDesk/ReservationsForecasting.tsx(24,3): error TS6133: 'List' is declared but its value is never read.
src/components/FrontDesk/ReservationsForecasting.tsx(25,3): error TS6133: 'X' is declared but its value is never read.
src/components/FrontDesk/ReservationsForecasting.tsx(26,3): error TS6133: 'ChevronLeft' is declared but its value is never read.
src/components/FrontDesk/ReservationsForecasting.tsx(27,3): error TS6133: 'ChevronRight' is declared but its value is never read.
src/components/FrontDesk/ReservationsForecasting.tsx(28,3): error TS6133: 'UserPlus' is declared but its value is never read.
src/components/FrontDesk/ReservationsForecasting.tsx(29,3): error TS6133: 'Pencil' is declared but its value is never read.
src/components/FrontDesk/ReservationsForecasting.tsx(36,3): error TS6133: 'Info' is declared but its value is never read.
src/components/FrontDesk/ReservationsForecasting.tsx(225,9): error TS18048: 'forecastAggregates.simAvgOcc' is possibly 'undefined'.
src/components/FrontDesk/ReservationsForecasting.tsx(311,112): error TS18048: 'forecastAggregates.simAvgOcc' is possibly 'undefined'.
src/components/FrontDesk/ReservationsForecasting.tsx(315,32): error TS18048: 'forecastAggregates.simAvgOcc' is possibly 'undefined'.
src/components/FrontDesk/ReservationsForecasting.tsx(316,31): error TS18048: 'forecastAggregates.simAvgOcc' is possibly 'undefined'.
src/components/FrontDesk/ReservationsForecasting.tsx(330,29): error TS2345: Argument of type 'number | undefined' is not assignable to parameter of type 'number'.
  Type 'undefined' is not assignable to type 'number'.
src/components/FrontDesk/ReservationsForecasting.tsx(335,14): error TS18048: 'forecastAggregates.simTotalRev' is possibly 'undefined'.
src/components/FrontDesk/ReservationsForecasting.tsx(337,32): error TS18048: 'forecastAggregates.simTotalRev' is possibly 'undefined'.
src/components/FrontDesk/ReservationsForecasting.tsx(352,29): error TS2345: Argument of type 'number | undefined' is not assignable to parameter of type 'number'.
  Type 'undefined' is not assignable to type 'number'.
src/components/FrontDesk/ReservationsForecasting.tsx(372,29): error TS2345: Argument of type 'number | undefined' is not assignable to parameter of type 'number'.
  Type 'undefined' is not assignable to type 'number'.
src/components/FrontDesk/ReservationsForecasting.tsx(401,14): error TS18048: 'forecastAggregates.simAvgOcc' is possibly 'undefined'.
src/components/FrontDesk/ReservationsForecasting.tsx(571,16): error TS18048: 'forecastAggregates.simAvgOcc' is possibly 'undefined'.
src/components/FrontDesk/ReservationsForecasting.tsx(572,298): error TS18048: 'forecastAggregates.simTotalRev' is possibly 'undefined'.
src/components/FrontDesk/ReservationsForecasting.tsx(573,19): error TS18048: 'forecastAggregates.simAvgOcc' is possibly 'undefined'.
src/components/FrontDesk/ReservationsModule.tsx(3,49): error TS6133: 'ReservationStatus' is declared but its value is never read.
src/components/FrontDesk/ReservationsModule.tsx(13,3): error TS2300: Duplicate identifier 'Users'.
src/components/FrontDesk/ReservationsModule.tsx(18,3): error TS6133: 'Check' is declared but its value is never read.
src/components/FrontDesk/ReservationsModule.tsx(22,3): error TS6133: 'ArrowRight' is declared but its value is never read.
src/components/FrontDesk/ReservationsModule.tsx(27,3): error TS6133: 'ChevronLeft' is declared but its value is never read.
src/components/FrontDesk/ReservationsModule.tsx(31,3): error TS6133: 'Trash2' is declared but its value is never read.
src/components/FrontDesk/ReservationsModule.tsx(35,3): error TS2300: Duplicate identifier 'Users'.
src/components/FrontDesk/ReservationsModule.tsx(39,3): error TS6133: 'CalendarDays' is declared but its value is never read.
src/components/FrontDesk/ReservationsModule.tsx(40,3): error TS6133: 'Trash' is declared but its value is never read.
src/components/FrontDesk/ReservationsModule.tsx(60,3): error TS6133: 'currentUser' is declared but its value is never read.
src/components/FrontDesk/ReservationsModule.tsx(800,17): error TS6133: 'subtotal' is declared but its value is never read.
src/components/FrontDesk/ReservationsModule.tsx(895,17): error TS6133: 'isMixed' is declared but its value is never read.
src/components/FrontDesk/ReservationsModule.tsx(1189,9): error TS6133: 'startPromotingGroup' is declared but its value is never read.
src/components/FrontDesk/ReservationsModule.tsx(1246,31): error TS2322: Type '{ size: number; "sm:size": number; className: string; }' is not assignable to type 'IntrinsicAttributes & Omit<LucideProps, "ref"> & RefAttributes<SVGSVGElement>'.
  Property 'sm:size' does not exist on type 'IntrinsicAttributes & Omit<LucideProps, "ref"> & RefAttributes<SVGSVGElement>'.
src/components/FrontDesk/ReservationsModule.tsx(1265,27): error TS2322: Type '{ size: number; "sm:size": number; className: string; }' is not assignable to type 'IntrinsicAttributes & Omit<LucideProps, "ref"> & RefAttributes<SVGSVGElement>'.
  Property 'sm:size' does not exist on type 'IntrinsicAttributes & Omit<LucideProps, "ref"> & RefAttributes<SVGSVGElement>'.
src/components/FrontDesk/ReservationsModule.tsx(1284,31): error TS2322: Type '{ size: number; "sm:size": number; className: string; }' is not assignable to type 'IntrinsicAttributes & Omit<LucideProps, "ref"> & RefAttributes<SVGSVGElement>'.
  Property 'sm:size' does not exist on type 'IntrinsicAttributes & Omit<LucideProps, "ref"> & RefAttributes<SVGSVGElement>'.
src/components/FrontDesk/ReservationsModule.tsx(1297,28): error TS2322: Type '{ size: number; "sm:size": number; className: string; }' is not assignable to type 'IntrinsicAttributes & Omit<LucideProps, "ref"> & RefAttributes<SVGSVGElement>'.
  Property 'sm:size' does not exist on type 'IntrinsicAttributes & Omit<LucideProps, "ref"> & RefAttributes<SVGSVGElement>'.
src/components/FrontDesk/ReservationsModule.tsx(1310,31): error TS2322: Type '{ size: number; "sm:size": number; className: string; }' is not assignable to type 'IntrinsicAttributes & Omit<LucideProps, "ref"> & RefAttributes<SVGSVGElement>'.
  Property 'sm:size' does not exist on type 'IntrinsicAttributes & Omit<LucideProps, "ref"> & RefAttributes<SVGSVGElement>'.
src/components/FrontDesk/ReservationsModule.tsx(1323,33): error TS2322: Type '{ size: number; "sm:size": number; className: string; }' is not assignable to type 'IntrinsicAttributes & Omit<LucideProps, "ref"> & RefAttributes<SVGSVGElement>'.
  Property 'sm:size' does not exist on type 'IntrinsicAttributes & Omit<LucideProps, "ref"> & RefAttributes<SVGSVGElement>'.
src/components/FrontDesk/ReservationsModule.tsx(1336,29): error TS2322: Type '{ size: number; "sm:size": number; className: string; }' is not assignable to type 'IntrinsicAttributes & Omit<LucideProps, "ref"> & RefAttributes<SVGSVGElement>'.
  Property 'sm:size' does not exist on type 'IntrinsicAttributes & Omit<LucideProps, "ref"> & RefAttributes<SVGSVGElement>'.
src/components/FrontDesk/ReservationsModule.tsx(1803,81): error TS2345: Argument of type '"CheckedOut"' is not assignable to parameter of type '"Confirmed" | "CheckedIn" | "Cancelled" | "Pending" | "Completed"'.
src/components/FrontDesk/ReservationsModule.tsx(1936,91): error TS18048: 'res.depositAmount' is possibly 'undefined'.
src/components/FrontDesk/ReservationsModule.tsx(1936,128): error TS2345: Argument of type 'number | undefined' is not assignable to parameter of type 'number'.
  Type 'undefined' is not assignable to type 'number'.
src/components/FrontDesk/ReservationsModule.tsx(2584,11): error TS2322: Type 'string[] | readonly ["CheckedIn", "Confirmed", "CheckedOut", "Waitlisted", "Cancelled", "NoShow"]' is not assignable to type 'string | string[] | undefined'.
  Type 'readonly ["CheckedIn", "Confirmed", "CheckedOut", "Waitlisted", "Cancelled", "NoShow"]' is not assignable to type 'string | string[] | undefined'.
    The type 'readonly ["CheckedIn", "Confirmed", "CheckedOut", "Waitlisted", "Cancelled", "NoShow"]' is 'readonly' and cannot be assigned to the mutable type 'string[]'.
src/components/FrontDesk/ReservationsModule.tsx(3121,19): error TS18048: 'liveRes.packageIds.length' is possibly 'undefined'.
src/components/FrontDesk/ReservationsModule.tsx(3121,53): error TS18048: 'liveRes.guestServiceIds.length' is possibly 'undefined'.
src/components/FrontDesk/RoomSelectionCart.tsx(120,13): error TS6133: 'existing' is declared but its value is never read.
src/components/FrontDesk/SalesMarketingModule.tsx(6,8): error TS6133: 'React' is declared but its value is never read.
src/components/FrontDesk/SalesMarketingModule.tsx(219,63): error TS2339: Property 'type' does not exist on type 'Package'.
src/components/FrontDesk/SharedGuestsPanel.tsx(6,8): error TS6133: 'React' is declared but its value is never read.
src/components/FrontDesk/StayTimelineSection.tsx(6,1): error TS6133: 'React' is declared but its value is never read.
src/components/FrontDesk/TariffSummarySection.tsx(39,3): error TS6133: 'roomTotal' is declared but its value is never read.
src/components/FrontDesk/TariffSummarySection.tsx(40,3): error TS6133: 'packageTotal' is declared but its value is never read.
src/components/FrontDesk/TariffSummarySection.tsx(41,3): error TS6133: 'serviceTotal' is declared but its value is never read.
src/components/FrontDesk/TaxComplianceSection.tsx(6,1): error TS6133: 'React' is declared but its value is never read.
src/components/FrontOffice/AutomatedJourneyBuilder.tsx(6,8): error TS6133: 'React' is declared but its value is never read.
src/components/FrontOffice/AutomatedJourneyBuilder.tsx(11,3): error TS6133: 'Clock' is declared but its value is never read.
src/components/FrontOffice/AutomatedJourneyBuilder.tsx(12,3): error TS6133: 'Calendar' is declared but its value is never read.
src/components/FrontOffice/AutomatedJourneyBuilder.tsx(13,3): error TS6133: 'CheckCircle2' is declared but its value is never read.
src/components/FrontOffice/AutomatedJourneyBuilder.tsx(19,3): error TS6133: 'Settings' is declared but its value is never read.
src/components/FrontOffice/AutomatedJourneyBuilder.tsx(21,3): error TS6133: 'User' is declared but its value is never read.
src/components/FrontOffice/AutomatedJourneyBuilder.tsx(24,3): error TS6133: 'Filter' is declared but its value is never read.
src/components/FrontOffice/AutomatedJourneyBuilder.tsx(25,3): error TS6133: 'Copy' is declared but its value is never read.
src/components/FrontOffice/AutomatedJourneyBuilder.tsx(63,10): error TS6133: 'journeys' is declared but its value is never read.
src/components/FrontOffice/AutomatedJourneyBuilder.tsx(63,20): error TS6133: 'setJourneys' is declared but its value is never read.
src/components/FrontOffice/BusinessIntelligenceDashboard.tsx(8,3): error TS6133: 'TrendingUp' is declared but its value is never read.
src/components/FrontOffice/BusinessIntelligenceDashboard.tsx(9,3): error TS6133: 'TrendingDown' is declared but its value is never read.
src/components/FrontOffice/BusinessIntelligenceDashboard.tsx(10,3): error TS6133: 'DollarSign' is declared but its value is never read.
src/components/FrontOffice/BusinessIntelligenceDashboard.tsx(12,3): error TS6133: 'Bed' is declared but its value is never read.
src/components/FrontOffice/BusinessIntelligenceDashboard.tsx(13,3): error TS6133: 'Calendar' is declared but its value is never read.
src/components/FrontOffice/BusinessIntelligenceDashboard.tsx(14,3): error TS6133: 'BarChart3' is declared but its value is never read.
src/components/FrontOffice/BusinessIntelligenceDashboard.tsx(15,3): error TS6133: 'PieChart' is declared but its value is never read.
src/components/FrontOffice/BusinessIntelligenceDashboard.tsx(16,3): error TS6133: 'LineChart' is declared but its value is never read.
src/components/FrontOffice/BusinessIntelligenceDashboard.tsx(27,3): error TS6133: 'Building2' is declared but its value is never read.
src/components/FrontOffice/BusinessIntelligenceDashboard.tsx(28,3): error TS6133: 'Clock' is declared but its value is never read.
src/components/FrontOffice/ChannelPerformanceAttribution.tsx(8,3): error TS6133: 'BarChart3' is declared but its value is never read.
src/components/FrontOffice/ChannelPerformanceAttribution.tsx(13,3): error TS6133: 'Calendar' is declared but its value is never read.
src/components/FrontOffice/ChannelPerformanceAttribution.tsx(22,3): error TS6133: 'Smartphone' is declared but its value is never read.
src/components/FrontOffice/ChannelPerformanceAttribution.tsx(30,3): error TS6133: 'Clock' is declared but its value is never read.
src/components/FrontOffice/ChannelPerformanceAttribution.tsx(263,14): error TS2304: Cannot find name 'Plus'.
src/components/FrontOffice/GroupBookingWorkflow.tsx(14,3): error TS6133: 'XCircle' is declared but its value is never read.
src/components/FrontOffice/GroupBookingWorkflow.tsx(20,3): error TS6133: 'Edit' is declared but its value is never read.
src/components/FrontOffice/GroupBookingWorkflow.tsx(21,3): error TS6133: 'Trash2' is declared but its value is never read.
src/components/FrontOffice/GroupBookingWorkflow.tsx(22,3): error TS6133: 'Download' is declared but its value is never read.
src/components/FrontOffice/GroupBookingWorkflow.tsx(25,3): error TS6133: 'Save' is declared but its value is never read.
src/components/FrontOffice/GroupBookingWorkflow.tsx(26,3): error TS6133: 'ArrowRight' is declared but its value is never read.
src/components/FrontOffice/GroupBookingWorkflow.tsx(31,3): error TS6133: 'MapPin' is declared but its value is never read.
src/components/FrontOffice/GroupBookingWorkflow.tsx(89,10): error TS6133: 'showCreateModal' is declared but its value is never read.
src/components/FrontOffice/GroupBookingWorkflow.tsx(158,9): error TS6133: 'handleUpdateStatus' is declared but its value is never read.
src/components/FrontOffice/GuestCommunicationHub.tsx(6,8): error TS6133: 'React' is declared but its value is never read.
src/components/FrontOffice/GuestCommunicationHub.tsx(19,3): error TS6133: 'Globe' is declared but its value is never read.
src/components/FrontOffice/GuestCommunicationHub.tsx(26,3): error TS6133: 'Reply' is declared but its value is never read.
src/components/FrontOffice/GuestCommunicationHub.tsx(27,3): error TS6133: 'Forward' is declared but its value is never read.
src/components/FrontOffice/GuestLifetimeValue.tsx(11,3): error TS6133: 'Calendar' is declared but its value is never read.
src/components/FrontOffice/GuestLifetimeValue.tsx(18,3): error TS6133: 'ArrowUpRight' is declared but its value is never read.
src/components/FrontOffice/GuestLifetimeValue.tsx(19,3): error TS6133: 'ArrowDownRight' is declared but its value is never read.
src/components/FrontOffice/GuestLifetimeValue.tsx(21,3): error TS6133: 'Clock' is declared but its value is never read.
src/components/FrontOffice/GuestLifetimeValue.tsx(26,3): error TS6133: 'BarChart3' is declared but its value is never read.
src/components/FrontOffice/GuestLifetimeValue.tsx(27,3): error TS6133: 'PieChart' is declared but its value is never read.
src/components/FrontOffice/LoyaltyProgram.tsx(14,3): error TS6133: 'Percent' is declared but its value is never read.
src/components/FrontOffice/LoyaltyProgram.tsx(17,3): error TS6133: 'TrendingUp' is declared but its value is never read.
src/components/FrontOffice/LoyaltyProgram.tsx(19,3): error TS6133: 'Edit' is declared but its value is never read.
src/components/FrontOffice/LoyaltyProgram.tsx(20,3): error TS6133: 'Trash2' is declared but its value is never read.
src/components/FrontOffice/LoyaltyProgram.tsx(25,3): error TS6133: 'Settings' is declared but its value is never read.
src/components/FrontOffice/LoyaltyProgram.tsx(26,3): error TS6133: 'BarChart3' is declared but its value is never read.
src/components/FrontOffice/LoyaltyProgram.tsx(27,3): error TS6133: 'Target' is declared but its value is never read.
src/components/FrontOffice/LoyaltyProgram.tsx(28,3): error TS6133: 'Zap' is declared but its value is never read.
src/components/FrontOffice/LoyaltyProgram.tsx(31,3): error TS6133: 'Clock' is declared but its value is never read.
src/components/FrontOffice/LoyaltyProgram.tsx(32,3): error TS6133: 'ArrowUpRight' is declared but its value is never read.
src/components/FrontOffice/LoyaltyProgram.tsx(33,3): error TS6133: 'ArrowDownRight' is declared but its value is never read.
src/components/FrontOffice/MarketSegmentation.tsx(9,3): error TS6133: 'BarChart3' is declared but its value is never read.
src/components/FrontOffice/MarketSegmentation.tsx(13,3): error TS6133: 'Calendar' is declared but its value is never read.
src/components/FrontOffice/MarketSegmentation.tsx(24,3): error TS6133: 'MapPin' is declared but its value is never read.
src/components/FrontOffice/MarketSegmentation.tsx(25,3): error TS6133: 'Clock' is declared but its value is never read.
src/components/FrontOffice/MarketSegmentation.tsx(239,16): error TS2304: Cannot find name 'Plus'.
src/components/FrontOffice/MobileCheckInOut.tsx(6,27): error TS6133: 'useEffect' is declared but its value is never read.
src/components/FrontOffice/MobileCheckInOut.tsx(10,3): error TS6133: 'XCircle' is declared but its value is never read.
src/components/FrontOffice/MobileCheckInOut.tsx(11,3): error TS6133: 'Clock' is declared but its value is never read.
src/components/FrontOffice/MobileCheckInOut.tsx(13,3): error TS6133: 'FileText' is declared but its value is never read.
src/components/FrontOffice/MobileCheckInOut.tsx(15,3): error TS6133: 'MapPin' is declared but its value is never read.
src/components/FrontOffice/MobileCheckInOut.tsx(16,3): error TS6133: 'Phone' is declared but its value is never read.
src/components/FrontOffice/MobileCheckInOut.tsx(17,3): error TS6133: 'Mail' is declared but its value is never read.
src/components/FrontOffice/MobileCheckInOut.tsx(23,3): error TS6133: 'Upload' is declared but its value is never read.
src/components/FrontOffice/MobileCheckInOut.tsx(24,3): error TS6133: 'Download' is declared but its value is never read.
src/components/FrontOffice/MobileCheckInOut.tsx(27,3): error TS6133: 'Info' is declared but its value is never read.
src/components/FrontOffice/NightAuditAutomation.tsx(8,3): error TS6133: 'Moon' is declared but its value is never read.
src/components/FrontOffice/NightAuditAutomation.tsx(15,3): error TS6133: 'Users' is declared but its value is never read.
src/components/FrontOffice/NightAuditAutomation.tsx(22,3): error TS6133: 'TrendingUp' is declared but its value is never read.
src/components/FrontOffice/NightAuditAutomation.tsx(25,3): error TS6133: 'Search' is declared but its value is never read.
src/components/FrontOffice/NightAuditAutomation.tsx(26,3): error TS6133: 'Filter' is declared but its value is never read.
src/components/FrontOffice/NightAuditAutomation.tsx(85,10): error TS6133: 'loading' is declared but its value is never read.
src/components/FrontOffice/NightAuditAutomation.tsx(288,71): error TS2339: Property 'todayOccupied' does not exist on type '{ todayOccupancy: number; todayRevenue: number; pendingTasks: number; failedTasks: number; unresolvedDiscrepancies: number; }'.
src/components/FrontOffice/OmnichannelMessaging.tsx(6,8): error TS6133: 'React' is declared but its value is never read.
src/components/FrontOffice/OmnichannelMessaging.tsx(13,3): error TS6133: 'Filter' is declared but its value is never read.
src/components/FrontOffice/OmnichannelMessaging.tsx(18,3): error TS6133: 'AlertCircle' is declared but its value is never read.
src/components/FrontOffice/OmnichannelMessaging.tsx(21,3): error TS6133: 'Reply' is declared but its value is never read.
src/components/FrontOffice/OmnichannelMessaging.tsx(23,3): error TS6133: 'Star' is declared but its value is never read.
src/components/FrontOffice/OmnichannelMessaging.tsx(25,3): error TS6133: 'RefreshCw' is declared but its value is never read.
src/components/FrontOffice/OmnichannelMessaging.tsx(181,9): error TS6133: 'getChannelIcon' is declared but its value is never read.
src/components/FrontOffice/OverbookingManagement.tsx(10,3): error TS6133: 'Calendar' is declared but its value is never read.
src/components/FrontOffice/OverbookingManagement.tsx(12,3): error TS6133: 'TrendingUp' is declared but its value is never read.
src/components/FrontOffice/OverbookingManagement.tsx(13,3): error TS6133: 'TrendingDown' is declared but its value is never read.
src/components/FrontOffice/OverbookingManagement.tsx(18,3): error TS6133: 'Eye' is declared but its value is never read.
src/components/FrontOffice/OverbookingManagement.tsx(20,3): error TS6133: 'XCircle' is declared but its value is never read.
src/components/FrontOffice/OverbookingManagement.tsx(21,3): error TS6133: 'Clock' is declared but its value is never read.
src/components/FrontOffice/OverbookingManagement.tsx(25,3): error TS6133: 'FileText' is declared but its value is never read.
src/components/FrontOffice/OverbookingManagement.tsx(27,3): error TS6133: 'Mail' is declared but its value is never read.
src/components/FrontOffice/OverbookingManagement.tsx(28,3): error TS6133: 'Car' is declared but its value is never read.
src/components/FrontOffice/OverbookingManagement.tsx(29,3): error TS6133: 'Home' is declared but its value is never read.
src/components/FrontOffice/OverbookingManagement.tsx(30,3): error TS6133: 'LucideIcon' is declared but its value is never read.
src/components/FrontOffice/OverbookingManagement.tsx(66,11): error TS6196: 'CompensationOffer' is declared but never used.
src/components/FrontOffice/OverbookingManagement.tsx(90,10): error TS6133: 'selectedAlert' is declared but its value is never read.
src/components/FrontOffice/OverbookingManagement.tsx(90,25): error TS6133: 'setSelectedAlert' is declared but its value is never read.
src/components/FrontOffice/OverbookingManagement.tsx(216,9): error TS6133: 'getIconWithColor' is declared but its value is never read.
src/components/FrontOffice/OverbookingManagement.tsx(216,29): error TS6133: 'iconName' is declared but its value is never read.
src/components/FrontOffice/PreArrivalEmailSystem.tsx(6,8): error TS6133: 'React' is declared but its value is never read.
src/components/FrontOffice/PreArrivalEmailSystem.tsx(15,3): error TS6133: 'Clock' is declared but its value is never read.
src/components/FrontOffice/PreArrivalEmailSystem.tsx(18,3): error TS6133: 'AlertCircle' is declared but its value is never read.
src/components/FrontOffice/PreArrivalEmailSystem.tsx(20,3): error TS6133: 'User' is declared but its value is never read.
src/components/FrontOffice/PreArrivalEmailSystem.tsx(22,3): error TS6133: 'Copy' is declared but its value is never read.
src/components/FrontOffice/PreArrivalEmailSystem.tsx(23,3): error TS6133: 'Play' is declared but its value is never read.
src/components/FrontOffice/PreArrivalEmailSystem.tsx(24,3): error TS6133: 'Pause' is declared but its value is never read.
src/components/FrontOffice/PreArrivalEmailSystem.tsx(25,3): error TS6133: 'Settings' is declared but its value is never read.
src/components/FrontOffice/PreArrivalEmailSystem.tsx(26,3): error TS6133: 'FileText' is declared but its value is never read.
src/components/FrontOffice/PreArrivalEmailSystem.tsx(27,12): error TS6133: 'ImageIcon' is declared but its value is never read.
src/components/FrontOffice/PreArrivalEmailSystem.tsx(29,3): error TS6133: 'Target' is declared but its value is never read.
src/components/FrontOffice/PreArrivalEmailSystem.tsx(73,10): error TS6133: 'campaigns' is declared but its value is never read.
src/components/FrontOffice/PreArrivalEmailSystem.tsx(243,7): error TS2322: Type '"group" | "vip" | "first_time" | "returning" | "all_guests"' is not assignable to type '"all_guests"'.
  Type '"group"' is not assignable to type '"all_guests"'.
src/components/FrontOffice/RealTimeFeedback.tsx(6,8): error TS6133: 'React' is declared but its value is never read.
src/components/FrontOffice/RealTimeFeedback.tsx(12,3): error TS6133: 'AlertTriangle' is declared but its value is never read.
src/components/FrontOffice/RealTimeFeedback.tsx(15,3): error TS6133: 'Calendar' is declared but its value is never read.
src/components/FrontOffice/RealTimeFeedback.tsx(17,3): error TS6133: 'TrendingUp' is declared but its value is never read.
src/components/FrontOffice/RealTimeFeedback.tsx(18,3): error TS6133: 'TrendingDown' is declared but its value is never read.
src/components/FrontOffice/RealTimeFeedback.tsx(19,3): error TS6133: 'BarChart3' is declared but its value is never read.
src/components/FrontOffice/RealTimeFeedback.tsx(22,3): error TS6133: 'Eye' is declared but its value is never read.
src/components/FrontOffice/RealTimeFeedback.tsx(27,3): error TS6133: 'XCircle' is declared but its value is never read.
src/components/FrontOffice/RealTimeFeedback.tsx(336,43): error TS6133: 'index' is declared but its value is never read.
src/components/FrontOffice/UpsellingEngine.tsx(6,8): error TS6133: 'React' is declared but its value is never read.
src/components/FrontOffice/UpsellingEngine.tsx(16,3): error TS6133: 'Trash2' is declared but its value is never read.
src/components/FrontOffice/UpsellingEngine.tsx(17,3): error TS6133: 'Play' is declared but its value is never read.
src/components/FrontOffice/UpsellingEngine.tsx(18,3): error TS6133: 'Pause' is declared but its value is never read.
src/components/FrontOffice/UpsellingEngine.tsx(22,3): error TS6133: 'XCircle' is declared but its value is never read.
src/components/FrontOffice/UpsellingEngine.tsx(23,3): error TS6133: 'Filter' is declared but its value is never read.
src/components/FrontOffice/UpsellingEngine.tsx(26,3): error TS6133: 'Copy' is declared but its value is never read.
src/components/FrontOffice/UpsellingEngine.tsx(65,10): error TS6133: 'campaigns' is declared but its value is never read.
src/components/FrontOffice/UpsellingEngine.tsx(65,21): error TS6133: 'setCampaigns' is declared but its value is never read.
src/components/FrontOffice/UpsellingEngine.tsx(66,10): error TS6133: 'selectedCampaign' is declared but its value is never read.
src/components/FrontOffice/UpsellingEngine.tsx(66,28): error TS6133: 'setSelectedCampaign' is declared but its value is never read.
src/components/FrontOffice/UpsellingEngine.tsx(67,10): error TS6133: 'showBuilder' is declared but its value is never read.
src/components/FrontOffice/UpsellingEngine.tsx(67,23): error TS6133: 'setShowBuilder' is declared but its value is never read.
src/components/FrontOffice/UpsellingEngine.tsx(188,9): error TS6133: 'calculateCTR' is declared but its value is never read.
src/components/FrontOffice/UpsellingEngine.tsx(192,9): error TS6133: 'calculateConversionRate' is declared but its value is never read.
src/components/GuestMobilePortal.tsx(1,27): error TS6133: 'useEffect' is declared but its value is never read.
src/components/GuestMobilePortal.tsx(4,13): error TS6133: 'CheckCircle2' is declared but its value is never read.
src/components/Housekeeping/GuestAmenitiesModule.tsx(6,8): error TS6133: 'React' is declared but its value is never read.
src/components/Housekeeping/GuestAmenitiesModule.tsx(6,27): error TS6133: 'useMemo' is declared but its value is never read.
src/components/Housekeeping/GuestAmenitiesModule.tsx(10,3): error TS6133: 'Plus' is declared but its value is never read.
src/components/Housekeeping/GuestAmenitiesModule.tsx(12,3): error TS6133: 'ArrowDownLeft' is declared but its value is never read.
src/components/Housekeeping/GuestAmenitiesModule.tsx(14,3): error TS6133: 'Truck' is declared but its value is never read.
src/components/Housekeeping/GuestAmenitiesModule.tsx(17,3): error TS6133: 'Archive' is declared but its value is never read.
src/components/Housekeeping/GuestAmenitiesModule.tsx(18,3): error TS6133: 'ArrowRight' is declared but its value is never read.
src/components/Housekeeping/GuestAmenitiesModule.tsx(35,11): error TS6133: 'formatAmount' is declared but its value is never read.
src/components/Housekeeping/GuestAmenitiesModule.tsx(35,42): error TS6133: 'inventoryItems' is declared but its value is never read.
src/components/Housekeeping/GuestAmenitiesModule.tsx(62,68): error TS2345: Argument of type '"error"' is not assignable to parameter of type '"success" | "info" | "warning" | "task"'.
src/components/Housekeeping/GuestAmenitiesModule.tsx(70,63): error TS2345: Argument of type '"error"' is not assignable to parameter of type '"success" | "info" | "warning" | "task"'.
src/components/Housekeeping/GuestAmenitiesModule.tsx(91,117): error TS2345: Argument of type '"Inventory"' is not assignable to parameter of type '"F&B" | "Front Office" | "Housekeeping" | "Maintenance" | "Finance" | "Procurement" | "HR" | "Spa" | "Executive"'.
src/components/Housekeeping/HKDashboard.tsx(6,8): error TS6133: 'React' is declared but its value is never read.
src/components/Housekeeping/HKDashboard.tsx(6,26): error TS6133: 'useState' is declared but its value is never read.
src/components/Housekeeping/HKDashboard.tsx(15,3): error TS6133: 'TrendingUp' is declared but its value is never read.
src/components/Housekeeping/HKDashboard.tsx(19,3): error TS6133: 'Plus' is declared but its value is never read.
src/components/Housekeeping/HKDashboard.tsx(37,11): error TS6196: 'SuppliesRequest' is declared but never used.
src/components/Housekeeping/HKDashboard.tsx(51,5): error TS6133: 'clearNotification' is declared but its value is never read.
src/components/Housekeeping/HKDashboard.tsx(52,5): error TS6133: 'addNotification' is declared but its value is never read.
src/components/Housekeeping/HKDashboard.tsx(53,5): error TS6133: 'formatAmount' is declared but its value is never read.
src/components/Housekeeping/HKDashboard.tsx(61,41): error TS2367: This comparison appears to be unintentional because the types 'RoomStatus' and '"Inspected"' have no overlap.
src/components/Housekeeping/HKDashboard.tsx(65,43): error TS2367: This comparison appears to be unintentional because the types 'RoomStatus' and '"Maintenance Required"' have no overlap.
src/components/Housekeeping/HKReportsModule.tsx(8,3): error TS6133: 'TrendingUp' is declared but its value is never read.
src/components/Housekeeping/HKReportsModule.tsx(10,3): error TS6133: 'Calendar' is declared but its value is never read.
src/components/Housekeeping/HKReportsModule.tsx(11,3): error TS6133: 'Users' is declared but its value is never read.
src/components/Housekeeping/HKReportsModule.tsx(13,3): error TS6133: 'CheckCircle' is declared but its value is never read.
src/components/Housekeeping/HKReportsModule.tsx(16,3): error TS6133: 'Waves' is declared but its value is never read.
src/components/Housekeeping/HKReportsModule.tsx(29,3): error TS6133: 'PlayCircle' is declared but its value is never read.
src/components/Housekeeping/HKReportsModule.tsx(42,3): error TS6133: 'PieChart' is declared but its value is never read.
src/components/Housekeeping/HKReportsModule.tsx(43,3): error TS6133: 'Pie' is declared but its value is never read.
src/components/Housekeeping/HKReportsModule.tsx(153,10): error TS6133: 'showEmailModal' is declared but its value is never read.
src/components/Housekeeping/HKReportsModule.tsx(195,32): error TS6133: 'setFormComplaintResMins' is declared but its value is never read.
src/components/Housekeeping/HKReportsModule.tsx(352,11): error TS6133: 'totalDamageValue' is declared but its value is never read.
src/components/Housekeeping/HKReportsModule.tsx(353,11): error TS6133: 'totalSpoilageQty' is declared but its value is never read.
src/components/Housekeeping/HKReportsModule.tsx(358,56): error TS2365: Operator '+' cannot be applied to types 'number' and 'ComplaintLog'.
src/components/Housekeeping/HKReportsModule.tsx(392,5): error TS2554: Expected 3 arguments, but got 1.
src/components/Housekeeping/HKReportsModule.tsx(420,5): error TS2554: Expected 3 arguments, but got 1.
src/components/Housekeeping/HKReportsModule.tsx(446,5): error TS2554: Expected 3 arguments, but got 1.
src/components/Housekeeping/HKReportsModule.tsx(488,5): error TS2554: Expected 3 arguments, but got 1.
src/components/Housekeeping/HKReportsModule.tsx(514,5): error TS2554: Expected 3 arguments, but got 1.
src/components/Housekeeping/HKReportsModule.tsx(565,9): error TS6133: 'handleAddSchedule' is declared but its value is never read.
src/components/Housekeeping/HKReportsModule.tsx(632,9): error TS6133: 'filteredInspections' is declared but its value is never read.
src/components/Housekeeping/HKReportsModule.tsx(642,9): error TS6133: 'filteredComplaints' is declared but its value is never read.
src/components/Housekeeping/HKReportsModule.tsx(1030,63): error TS6133: 'entry' is declared but its value is never read.
src/components/Housekeeping/HousekeepingInventoryModule.tsx(6,8): error TS6133: 'React' is declared but its value is never read.
src/components/Housekeeping/HousekeepingInventoryModule.tsx(8,3): error TS6133: 'Package' is declared but its value is never read.
src/components/Housekeeping/HousekeepingInventoryModule.tsx(10,3): error TS6133: 'Plus' is declared but its value is never read.
src/components/Housekeeping/HousekeepingInventoryModule.tsx(17,3): error TS6133: 'Archive' is declared but its value is never read.
src/components/Housekeeping/HousekeepingInventoryModule.tsx(34,11): error TS6133: 'formatAmount' is declared but its value is never read.
src/components/Housekeeping/HousekeepingInventoryModule.tsx(61,68): error TS2345: Argument of type '"error"' is not assignable to parameter of type '"success" | "info" | "warning" | "task"'.
src/components/Housekeeping/HousekeepingInventoryModule.tsx(69,63): error TS2345: Argument of type '"error"' is not assignable to parameter of type '"success" | "info" | "warning" | "task"'.
src/components/Housekeeping/HousekeepingInventoryModule.tsx(90,117): error TS2345: Argument of type '"Inventory"' is not assignable to parameter of type '"F&B" | "Front Office" | "Housekeeping" | "Maintenance" | "Finance" | "Procurement" | "HR" | "Spa" | "Executive"'.
src/components/Housekeeping/HousekeepingPortal.tsx(6,8): error TS6133: 'React' is declared but its value is never read.
src/components/Housekeeping/HousekeepingPortal.tsx(7,1): error TS6192: All imports in import declaration are unused.
src/components/Housekeeping/HousekeepingPortal.tsx(117,13): error TS2322: Type '{ housekeepers: any[]; setHousekeepers: Dispatch<SetStateAction<any[]>>; }' is not assignable to type 'IntrinsicAttributes'.
  Property 'housekeepers' does not exist on type 'IntrinsicAttributes'.
src/components/Housekeeping/LaundryModule.tsx(11,3): error TS6133: 'Clock' is declared but its value is never read.
src/components/Housekeeping/LaundryModule.tsx(14,3): error TS6133: 'ClipboardList' is declared but its value is never read.
src/components/Housekeeping/LaundryModule.tsx(15,3): error TS6133: 'History' is declared but its value is never read.
src/components/Housekeeping/LaundryModule.tsx(16,3): error TS6133: 'User' is declared but its value is never read.
src/components/Housekeeping/LaundryModule.tsx(17,3): error TS6133: 'CheckCircle2' is declared but its value is never read.
src/components/Housekeeping/LaundryModule.tsx(18,3): error TS6133: 'AlertTriangle' is declared but its value is never read.
src/components/Housekeeping/LaundryModule.tsx(19,3): error TS6133: 'Info' is declared but its value is never read.
src/components/Housekeeping/LaundryModule.tsx(20,3): error TS6133: 'DollarSign' is declared but its value is never read.
src/components/Housekeeping/LaundryModule.tsx(77,10): error TS6133: 'linenLogs' is declared but its value is never read.
src/components/Housekeeping/LostAndFoundModule.tsx(12,3): error TS6133: 'CheckCircle' is declared but its value is never read.
src/components/Housekeeping/LostAndFoundModule.tsx(15,1): error TS6192: All imports in import declaration are unused.
src/components/Housekeeping/LostAndFoundModule.tsx(35,17): error TS6133: 'setItems' is declared but its value is never read.
src/components/Housekeeping/PerformanceAnalyticsModule.tsx(6,8): error TS6133: 'React' is declared but its value is never read.
src/components/Housekeeping/PerformanceAnalyticsModule.tsx(11,3): error TS6133: 'Clock' is declared but its value is never read.
src/components/Housekeeping/PerformanceAnalyticsModule.tsx(12,3): error TS6133: 'Users' is declared but its value is never read.
src/components/Housekeeping/PerformanceAnalyticsModule.tsx(14,3): error TS6133: 'Calendar' is declared but its value is never read.
src/components/Housekeeping/PerformanceAnalyticsModule.tsx(18,3): error TS6133: 'Target' is declared but its value is never read.
src/components/Housekeeping/PerformanceAnalyticsModule.tsx(50,10): error TS6133: 'selectedMetric' is declared but its value is never read.
src/components/Housekeeping/PerformanceAnalyticsModule.tsx(50,26): error TS6133: 'setSelectedMetric' is declared but its value is never read.
src/components/Housekeeping/RoomBoardModule.tsx(12,3): error TS6133: 'CheckCircle' is declared but its value is never read.
src/components/Housekeeping/RoomBoardModule.tsx(13,3): error TS6133: 'Wrench' is declared but its value is never read.
src/components/Housekeeping/RoomBoardModule.tsx(15,3): error TS6133: 'User' is declared but its value is never read.
src/components/Housekeeping/RoomBoardModule.tsx(16,3): error TS6133: 'Check' is declared but its value is never read.
src/components/Housekeeping/RoomBoardModule.tsx(19,3): error TS6133: 'Info' is declared but its value is never read.
src/components/Housekeeping/RoomBoardModule.tsx(20,3): error TS6133: 'Clock' is declared but its value is never read.
src/components/Housekeeping/RoomBoardModule.tsx(21,3): error TS6133: 'Send' is declared but its value is never read.
src/components/Housekeeping/RoomBoardModule.tsx(22,3): error TS6133: 'Printer' is declared but its value is never read.
src/components/Housekeeping/RoomBoardModule.tsx(24,3): error TS6133: 'Moon' is declared but its value is never read.
src/components/Housekeeping/RoomBoardModule.tsx(25,3): error TS6133: 'Waves' is declared but its value is never read.
src/components/Housekeeping/RoomBoardModule.tsx(26,3): error TS6133: 'Coffee' is declared but its value is never read.
src/components/Housekeeping/RoomBoardModule.tsx(27,3): error TS6133: 'Package' is declared but its value is never read.
src/components/Housekeeping/RoomBoardModule.tsx(29,3): error TS6133: 'Pause' is declared but its value is never read.
src/components/Housekeeping/RoomBoardModule.tsx(51,5): error TS6133: 'formatAmount' is declared but its value is never read.
src/components/Housekeeping/RoomBoardModule.tsx(55,24): error TS6133: 'setStatusFilter' is declared but its value is never read.
src/components/Housekeeping/RoomBoardModule.tsx(56,22): error TS6133: 'setTypeFilter' is declared but its value is never read.
src/components/Housekeeping/RoomBoardModule.tsx(61,23): error TS6133: 'setRoomDetails' is declared but its value is never read.
src/components/Housekeeping/RoomBoardModule.tsx(82,31): error TS6133: 'setMaintenancePriority' is declared but its value is never read.
src/components/Housekeeping/RoomBoardModule.tsx(134,49): error TS2367: This comparison appears to be unintentional because the types 'RoomStatus' and '"Inspected"' have no overlap.
src/components/Housekeeping/RoomBoardModule.tsx(135,49): error TS2367: This comparison appears to be unintentional because the types 'RoomStatus' and '"Inspected"' have no overlap.
src/components/Housekeeping/RoomBoardModule.tsx(136,51): error TS2367: This comparison appears to be unintentional because the types 'RoomStatus' and '"Inspected"' have no overlap.
src/components/Housekeeping/RoomBoardModule.tsx(137,50): error TS2367: This comparison appears to be unintentional because the types 'RoomStatus' and '"Inspected"' have no overlap.
src/components/Housekeeping/RoomBoardModule.tsx(138,50): error TS2367: This comparison appears to be unintentional because the types 'RoomStatus' and '"Inspected"' have no overlap.
src/components/Housekeeping/RoomBoardModule.tsx(139,49): error TS2367: This comparison appears to be unintentional because the types 'RoomStatus' and '"Inspected"' have no overlap.
src/components/Housekeeping/RoomBoardModule.tsx(143,9): error TS6133: 'toggleChecklistItem' is declared but its value is never read.
src/components/Housekeeping/RoomBoardModule.tsx(181,34): error TS2345: Argument of type '"Maintenance Required"' is not assignable to parameter of type 'RoomStatus'.
src/components/Housekeeping/RoomBoardModule.tsx(200,34): error TS2345: Argument of type '"Inspected"' is not assignable to parameter of type 'RoomStatus'.
src/components/Housekeeping/RoomBoardModule.tsx(253,23): error TS6133: 'isAssigned' is declared but its value is never read.
src/components/Housekeeping/RoomBoardModule.tsx(254,23): error TS6133: 'housekeeper' is declared but its value is never read.
src/components/Housekeeping/StaffManagementModule.tsx(1,1): error TS6133: 'React' is declared but its value is never read.
src/components/Housekeeping/StaffManagementModule.tsx(4,3): error TS6133: 'Clock' is declared but its value is never read.
src/components/Housekeeping/StaffManagementModule.tsx(7,3): error TS6133: 'TrendingUp' is declared but its value is never read.
src/components/Housekeeping/StaffManagementModule.tsx(10,3): error TS6133: 'Settings' is declared but its value is never read.
src/components/Housekeeping/StaffManagementModule.tsx(11,3): error TS6133: 'MoreVertical' is declared but its value is never read.
src/components/Housekeeping/StaffManagementModule.tsx(15,1): error TS6133: 'motion' is declared but its value is never read.
src/components/Housekeeping/TaskManagementModule.tsx(6,8): error TS6133: 'React' is declared but its value is never read.
src/components/Housekeeping/TaskManagementModule.tsx(9,3): error TS6133: 'Clock' is declared but its value is never read.
src/components/Housekeeping/TaskManagementModule.tsx(10,3): error TS6133: 'AlertTriangle' is declared but its value is never read.
src/components/Housekeeping/TaskManagementModule.tsx(13,3): error TS6133: 'User' is declared but its value is never read.
src/components/Housekeeping/TaskManagementModule.tsx(15,3): error TS6133: 'Filter' is declared but its value is never read.
src/components/Housekeeping/TaskManagementModule.tsx(21,17): error TS6133: 'setTasks' is declared but its value is never read.
src/components/Housekeeping/TaskManagementModule.tsx(83,9): error TS6133: 'getStatusColor' is declared but its value is never read.
src/components/Housekeeping/TaskOptimizationModule.tsx(12,3): error TS6133: 'AlertCircle' is declared but its value is never read.
src/components/Housekeeping/TaskOptimizationModule.tsx(13,3): error TS6133: 'CheckCircle2' is declared but its value is never read.
src/components/HumanResources/AttendanceManagement.tsx(1,1): error TS6133: 'React' is declared but its value is never read.
src/components/HumanResources/AttendanceManagement.tsx(2,53): error TS6133: 'Search' is declared but its value is never read.
src/components/HumanResources/AttendanceManagement.tsx(2,61): error TS6133: 'Filter' is declared but its value is never read.
src/components/HumanResources/AttendanceManagement.tsx(2,69): error TS6133: 'MoreVertical' is declared but its value is never read.
src/components/HumanResources/AttendanceManagement.tsx(2,83): error TS6133: 'CheckCircle2' is declared but its value is never read.
src/components/HumanResources/EmployeeDirectory.tsx(1,8): error TS6133: 'React' is declared but its value is never read.
src/components/HumanResources/EmployeeDirectory.tsx(3,3): error TS6133: 'Users' is declared but its value is never read.
src/components/HumanResources/EmployeeDirectory.tsx(9,3): error TS6133: 'MapPin' is declared but its value is never read.
src/components/HumanResources/EmployeeDirectory.tsx(10,3): error TS6133: 'Calendar' is declared but its value is never read.
src/components/HumanResources/HRDashboard.tsx(1,1): error TS6133: 'React' is declared but its value is never read.
src/components/HumanResources/HumanResourcesPortal.tsx(1,1): error TS6192: All imports in import declaration are unused.
src/components/HumanResources/HumanResourcesPortal.tsx(2,1): error TS6192: All imports in import declaration are unused.
src/components/HumanResources/LeaveManagement.tsx(1,1): error TS6133: 'React' is declared but its value is never read.
src/components/HumanResources/LeaveManagement.tsx(2,61): error TS6133: 'Search' is declared but its value is never read.
src/components/HumanResources/PayrollEngine.tsx(1,8): error TS6133: 'React' is declared but its value is never read.
src/components/HumanResources/PayrollEngine.tsx(2,91): error TS6133: 'Printer' is declared but its value is never read.
src/components/HumanResources/PayrollManagement.tsx(1,1): error TS6133: 'React' is declared but its value is never read.
src/components/HumanResources/PayrollManagement.tsx(2,10): error TS6133: 'CreditCard' is declared but its value is never read.
src/components/HumanResources/PayrollManagement.tsx(2,44): error TS6133: 'FileSpreadsheet' is declared but its value is never read.
src/components/HumanResources/PayrollManagement.tsx(2,61): error TS6133: 'CheckCircle2' is declared but its value is never read.
src/components/HumanResources/PayslipViewer.tsx(1,1): error TS6133: 'React' is declared but its value is never read.
src/components/HumanResources/PerformanceManagement.tsx(1,1): error TS6133: 'React' is declared but its value is never read.
src/components/HumanResources/PerformanceManagement.tsx(2,50): error TS6133: 'Search' is declared but its value is never read.
src/components/HumanResources/PerformanceManagement.tsx(2,58): error TS6133: 'Filter' is declared but its value is never read.
src/components/HumanResources/PerformanceManagement.tsx(2,66): error TS6133: 'ShieldCheck' is declared but its value is never read.
src/components/HumanResources/RecruitmentFlow.tsx(1,1): error TS6133: 'React' is declared but its value is never read.
src/components/HumanResources/RecruitmentFlow.tsx(2,30): error TS6133: 'FileCheck' is declared but its value is never read.
src/components/HumanResources/RecruitmentFlow.tsx(2,41): error TS6133: 'Search' is declared but its value is never read.
src/components/HumanResources/RecruitmentFlow.tsx(2,49): error TS6133: 'Filter' is declared but its value is never read.
src/components/HumanResources/RecruitmentFlow.tsx(2,68): error TS6133: 'GraduationCap' is declared but its value is never read.
src/components/HumanResources/TrainingDevelopment.tsx(1,1): error TS6133: 'React' is declared but its value is never read.
src/components/HumanResources/TrainingDevelopment.tsx(2,35): error TS6133: 'Users' is declared but its value is never read.
src/components/HumanResources/TrainingDevelopment.tsx(2,42): error TS6133: 'BarChart3' is declared but its value is never read.
src/components/HumanResources/TrainingDevelopment.tsx(2,77): error TS6133: 'Search' is declared but its value is never read.
src/components/HumanResources/TrainingDevelopment.tsx(2,85): error TS6133: 'MoreVertical' is declared but its value is never read.
src/components/Inventory/InventoryDashboard.tsx(77,9): error TS6133: 'consumptionTrend' is declared but its value is never read.
src/components/Inventory/InventoryDashboard.tsx(144,26): error TS2322: Type '(value: number) => string' is not assignable to type 'Formatter<ValueType, NameType> & ((value: ValueType, name: NameType, item: TooltipPayloadEntry, index: number, payload: TooltipPayload) => ReactNode | [...])'.
  Type '(value: number) => string' is not assignable to type 'Formatter<ValueType, NameType>'.
    Types of parameters 'value' and 'value' are incompatible.
      Type 'ValueType | undefined' is not assignable to type 'number'.
        Type 'undefined' is not assignable to type 'number'.
src/components/Inventory/InventoryDashboard.tsx(168,36): error TS2322: Type '(value: number) => string' is not assignable to type 'Formatter<ValueType, NameType> & ((value: ValueType, name: NameType, item: TooltipPayloadEntry, index: number, payload: TooltipPayload) => ReactNode | [...])'.
  Type '(value: number) => string' is not assignable to type 'Formatter<ValueType, NameType>'.
    Types of parameters 'value' and 'value' are incompatible.
      Type 'ValueType | undefined' is not assignable to type 'number'.
        Type 'undefined' is not assignable to type 'number'.
src/components/Inventory/InventoryPortal.tsx(2,17): error TS6133: 'useState' is declared but its value is never read.
src/components/Inventory/InventoryPortal.tsx(3,1): error TS6192: All imports in import declaration are unused.
src/components/Inventory/ItemMasterModule.tsx(5,3): error TS6133: 'Filter' is declared but its value is never read.
src/components/Inventory/ItemMasterModule.tsx(7,3): error TS6133: 'Box' is declared but its value is never read.
src/components/Inventory/ItemMasterModule.tsx(8,3): error TS6133: 'AlertCircle' is declared but its value is never read.
src/components/Inventory/ItemMasterModule.tsx(9,3): error TS6133: 'ChevronRight' is declared but its value is never read.
src/components/Inventory/ItemMasterModule.tsx(10,3): error TS6133: 'MoreVertical' is declared but its value is never read.
src/components/Inventory/ItemMasterModule.tsx(17,3): error TS6133: 'X' is declared but its value is never read.
src/components/Inventory/ItemMasterModule.tsx(441,84): error TS18047: 'selectedItem' is possibly 'null'.
src/components/Inventory/ItemMasterModule.tsx(442,99): error TS18047: 'selectedItem' is possibly 'null'.
src/components/Inventory/ItemMasterModule.tsx(442,121): error TS18047: 'selectedItem' is possibly 'null'.
src/components/Inventory/ItemMasterModule.tsx(442,147): error TS18047: 'selectedItem' is possibly 'null'.
src/components/Inventory/ItemMasterModule.tsx(448,92): error TS18047: 'selectedItem' is possibly 'null'.
src/components/Inventory/ItemMasterModule.tsx(452,105): error TS18047: 'selectedItem' is possibly 'null'.
src/components/Inventory/ItemMasterModule.tsx(456,91): error TS18047: 'selectedItem' is possibly 'null'.
src/components/Inventory/ItemMasterModule.tsx(456,119): error TS18047: 'selectedItem' is possibly 'null'.
src/components/Inventory/ItemMasterModule.tsx(462,58): error TS18047: 'selectedItem' is possibly 'null'.
src/components/Inventory/ItemMasterModule.tsx(465,58): error TS18047: 'selectedItem' is possibly 'null'.
src/components/Inventory/ReceivingModule.tsx(8,3): error TS6133: 'User' is declared but its value is never read.
src/components/Inventory/ReceivingModule.tsx(9,3): error TS6133: 'ArrowRight' is declared but its value is never read.
src/components/Inventory/ReceivingModule.tsx(13,3): error TS6133: 'DollarSign' is declared but its value is never read.
src/components/Inventory/ReceivingModule.tsx(14,3): error TS6133: 'Box' is declared but its value is never read.
src/components/Inventory/ReceivingModule.tsx(15,3): error TS6133: 'MoreVertical' is declared but its value is never read.
src/components/Inventory/ReceivingModule.tsx(17,3): error TS6133: 'X' is declared but its value is never read.
src/components/Inventory/ReceivingModule.tsx(22,1): error TS6192: All imports in import declaration are unused.
src/components/Inventory/ReceivingModule.tsx(698,102): error TS18047: 'selectedGrn' is possibly 'null'.
src/components/Inventory/ReceivingModule.tsx(702,92): error TS18047: 'selectedGrn' is possibly 'null'.
src/components/Inventory/ReceivingModule.tsx(706,102): error TS18047: 'selectedGrn' is possibly 'null'.
src/components/Inventory/ReceivingModule.tsx(710,102): error TS18047: 'selectedGrn' is possibly 'null'.
src/components/Inventory/ReceivingModule.tsx(714,102): error TS18047: 'selectedGrn' is possibly 'null'.
src/components/Inventory/ReceivingModule.tsx(718,92): error TS18047: 'selectedGrn' is possibly 'null'.
src/components/Inventory/ReceivingModule.tsx(722,117): error TS18047: 'selectedGrn' is possibly 'null'.
src/components/Inventory/ReceivingModule.tsx(724,18): error TS18047: 'selectedGrn' is possibly 'null'.
src/components/Inventory/ReceivingModule.tsx(740,71): error TS18047: 'selectedGrn' is possibly 'null'.
src/components/Inventory/ReportsModule.tsx(8,3): error TS6133: 'Filter' is declared but its value is never read.
src/components/Inventory/ReportsModule.tsx(9,3): error TS6133: 'TrendingUp' is declared but its value is never read.
src/components/Inventory/ReportsModule.tsx(12,3): error TS6133: 'Box' is declared but its value is never read.
src/components/Inventory/ReportsModule.tsx(14,15): error TS6133: 'PieIcon' is declared but its value is never read.
src/components/Inventory/ReportsModule.tsx(15,3): error TS6133: 'Search' is declared but its value is never read.
src/components/Inventory/RequisitionModule.tsx(6,3): error TS6133: 'ChevronRight' is declared but its value is never read.
src/components/Inventory/RequisitionModule.tsx(8,3): error TS6133: 'User' is declared but its value is never read.
src/components/Inventory/RequisitionModule.tsx(17,3): error TS6133: 'X' is declared but its value is never read.
src/components/Inventory/RequisitionModule.tsx(21,10): error TS6133: 'Requisition' is declared but its value is never read.
src/components/Inventory/RequisitionModule.tsx(35,5): error TS2339: Property 'currentUser' does not exist on type 'ERPContextType'.
src/components/Inventory/StoreManagement.tsx(6,3): error TS6133: 'MapPin' is declared but its value is never read.
src/components/Inventory/StoreManagement.tsx(13,3): error TS6133: 'Search' is declared but its value is never read.
src/components/Inventory/StoreManagement.tsx(14,3): error TS6133: 'Filter' is declared but its value is never read.
src/components/Inventory/StoreManagement.tsx(15,3): error TS6133: 'CheckCircle2' is declared but its value is never read.
src/components/Inventory/StoreManagement.tsx(17,3): error TS6133: 'X' is declared but its value is never read.
src/components/Inventory/StoreManagement.tsx(18,3): error TS6133: 'Package' is declared but its value is never read.
src/components/Inventory/StoreManagement.tsx(65,9): error TS6133: 'transferMovements' is declared but its value is never read.
src/components/Inventory/StoreManagement.tsx(67,15): error TS6133: 'allMoves' is declared but its value is never read.
src/components/Inventory/StoreManagement.tsx(68,15): error TS6133: 'seen' is declared but its value is never read.
src/components/Inventory/StoreManagement.tsx(457,100): error TS18047: 'selectedTransfer' is possibly 'null'.
src/components/Inventory/StoreManagement.tsx(462,98): error TS18047: 'selectedTransfer' is possibly 'null'.
src/components/Inventory/StoreManagement.tsx(467,98): error TS18047: 'selectedTransfer' is possibly 'null'.
src/components/Inventory/StoreManagement.tsx(473,20): error TS18047: 'selectedTransfer' is possibly 'null'.
src/components/Inventory/StoreManagement.tsx(474,20): error TS18047: 'selectedTransfer' is possibly 'null'.
src/components/Inventory/StoreManagement.tsx(476,22): error TS18047: 'selectedTransfer' is possibly 'null'.
src/components/Inventory/StoreManagement.tsx(480,93): error TS18047: 'selectedTransfer' is possibly 'null'.
src/components/Inventory/StoreManagement.tsx(484,90): error TS18047: 'selectedTransfer' is possibly 'null'.
src/components/Inventory/SupplierModule.tsx(4,3): error TS6133: 'Users2' is declared but its value is never read.
src/components/Inventory/SupplierModule.tsx(8,3): error TS6133: 'Phone' is declared but its value is never read.
src/components/Inventory/SupplierModule.tsx(9,3): error TS6133: 'Mail' is declared but its value is never read.
src/components/Inventory/SupplierModule.tsx(11,3): error TS6133: 'CheckCircle2' is declared but its value is never read.
src/components/Inventory/SupplierModule.tsx(12,3): error TS6133: 'AlertTriangle' is declared but its value is never read.
src/components/Inventory/SupplierModule.tsx(13,3): error TS6133: 'MoreVertical' is declared but its value is never read.
src/components/Inventory/SupplierModule.tsx(14,3): error TS6133: 'ArrowRight' is declared but its value is never read.
src/components/Inventory/SupplierModule.tsx(18,3): error TS6133: 'X' is declared but its value is never read.
src/components/Inventory/SupplierModule.tsx(283,18): error TS18047: 'selectedVendor' is possibly 'null'.
src/components/Inventory/SupplierModule.tsx(286,84): error TS18047: 'selectedVendor' is possibly 'null'.
src/components/Inventory/SupplierModule.tsx(287,99): error TS18047: 'selectedVendor' is possibly 'null'.
src/components/Inventory/SupplierModule.tsx(290,20): error TS18047: 'selectedVendor' is possibly 'null'.
src/components/Inventory/SupplierModule.tsx(297,93): error TS18047: 'selectedVendor' is possibly 'null'.
src/components/Inventory/SupplierModule.tsx(301,93): error TS18047: 'selectedVendor' is possibly 'null'.
src/components/Inventory/SupplierModule.tsx(305,93): error TS18047: 'selectedVendor' is possibly 'null'.
src/components/Inventory/SupplierModule.tsx(310,19): error TS18047: 'selectedVendor' is possibly 'null'.
src/components/Inventory/SupplierModule.tsx(311,22): error TS18047: 'selectedVendor' is possibly 'null'.
src/components/LoginPage.tsx(8,3): error TS6133: 'Building2' is declared but its value is never read.
src/components/LoginPage.tsx(9,3): error TS6133: 'Key' is declared but its value is never read.
src/components/LoginPage.tsx(21,1): error TS6133: 'z' is declared but its value is never read.
src/components/Platform/APIDocumentationViewer.tsx(6,8): error TS6133: 'React' is declared but its value is never read.
src/components/Platform/APIDocumentationViewer.tsx(263,9): error TS6133: 'currentEndpoints' is declared but its value is never read.
src/components/Platform/APIManagementDashboard.tsx(6,8): error TS6133: 'React' is declared but its value is never read.
src/components/Platform/APIManagementDashboard.tsx(152,10): error TS6133: 'selectedKey' is declared but its value is never read.
src/components/Platform/APIManagementDashboard.tsx(152,23): error TS6133: 'setSelectedKey' is declared but its value is never read.
src/components/Platform/AppMarketplace.tsx(6,8): error TS6133: 'React' is declared but its value is never read.
src/components/Platform/AppMarketplace.tsx(13,3): error TS6133: 'Globe' is declared but its value is never read.
src/components/Platform/AppMarketplace.tsx(16,3): error TS6133: 'Info' is declared but its value is never read.
src/components/Platform/AppMarketplace.tsx(21,3): error TS6133: 'Users' is declared but its value is never read.
src/components/Platform/ConsolidatedReporting.tsx(6,8): error TS6133: 'React' is declared but its value is never read.
src/components/Platform/ConsolidatedReporting.tsx(22,3): error TS6133: 'CheckCircle' is declared but its value is never read.
src/components/Platform/ConsolidatedReporting.tsx(101,10): error TS6133: 'selectedProperties' is declared but its value is never read.
src/components/Platform/ConsolidatedReporting.tsx(101,30): error TS6133: 'setSelectedProperties' is declared but its value is never read.
src/components/Platform/ConsolidatedReporting.tsx(286,21): error TS6133: 'colors' is declared but its value is never read.
src/components/Platform/CrossPropertyReservation.tsx(6,8): error TS6133: 'React' is declared but its value is never read.
src/components/Platform/CrossPropertyReservation.tsx(9,3): error TS6133: 'MapPin' is declared but its value is never read.
src/components/Platform/CrossPropertyReservation.tsx(15,3): error TS6133: 'Edit' is declared but its value is never read.
src/components/Platform/CrossPropertyReservation.tsx(23,3): error TS6133: 'AlertCircle' is declared but its value is never read.
src/components/Platform/IntegrationBuilder.tsx(9,3): error TS6133: 'Plus' is declared but its value is never read.
src/components/Platform/IntegrationBuilder.tsx(26,3): error TS6133: 'XCircle' is declared but its value is never read.
src/components/Platform/IntegrationBuilder.tsx(27,3): error TS6133: 'MoreVertical' is declared but its value is never read.
src/components/Platform/IntegrationBuilder.tsx(46,7): error TS6133: 'nodeTypes' is declared but its value is never read.
src/components/Platform/IntegrationBuilder.tsx(92,10): error TS6133: 'showNodePalette' is declared but its value is never read.
src/components/Platform/MultiPropertyManager.tsx(6,8): error TS6133: 'React' is declared but its value is never read.
src/components/Platform/MultiPropertyManager.tsx(15,3): error TS6133: 'Trash2' is declared but its value is never read.
src/components/Platform/WebhookManager.tsx(6,8): error TS6133: 'React' is declared but its value is never read.
src/components/Platform/WebhookManager.tsx(17,3): error TS6133: 'Eye' is declared but its value is never read.
src/components/Platform/WebhookManager.tsx(54,7): error TS6133: 'availableEvents' is declared but its value is never read.
src/components/Platform/WebhookManager.tsx(166,10): error TS6133: 'selectedSubscription' is declared but its value is never read.
src/components/Platform/WebhookManager.tsx(166,32): error TS6133: 'setSelectedSubscription' is declared but its value is never read.
src/components/Procurement/ApprovalCenter.tsx(1,1): error TS6133: 'React' is declared but its value is never read.
src/components/Procurement/ApprovalCenter.tsx(3,3): error TS6133: 'CheckCircle' is declared but its value is never read.
src/components/Procurement/ApprovalCenter.tsx(6,3): error TS6133: 'MessageSquare' is declared but its value is never read.
src/components/Procurement/ApprovalCenter.tsx(8,3): error TS6133: 'ChevronRight' is declared but its value is never read.
src/components/Procurement/ApprovalCenter.tsx(9,3): error TS6133: 'AlertCircle' is declared but its value is never read.
src/components/Procurement/BudgetControl.tsx(1,1): error TS6133: 'React' is declared but its value is never read.
src/components/Procurement/BudgetControl.tsx(5,3): error TS6133: 'TrendingUp' is declared but its value is never read.
src/components/Procurement/BudgetControl.tsx(6,3): error TS6133: 'TrendingDown' is declared but its value is never read.
src/components/Procurement/BudgetControl.tsx(9,3): error TS6133: 'Calculator' is declared but its value is never read.
src/components/Procurement/BudgetControl.tsx(10,3): error TS6133: 'ChevronRight' is declared but its value is never read.
src/components/Procurement/BudgetControl.tsx(11,3): error TS6133: 'ArrowRight' is declared but its value is never read.
src/components/Procurement/BudgetControl.tsx(12,3): error TS6133: 'BarChart3' is declared but its value is never read.
src/components/Procurement/BudgetControl.tsx(13,3): error TS6133: 'Search' is declared but its value is never read.
src/components/Procurement/ContractManagement.tsx(1,1): error TS6133: 'React' is declared but its value is never read.
src/components/Procurement/ContractManagement.tsx(5,3): error TS6133: 'Filter' is declared but its value is never read.
src/components/Procurement/ContractManagement.tsx(7,3): error TS6133: 'MoreVertical' is declared but its value is never read.
src/components/Procurement/ContractManagement.tsx(9,3): error TS6133: 'ArrowRight' is declared but its value is never read.
src/components/Procurement/ContractManagement.tsx(11,3): error TS6133: 'Calendar' is declared but its value is never read.
src/components/Procurement/ContractManagement.tsx(15,3): error TS6133: 'ExternalLink' is declared but its value is never read.
src/components/Procurement/GoodsReceiving.tsx(4,3): error TS6133: 'Search' is declared but its value is never read.
src/components/Procurement/GoodsReceiving.tsx(5,3): error TS6133: 'Filter' is declared but its value is never read.
src/components/Procurement/GoodsReceiving.tsx(6,3): error TS6133: 'Download' is declared but its value is never read.
src/components/Procurement/GoodsReceiving.tsx(9,3): error TS6133: 'CheckCircle2' is declared but its value is never read.
src/components/Procurement/GoodsReceiving.tsx(11,3): error TS6133: 'Clock' is declared but its value is never read.
src/components/Procurement/GoodsReceiving.tsx(13,3): error TS6133: 'ArrowRight' is declared but its value is never read.
src/components/Procurement/GoodsReceiving.tsx(15,3): error TS6133: 'PackageX' is declared but its value is never read.
src/components/Procurement/GoodsReceiving.tsx(17,3): error TS6133: 'X' is declared but its value is never read.
src/components/Procurement/GoodsReceiving.tsx(20,1): error TS6192: All imports in import declaration are unused.
src/components/Procurement/InvoiceManagement.tsx(1,1): error TS6133: 'React' is declared but its value is never read.
src/components/Procurement/InvoiceManagement.tsx(4,3): error TS6133: 'Search' is declared but its value is never read.
src/components/Procurement/InvoiceManagement.tsx(5,3): error TS6133: 'Filter' is declared but its value is never read.
src/components/Procurement/InvoiceManagement.tsx(6,3): error TS6133: 'Download' is declared but its value is never read.
src/components/Procurement/InvoiceManagement.tsx(7,3): error TS6133: 'MoreVertical' is declared but its value is never read.
src/components/Procurement/InvoiceManagement.tsx(8,3): error TS6133: 'Scale' is declared but its value is never read.
src/components/Procurement/InvoiceManagement.tsx(9,3): error TS6133: 'CheckCircle2' is declared but its value is never read.
src/components/Procurement/InvoiceManagement.tsx(15,3): error TS6133: 'FileCheck' is declared but its value is never read.
src/components/Procurement/InvoiceManagement.tsx(16,3): error TS6133: 'DollarSign' is declared but its value is never read.
src/components/Procurement/ProcurementAnalytics.tsx(1,1): error TS6133: 'React' is declared but its value is never read.
src/components/Procurement/ProcurementAnalytics.tsx(6,15): error TS6133: 'PieIcon' is declared but its value is never read.
src/components/Procurement/ProcurementAnalytics.tsx(8,3): error TS6133: 'ArrowUpRight' is declared but its value is never read.
src/components/Procurement/ProcurementAnalytics.tsx(9,3): error TS6133: 'ArrowDownRight' is declared but its value is never read.
src/components/Procurement/ProcurementAnalytics.tsx(11,3): error TS6133: 'Search' is declared but its value is never read.
src/components/Procurement/ProcurementAnalytics.tsx(12,3): error TS6133: 'Filter' is declared but its value is never read.
src/components/Procurement/ProcurementAnalytics.tsx(13,3): error TS6133: 'Download' is declared but its value is never read.
src/components/Procurement/ProcurementAnalytics.tsx(14,3): error TS6133: 'Calendar' is declared but its value is never read.
src/components/Procurement/ProcurementAnalytics.tsx(15,3): error TS6133: 'Layers' is declared but its value is never read.
src/components/Procurement/ProcurementAnalytics.tsx(16,3): error TS6133: 'Star' is declared but its value is never read.
src/components/Procurement/ProcurementAnalytics.tsx(20,3): error TS6133: 'AreaChart' is declared but its value is never read.
src/components/Procurement/ProcurementAnalytics.tsx(26,3): error TS6133: 'BarChart' is declared but its value is never read.
src/components/Procurement/ProcurementAnalytics.tsx(32,3): error TS6133: 'Line' is declared but its value is never read.
src/components/Procurement/ProcurementDashboard.tsx(1,1): error TS6133: 'React' is declared but its value is never read.
src/components/Procurement/ProcurementDashboard.tsx(134,43): error TS6133: 'entry' is declared but its value is never read.
src/components/Procurement/ProcurementPortal.tsx(1,1): error TS6192: All imports in import declaration are unused.
src/components/Procurement/ProcurementPortal.tsx(2,1): error TS6192: All imports in import declaration are unused.
src/components/Procurement/PurchaseOrderManagement.tsx(1,1): error TS6133: 'React' is declared but its value is never read.
src/components/Procurement/PurchaseOrderManagement.tsx(4,3): error TS6133: 'Search' is declared but its value is never read.
src/components/Procurement/PurchaseOrderManagement.tsx(5,3): error TS6133: 'Filter' is declared but its value is never read.
src/components/Procurement/PurchaseOrderManagement.tsx(8,3): error TS6133: 'Calendar' is declared but its value is never read.
src/components/Procurement/PurchaseOrderManagement.tsx(10,3): error TS6133: 'Building2' is declared but its value is never read.
src/components/Procurement/PurchaseOrderManagement.tsx(11,3): error TS6133: 'CheckCircle2' is declared but its value is never read.
src/components/Procurement/PurchaseOrderManagement.tsx(13,3): error TS6133: 'AlertCircle' is declared but its value is never read.
src/components/Procurement/PurchaseOrderManagement.tsx(15,3): error TS6133: 'ArrowRight' is declared but its value is never read.
src/components/Procurement/PurchaseOrderManagement.tsx(16,3): error TS6133: 'ExternalLink' is declared but its value is never read.
src/components/Procurement/RequisitionManagement.tsx(1,1): error TS6133: 'React' is declared but its value is never read.
src/components/Procurement/RequisitionManagement.tsx(7,3): error TS6133: 'Download' is declared but its value is never read.
src/components/Procurement/RFQManagement.tsx(1,1): error TS6133: 'React' is declared but its value is never read.
src/components/Procurement/RFQManagement.tsx(4,3): error TS6133: 'Search' is declared but its value is never read.
src/components/Procurement/RFQManagement.tsx(5,3): error TS6133: 'Filter' is declared but its value is never read.
src/components/Procurement/RFQManagement.tsx(6,3): error TS6133: 'Download' is declared but its value is never read.
src/components/Procurement/RFQManagement.tsx(7,3): error TS6133: 'MoreVertical' is declared but its value is never read.
src/components/Procurement/RFQManagement.tsx(13,3): error TS6133: 'AlertCircle' is declared but its value is never read.
src/components/Procurement/RFQManagement.tsx(14,3): error TS6133: 'Columns' is declared but its value is never read.
src/components/Procurement/RFQManagement.tsx(15,3): error TS6133: 'ChevronRight' is declared but its value is never read.
src/components/Procurement/SupplierManagement.tsx(1,1): error TS6133: 'React' is declared but its value is never read.
src/components/Procurement/SupplierManagement.tsx(6,3): error TS6133: 'Download' is declared but its value is never read.
src/components/Procurement/SupplierManagement.tsx(7,3): error TS6133: 'MoreVertical' is declared but its value is never read.
src/components/Procurement/SupplierManagement.tsx(11,3): error TS6133: 'Phone' is declared but its value is never read.
src/components/Procurement/SupplierManagement.tsx(13,3): error TS6133: 'TrendingUp' is declared but its value is never read.
src/components/RevenueManagement/ChannelManager.tsx(13,3): error TS6133: 'Play' is declared but its value is never read.
src/components/RevenueManagement/ChannelManager.tsx(15,3): error TS6133: 'Settings' is declared but its value is never read.
src/components/RevenueManagement/ChannelManager.tsx(16,3): error TS6133: 'MoreVertical' is declared but its value is never read.
src/components/RevenueManagement/ChannelManager.tsx(26,3): error TS6133: 'TrendingUp' is declared but its value is never read.
src/components/RevenueManagement/ChannelManager.tsx(27,3): error TS6133: 'TrendingDown' is declared but its value is never read.
src/components/RevenueManagement/ChannelManager.tsx(28,3): error TS6133: 'BarChart3' is declared but its value is never read.
src/components/RevenueManagement/CompetitorManagement.tsx(15,3): error TS6133: 'TrendingUp' is declared but its value is never read.
src/components/RevenueManagement/CompetitorManagement.tsx(16,3): error TS6133: 'TrendingDown' is declared but its value is never read.
src/components/RevenueManagement/CompetitorManagement.tsx(20,3): error TS6133: 'Users' is declared but its value is never read.
src/components/RevenueManagement/CorporateRates.tsx(6,1): error TS6133: 'React' is declared but its value is never read.
src/components/RevenueManagement/DemandForecasts.tsx(6,1): error TS6133: 'React' is declared but its value is never read.
src/components/RevenueManagement/LOSRules.tsx(6,1): error TS6133: 'React' is declared but its value is never read.
src/components/RevenueManagement/PricingRecommendations.tsx(12,3): error TS6133: 'TrendingDown' is declared but its value is never read.
src/components/RevenueManagement/RateParityMonitor.tsx(6,8): error TS6133: 'React' is declared but its value is never read.
src/components/RevenueManagement/RevenueManagementPortal.tsx(6,27): error TS6133: 'useEffect' is declared but its value is never read.
src/components/RevenueManagement/RevenueManagementPortal.tsx(6,38): error TS6133: 'useMemo' is declared but its value is never read.
src/components/RevenueManagement/RevenueManagementPortal.tsx(9,3): error TS6133: 'TrendingUp' is declared but its value is never read.
src/components/RevenueManagement/RevenueManagementPortal.tsx(10,3): error TS6133: 'TrendingDown' is declared but its value is never read.
src/components/RevenueManagement/RevenueManagementPortal.tsx(12,3): error TS6133: 'Bed' is declared but its value is never read.
src/components/RevenueManagement/RevenueManagementPortal.tsx(18,3): error TS6133: 'CheckCircle2' is declared but its value is never read.
src/components/RevenueManagement/RevenueManagementPortal.tsx(19,3): error TS6133: 'XCircle' is declared but its value is never read.
src/components/RevenueManagement/RevenueManagementPortal.tsx(20,3): error TS6133: 'Clock' is declared but its value is never read.
src/components/RevenueManagement/RevenueManagementPortal.tsx(21,3): error TS6133: 'AlertTriangle' is declared but its value is never read.
src/components/RevenueManagement/RevenueManagementPortal.tsx(22,3): error TS6133: 'ArrowUpRight' is declared but its value is never read.
src/components/RevenueManagement/RevenueManagementPortal.tsx(23,3): error TS6133: 'ArrowDownRight' is declared but its value is never read.
src/components/RevenueManagement/RevenueManagementPortal.tsx(27,3): error TS6133: 'PieChart' is declared but its value is never read.
src/components/RevenueManagement/RevenueManagementPortal.tsx(42,25): error TS6133: 'setNotifications' is declared but its value is never read.
src/components/RevenueManagement/RevenueManagementPortal.tsx(158,75): error TS6133: 'module' is declared but its value is never read.
src/components/RevenueManagement/RMSDashboard.tsx(8,3): error TS6133: 'TrendingUp' is declared but its value is never read.
src/components/RevenueManagement/RMSDashboard.tsx(9,3): error TS6133: 'TrendingDown' is declared but its value is never read.
src/components/RevenueManagement/RMSDashboard.tsx(13,3): error TS6133: 'Calendar' is declared but its value is never read.
src/components/RevenueManagement/RMSDashboard.tsx(18,3): error TS6133: 'Clock' is declared but its value is never read.
src/components/RevenueManagement/RMSDashboard.tsx(20,3): error TS6133: 'Users' is declared but its value is never read.
src/components/RevenueManagement/RMSDashboard.tsx(22,3): error TS6133: 'BarChart3' is declared but its value is never read.
src/components/RevenueManagement/RMSDashboard.tsx(23,3): error TS6133: 'LineChart' is declared but its value is never read.
src/components/RevenueManagement/RMSDashboard.tsx(28,11): error TS6133: 'stats' is declared but its value is never read.
src/components/RevenueManagement/RMSDashboard.tsx(29,10): error TS6133: 'dateRange' is declared but its value is never read.
src/components/RevenueManagement/RMSDashboard.tsx(29,21): error TS6133: 'setDateRange' is declared but its value is never read.
src/components/RevenueManagement/RMSDashboard.tsx(48,68): error TS2367: This comparison appears to be unintentional because the types '"Other" | "F&B POS" | "Restaurant POS" | "Bar POS" | "Gift Shop" | "Front Desk Folio"' and '"Rooms"' have no overlap.
src/components/RevenueManagement/RMSDashboard.tsx(61,20): error TS2365: Operator '>=' cannot be applied to types 'string' and 'Date'.
src/components/Sales/CorporateAccountMaster.tsx(3,20): error TS6133: 'Building2' is declared but its value is never read.
src/components/Sales/CorporateAccountMaster.tsx(4,3): error TS6133: 'Phone' is declared but its value is never read.
src/components/Sales/CorporateAccountMaster.tsx(4,10): error TS6133: 'Mail' is declared but its value is never read.
src/components/Sales/CorporateAccountMaster.tsx(4,16): error TS6133: 'AlertTriangle' is declared but its value is never read.
src/components/Sales/CorporateAccountMaster.tsx(8,58): error TS6133: 'updateCorporateAccount' is declared but its value is never read.
src/components/Sales/ProposalContract.tsx(4,3): error TS6133: 'ChevronRight' is declared but its value is never read.
src/components/Sales/ProposalContract.tsx(4,17): error TS6133: 'Calendar' is declared but its value is never read.
src/components/Sales/ProposalContract.tsx(4,34): error TS6133: 'DollarSign' is declared but its value is never read.
src/components/Sales/ProposalContract.tsx(10,35): error TS6133: 'updateContract' is declared but its value is never read.
src/components/Sales/SalesPipeline.tsx(4,3): error TS6133: 'ChevronRight' is declared but its value is never read.
src/components/Sales/SalesPipeline.tsx(4,17): error TS6133: 'User' is declared but its value is never read.
src/components/Sales/SalesPipeline.tsx(4,44): error TS6133: 'AlertTriangle' is declared but its value is never read.
src/components/Sales/SalesPortal.tsx(1,17): error TS6133: 'useState' is declared but its value is never read.
src/components/Sales/SalesPortal.tsx(2,1): error TS6192: All imports in import declaration are unused.
src/components/Settings/AccountSettingsModule.tsx(562,32): error TS2774: This condition will always return true since this function is always defined. Did you mean to call it instead?
src/components/Settings/AccountSettingsModule.tsx(562,39): error TS2339: Property 'icon' does not exist on type 'JSX.IntrinsicElements'.
src/components/Settings/GlobalConfigModule.tsx(1,8): error TS6133: 'React' is declared but its value is never read.
src/components/Settings/GlobalConfigModule.tsx(14,3): error TS6133: 'Plus' is declared but its value is never read.
src/components/Settings/GlobalConfigModule.tsx(15,3): error TS6133: 'Trash2' is declared but its value is never read.
src/components/Settings/GlobalConfigModule.tsx(16,3): error TS6133: 'GripVertical' is declared but its value is never read.
src/components/Settings/GlobalConfigModule.tsx(26,5): error TS6133: 'updateRoomTypeMetadata' is declared but its value is never read.
src/components/Settings/GlobalConfigModule.tsx(27,5): error TS6133: 'inventoryItems' is declared but its value is never read.
src/components/Settings/GlobalConfigModule.tsx(28,5): error TS6133: 'formatAmount' is declared but its value is never read.
src/components/Settings/GlobalConfigModule.tsx(54,45): error TS2339: Property 'guestPortalEnabled' does not exist on type 'GlobalHotelSettings'.
src/components/Settings/GlobalConfigModule.tsx(64,10): error TS6133: 'selectedMetaType' is declared but its value is never read.
src/components/Settings/GlobalConfigModule.tsx(64,28): error TS6133: 'setSelectedMetaType' is declared but its value is never read.
src/components/Settings/GlobalConfigModule.tsx(206,23): error TS2353: Object literal may only specify known properties, and 'guestPortalEnabled' does not exist in type 'Partial<GlobalHotelSettings>'.
src/components/Settings/GlobalConfigModule.tsx(375,23): error TS2353: Object literal may only specify known properties, and 'guestPortalEnabled' does not exist in type 'Partial<GlobalHotelSettings>'.
src/components/Shared/DashboardTemplate.tsx(3,10): error TS6133: 'ArrowUpRight' is declared but its value is never read.
src/components/Shared/DashboardTemplate.tsx(3,24): error TS6133: 'ArrowDownRight' is declared but its value is never read.
src/components/Shared/DashboardTemplate.tsx(3,92): error TS6133: 'Calendar' is declared but its value is never read.
src/components/Shared/DashboardTemplate.tsx(3,102): error TS6133: 'Filter' is declared but its value is never read.
src/components/Shared/DashboardTemplate.tsx(3,123): error TS6133: 'X' is declared but its value is never read.
src/components/Shared/DashboardTemplate.tsx(4,10): error TS6133: 'ContentLoader' is declared but its value is never read.
src/components/Shared/DepartmentReportsModule.tsx(6,8): error TS6133: 'React' is declared but its value is never read.
src/components/Shared/DepartmentReportsModule.tsx(23,3): error TS6133: 'BadgeAlert' is declared but its value is never read.
src/components/Shared/DepartmentReportsModule.tsx(33,3): error TS6133: 'Legend' is declared but its value is never read.
src/components/Shared/DepartmentReportsModule.tsx(468,17): error TS2367: This comparison appears to be unintentional because the types '"distribution" | "alerts"' and '"quarterly"' have no overlap.
src/components/Shared/DepartmentReportsModule.tsx(473,27): error TS2367: This comparison appears to be unintentional because the types '"distribution" | "alerts"' and '"quarterly"' have no overlap.
src/components/Shared/ModalSystem.tsx(3,13): error TS6133: 'AlertCircle' is declared but its value is never read.
src/components/Shared/ModalSystem.tsx(3,26): error TS6133: 'CheckCircle2' is declared but its value is never read.
src/components/Shared/OutletPerformanceReport.tsx(3,3): error TS6133: 'TrendingUp' is declared but its value is never read.
src/components/Shared/OutletPerformanceReport.tsx(4,3): error TS6133: 'ShoppingCart' is declared but its value is never read.
src/components/Shared/OutletPerformanceReport.tsx(9,3): error TS6133: 'AlertTriangle' is declared but its value is never read.
src/components/Shared/OutletPerformanceReport.tsx(10,3): error TS6133: 'Download' is declared but its value is never read.
src/components/Shared/OutletPerformanceReport.tsx(11,3): error TS6133: 'Calendar' is declared but its value is never read.
src/components/Shared/OutletPerformanceReport.tsx(12,3): error TS6133: 'Filter' is declared but its value is never read.
src/components/Shared/OutletPerformanceReport.tsx(13,3): error TS6133: 'DollarSign' is declared but its value is never read.
src/components/Shared/OutletPerformanceReport.tsx(25,3): error TS6133: 'Legend' is declared but its value is never read.
src/components/Shared/OutletPerformanceReport.tsx(26,3): error TS6133: 'PieChart' is declared but its value is never read.
src/components/Shared/OutletPerformanceReport.tsx(27,3): error TS6133: 'Pie' is declared but its value is never read.
src/components/Shared/OutletPerformanceReport.tsx(28,3): error TS6133: 'Cell' is declared but its value is never read.
src/components/Shared/OutletPerformanceReport.tsx(29,3): error TS6133: 'LineChart' is declared but its value is never read.
src/components/Shared/OutletPerformanceReport.tsx(30,3): error TS6133: 'Line' is declared but its value is never read.
src/components/Shared/OutletPerformanceReport.tsx(36,3): error TS6133: 'BarChartCard' is declared but its value is never read.
src/components/Shared/OutletPerformanceReport.tsx(41,11): error TS6133: 'inventoryItems' is declared but its value is never read.
src/components/Shared/OutletPerformanceReport.tsx(69,9): error TS6133: 'COLORS' is declared but its value is never read.
src/components/Shared/OutletPerformanceReport.tsx(86,9): error TS6133: 'handleExportAudit' is declared but its value is never read.
src/components/Shared/PaymentSystem.tsx(10,8): error TS6133: 'React' is declared but its value is never read.
src/components/Shared/PaymentSystem.tsx(80,9): error TS6133: 'getPaymentIcon' is declared but its value is never read.
src/components/Shared/PaymentSystem.tsx(123,15): error TS6133: 'data' is declared but its value is never read.
src/components/Shared/PaymentSystem.tsx(195,7): error TS2322: Type 'string | null' is not assignable to type 'string | undefined'.
  Type 'null' is not assignable to type 'string | undefined'.
src/components/Shared/POSPaymentJournalHelpers.tsx(168,3): error TS6133: 'total' is declared but its value is never read.
src/components/Shared/UnifiedInvoiceTemplate.tsx(1,1): error TS6133: 'React' is declared but its value is never read.
src/components/Shared/UnifiedInvoiceTemplate.tsx(5,3): error TS6133: 'Mail' is declared but its value is never read.
src/components/Shared/UnifiedInvoiceTemplate.tsx(6,3): error TS6133: 'Phone' is declared but its value is never read.
src/components/Shared/UnifiedInvoiceTemplate.tsx(9,3): error TS6133: 'MapPin' is declared but its value is never read.
src/components/Shared/UnifiedInvoiceTemplate.tsx(10,3): error TS6133: 'Building2' is declared but its value is never read.
src/components/Shared/UnifiedInvoiceTemplate.tsx(13,3): error TS6133: 'Layers' is declared but its value is never read.
src/components/Shared/UnifiedInvoiceTemplate.tsx(14,3): error TS6133: 'FileCheck' is declared but its value is never read.
src/components/Shared/UnifiedInvoiceTemplate.tsx(15,3): error TS6133: 'BookmarkCheck' is declared but its value is never read.
src/components/Shared/UnifiedInvoiceTemplate.tsx(16,3): error TS6133: 'DollarSign' is declared but its value is never read.
src/components/Shared/UnifiedInvoiceTemplate.tsx(23,3): error TS6133: 'AlertCircle' is declared but its value is never read.
src/components/Shared/UnifiedInvoiceTemplate.tsx(109,3): error TS6133: 'isPOSReceipt' is declared but its value is never read.
src/components/TermsAndConditionsModal.tsx(1,8): error TS6133: 'React' is declared but its value is never read.
src/context/ERPContext.tsx(24,44): error TS6133: 'PricingContextType' is declared but its value is never read.
src/context/ERPContext.tsx(25,50): error TS6133: 'OperationsContextType' is declared but its value is never read.
src/context/ERPContext.tsx(238,26): error TS6133: 'setRiskCompliance' is declared but its value is never read.
src/context/ERPContext.tsx(310,19): error TS2367: This comparison appears to be unintentional because the types '"pending" | "approved" | "rejected"' and '"Pending"' have no overlap.
src/context/ERPContext.tsx(375,7): error TS2322: Type 'string | null' is not assignable to type 'string | undefined'.
  Type 'null' is not assignable to type 'string | undefined'.
src/context/ERPContext.tsx(411,9): error TS2322: Type 'string | null' is not assignable to type 'string | undefined'.
  Type 'null' is not assignable to type 'string | undefined'.
src/context/ERPContext.tsx(442,35): error TS2345: Argument of type 'string | undefined' is not assignable to parameter of type 'string'.
  Type 'undefined' is not assignable to type 'string'.
src/context/ERPContext.tsx(592,47): error TS2322: Type '{ riskCompliance: RiskCompliance[]; runNightAudit: () => { success: boolean; date: string; message: string; revenuePosted: number; }; triggerLiveSyncSimulation: () => void; simulationActive: true; ... 182 more ...; organizations: OrganizationInfo[]; }' is not assignable to type 'ERPContextType'.
  The types returned by 'updateGroupBookingStatus(...)' are incompatible between these types.
    Type 'void' is not assignable to type 'Promise<void>'.
src/context/FinanceContext.tsx(62,62): error TS2353: Object literal may only specify known properties, and 'description' does not exist in type 'ChartOfAccount'.
src/context/FinanceContext.tsx(63,69): error TS2353: Object literal may only specify known properties, and 'description' does not exist in type 'ChartOfAccount'.
src/context/FinanceContext.tsx(64,64): error TS2353: Object literal may only specify known properties, and 'description' does not exist in type 'ChartOfAccount'.
src/context/FinanceContext.tsx(65,63): error TS2353: Object literal may only specify known properties, and 'description' does not exist in type 'ChartOfAccount'.
src/context/FinanceContext.tsx(117,19): error TS2345: Argument of type '{ data: JournalEntry[]; pagination: { page: number; limit: number; total: number; totalPages: number; }; }' is not assignable to parameter of type 'SetStateAction<JournalEntry[]>'.
src/context/GroupContext.tsx(7,42): error TS6133: 'GroupProfileStatus' is declared but its value is never read.
src/context/GroupContext.tsx(73,57): error TS2345: Argument of type '"error"' is not assignable to parameter of type '"success" | "info" | "warning" | "task"'.
src/context/GroupContext.tsx(140,79): error TS2345: Argument of type '"error"' is not assignable to parameter of type '"success" | "info" | "warning" | "task"'.
src/context/GroupContext.tsx(147,70): error TS2345: Argument of type '"error"' is not assignable to parameter of type '"success" | "info" | "warning" | "task"'.
src/context/GroupContext.tsx(156,74): error TS2345: Argument of type '"Group Management"' is not assignable to parameter of type '"F&B" | "Front Office" | "Housekeeping" | "Maintenance" | "Finance" | "Procurement" | "HR" | "Spa" | "Executive"'.
src/context/GroupContext.tsx(162,57): error TS2345: Argument of type '"error"' is not assignable to parameter of type '"success" | "info" | "warning" | "task"'.
src/context/GroupContext.tsx(179,79): error TS2345: Argument of type '"error"' is not assignable to parameter of type '"success" | "info" | "warning" | "task"'.
src/context/GroupContext.tsx(187,74): error TS2345: Argument of type '"error"' is not assignable to parameter of type '"success" | "info" | "warning" | "task"'.
src/context/GroupContext.tsx(197,74): error TS2345: Argument of type '"Group Management"' is not assignable to parameter of type '"F&B" | "Front Office" | "Housekeeping" | "Maintenance" | "Finance" | "Procurement" | "HR" | "Spa" | "Executive"'.
src/context/GroupContext.tsx(203,57): error TS2345: Argument of type '"error"' is not assignable to parameter of type '"success" | "info" | "warning" | "task"'.
src/context/GroupContext.tsx(220,74): error TS2345: Argument of type '"Group Management"' is not assignable to parameter of type '"F&B" | "Front Office" | "Housekeeping" | "Maintenance" | "Finance" | "Procurement" | "HR" | "Spa" | "Executive"'.
src/context/GroupContext.tsx(226,57): error TS2345: Argument of type '"error"' is not assignable to parameter of type '"success" | "info" | "warning" | "task"'.
src/context/GuestContext.tsx(148,94): error TS2345: Argument of type '"Guest Relations"' is not assignable to parameter of type '"F&B" | "Front Office" | "Housekeeping" | "Maintenance" | "Finance" | "Procurement" | "HR" | "Spa" | "Executive"'.
src/context/GuestContext.tsx(282,74): error TS2345: Argument of type '"Group Management"' is not assignable to parameter of type '"F&B" | "Front Office" | "Housekeeping" | "Maintenance" | "Finance" | "Procurement" | "HR" | "Spa" | "Executive"'.
src/context/GuestContext.tsx(288,56): error TS2345: Argument of type '"error"' is not assignable to parameter of type '"success" | "info" | "warning" | "task"'.
src/context/GuestContext.tsx(321,78): error TS2345: Argument of type '"Group Management"' is not assignable to parameter of type '"F&B" | "Front Office" | "Housekeeping" | "Maintenance" | "Finance" | "Procurement" | "HR" | "Spa" | "Executive"'.
src/context/GuestContext.tsx(327,60): error TS2345: Argument of type '"error"' is not assignable to parameter of type '"success" | "info" | "warning" | "task"'.
src/context/GuestContext.tsx(385,28): error TS2322: Type '{ guests: Guest[]; guestFeedbacks: any[]; guestGroupRelationships: GuestGroupRelationship[]; addGuest: (guestData: Omit<Guest, "id">) => string; updateGuest: (updatedGuest: Guest) => void; ... 18 more ...; refreshData: () => Promise<...>; }' is not assignable to type 'GuestContextType'.
  Types of property 'linkGuestToGroup' are incompatible.
    Type '(guestId: string, groupId: string, options?: { relationshipType?: "GroupReservation" | "CorporateAccount" | "TravelAgent" | "TourOperator" | "CrewBooking" | "Conference" | "Event" | "LongTermContract"; isPrimaryContact?: boolean; reservationId?: string; roleTitle?: string; }) => Promise<GuestGroupRelationship | null>' is not assignable to type '(guestId: string, groupId: string, options?: { relationshipType?: string | undefined; isPrimaryContact?: boolean | undefined; reservationId?: string | undefined; roleTitle?: string | undefined; } | undefined) => Promise<...>'.
      Types of parameters 'options' and 'options' are incompatible.
        Type '{ relationshipType?: string | undefined; isPrimaryContact?: boolean | undefined; reservationId?: string | undefined; roleTitle?: string | undefined; } | undefined' is not assignable to type '{ relationshipType?: "GroupReservation" | "CorporateAccount" | "TravelAgent" | "TourOperator" | "CrewBooking" | "Conference" | "Event" | "LongTermContract" | undefined; isPrimaryContact?: boolean | undefined; reservationId?: string | undefined; roleTitle?: string | undefined; } | undefined'.
          Type '{ relationshipType?: string | undefined; isPrimaryContact?: boolean | undefined; reservationId?: string | undefined; roleTitle?: string | undefined; }' is not assignable to type '{ relationshipType?: "GroupReservation" | "CorporateAccount" | "TravelAgent" | "TourOperator" | "CrewBooking" | "Conference" | "Event" | "LongTermContract" | undefined; isPrimaryContact?: boolean | undefined; reservationId?: string | undefined; roleTitle?: string | undefined; }'.
            Types of property 'relationshipType' are incompatible.
              Type 'string | undefined' is not assignable to type '"GroupReservation" | "CorporateAccount" | "TravelAgent" | "TourOperator" | "CrewBooking" | "Conference" | "Event" | "LongTermContract" | undefined'.
                Type 'string' is not assignable to type '"GroupReservation" | "CorporateAccount" | "TravelAgent" | "TourOperator" | "CrewBooking" | "Conference" | "Event" | "LongTermContract" | undefined'.
src/context/initialState.ts(8,74): error TS6133: 'User' is declared but its value is never read.
src/context/ReservationContext.tsx(87,9): error TS6198: All destructured elements are unused.
src/context/ReservationContext.tsx(87,29): error TS2339: Property 'setGuests' does not exist on type 'GuestContextType'.
src/context/ReservationContext.tsx(461,21): error TS2345: Argument of type '(prev: Reservation[]) => { status: string; id: string; guestName: string; guestEmail: string; guestPhone: string; guestStatus: GuestStatus; roomType: string; roomNumber?: string | undefined; ... 46 more ...; folioRoutingOverrides?: { ...; }[] | undefined; }[]' is not assignable to parameter of type 'SetStateAction<Reservation[]>'.
  Type '(prev: Reservation[]) => { status: string; id: string; guestName: string; guestEmail: string; guestPhone: string; guestStatus: GuestStatus; roomType: string; roomNumber?: string | undefined; ... 46 more ...; folioRoutingOverrides?: { ...; }[] | undefined; }[]' is not assignable to type '(prevState: Reservation[]) => Reservation[]'.
    Type '{ status: string; id: string; guestName: string; guestEmail: string; guestPhone: string; guestStatus: GuestStatus; roomType: string; roomNumber?: string | undefined; roomNights?: string[][] | undefined; ... 45 more ...; folioRoutingOverrides?: { ...; }[] | undefined; }[]' is not assignable to type 'Reservation[]'.
      Type '{ status: string; id: string; guestName: string; guestEmail: string; guestPhone: string; guestStatus: GuestStatus; roomType: RoomType; roomNumber?: string; ... 46 more ...; folioRoutingOverrides?: { chargeType: FolioCharge["type"]; targetFolio: "A" | "B"; reason?: string; }[]; }' is not assignable to type 'Reservation'.
        Types of property 'status' are incompatible.
          Type 'string' is not assignable to type 'ReservationStatus'.
src/context/ReservationContext.tsx(465,52): error TS2345: Argument of type '{ status: string; id: string; guestName: string; guestEmail: string; guestPhone: string; guestStatus: GuestStatus; roomType: RoomType; roomNumber?: string; ... 46 more ...; folioRoutingOverrides?: { chargeType: FolioCharge["type"]; targetFolio: "A" | "B"; reason?: string; }[]; }' is not assignable to parameter of type 'Reservation'.
  Types of property 'status' are incompatible.
    Type 'string' is not assignable to type 'ReservationStatus'.
src/context/SystemContext.tsx(244,116): error TS2345: Argument of type '"System"' is not assignable to parameter of type '"F&B" | "Front Office" | "Housekeeping" | "Maintenance" | "Finance" | "Procurement" | "HR" | "Spa" | "Executive"'.
src/context/SystemContext.tsx(247,95): error TS2345: Argument of type '"System"' is not assignable to parameter of type '"F&B" | "Front Office" | "Housekeeping" | "Maintenance" | "Finance" | "Procurement" | "HR" | "Spa" | "Executive"'.
src/context/SystemContext.tsx(529,28): error TS2345: Argument of type '(prev: PendingAdminChange[]) => (PendingAdminChange | { status: "Approved"; id: string; title: string; description: string; changeType: AdminChangeType; ... 4 more ...; approvedAt?: string | undefined; })[]' is not assignable to parameter of type 'SetStateAction<PendingAdminChange[]>'.
  Type '(prev: PendingAdminChange[]) => (PendingAdminChange | { status: "Approved"; id: string; title: string; description: string; changeType: AdminChangeType; ... 4 more ...; approvedAt?: string | undefined; })[]' is not assignable to type '(prevState: PendingAdminChange[]) => PendingAdminChange[]'.
    Type '(PendingAdminChange | { status: "Approved"; id: string; title: string; description: string; changeType: AdminChangeType; submittedAt: string; submittedBy: string; payload?: AdminChangePayload | undefined; approvedBy?: string | undefined; approvedAt?: string | undefined; })[]' is not assignable to type 'PendingAdminChange[]'.
      Type 'PendingAdminChange | { status: "Approved"; id: string; title: string; description: string; changeType: AdminChangeType; submittedAt: string; submittedBy: string; payload?: AdminChangePayload | undefined; approvedBy?: string | undefined; approvedAt?: string | undefined; }' is not assignable to type 'PendingAdminChange'.
        Type '{ status: "Approved"; id: string; title: string; description: string; changeType: AdminChangeType; submittedAt: string; submittedBy: string; payload?: AdminChangePayload; approvedBy?: string; approvedAt?: string; }' is not assignable to type 'PendingAdminChange'.
          Types of property 'status' are incompatible.
            Type '"Approved"' is not assignable to type '"pending" | "approved" | "rejected"'. Did you mean '"approved"'?
src/context/SystemContext.tsx(531,21): error TS2367: This comparison appears to be unintentional because the types '"pending" | "approved" | "rejected"' and '"Pending"' have no overlap.
src/context/SystemContext.tsx(591,28): error TS2345: Argument of type '(prev: PendingAdminChange[]) => (PendingAdminChange | { status: "Declined"; id: string; title: string; description: string; changeType: AdminChangeType; ... 4 more ...; approvedAt?: string | undefined; })[]' is not assignable to parameter of type 'SetStateAction<PendingAdminChange[]>'.
  Type '(prev: PendingAdminChange[]) => (PendingAdminChange | { status: "Declined"; id: string; title: string; description: string; changeType: AdminChangeType; ... 4 more ...; approvedAt?: string | undefined; })[]' is not assignable to type '(prevState: PendingAdminChange[]) => PendingAdminChange[]'.
    Type '(PendingAdminChange | { status: "Declined"; id: string; title: string; description: string; changeType: AdminChangeType; submittedAt: string; submittedBy: string; payload?: AdminChangePayload | undefined; approvedBy?: string | undefined; approvedAt?: string | undefined; })[]' is not assignable to type 'PendingAdminChange[]'.
      Type 'PendingAdminChange | { status: "Declined"; id: string; title: string; description: string; changeType: AdminChangeType; submittedAt: string; submittedBy: string; payload?: AdminChangePayload | undefined; approvedBy?: string | undefined; approvedAt?: string | undefined; }' is not assignable to type 'PendingAdminChange'.
        Type '{ status: "Declined"; id: string; title: string; description: string; changeType: AdminChangeType; submittedAt: string; submittedBy: string; payload?: AdminChangePayload; approvedBy?: string; approvedAt?: string; }' is not assignable to type 'PendingAdminChange'.
          Types of property 'status' are incompatible.
            Type '"Declined"' is not assignable to type '"pending" | "approved" | "rejected"'.
src/context/SystemContext.tsx(651,20): error TS2345: Argument of type '{ id: string; name: string; email: string; role: string; roleDescription?: string | undefined; avatar?: string | undefined; lastLogin: string; department?: string | undefined; employeeId?: string | undefined; mobileNumber?: string | undefined; username?: string | undefined; status?: string | undefined; }' is not assignable to parameter of type 'SetStateAction<{ id: string; name: string; email: string; role: string; roleDescription: string; avatar: string; lastLogin: string; department: string; employeeId: string; mobileNumber: string; username: string; status: string; }>'.
  Type '{ id: string; name: string; email: string; role: string; roleDescription?: string | undefined; avatar?: string | undefined; lastLogin: string; department?: string | undefined; employeeId?: string | undefined; mobileNumber?: string | undefined; username?: string | undefined; status?: string | undefined; }' is not assignable to type '{ id: string; name: string; email: string; role: string; roleDescription: string; avatar: string; lastLogin: string; department: string; employeeId: string; mobileNumber: string; username: string; status: string; }'.
    Types of property 'roleDescription' are incompatible.
      Type 'string | undefined' is not assignable to type 'string'.
        Type 'undefined' is not assignable to type 'string'.
src/context/SystemContext.tsx(655,20): error TS2345: Argument of type '{ id: string; name: string; email: string; role: string; roleDescription?: string | undefined; avatar?: string | undefined; lastLogin: string; department?: string | undefined; employeeId?: string | undefined; mobileNumber?: string | undefined; username?: string | undefined; status?: string | undefined; }' is not assignable to parameter of type 'SetStateAction<{ id: string; name: string; email: string; role: string; roleDescription: string; avatar: string; lastLogin: string; department: string; employeeId: string; mobileNumber: string; username: string; status: string; }>'.
  Type '{ id: string; name: string; email: string; role: string; roleDescription?: string | undefined; avatar?: string | undefined; lastLogin: string; department?: string | undefined; employeeId?: string | undefined; mobileNumber?: string | undefined; username?: string | undefined; status?: string | undefined; }' is not assignable to type '{ id: string; name: string; email: string; role: string; roleDescription: string; avatar: string; lastLogin: string; department: string; employeeId: string; mobileNumber: string; username: string; status: string; }'.
    Types of property 'roleDescription' are incompatible.
      Type 'string | undefined' is not assignable to type 'string'.
        Type 'undefined' is not assignable to type 'string'.
src/hooks/useBookingEngine.ts(350,13): error TS2322: Type 'null' is not assignable to type 'string | undefined'.
src/hooks/useBookingEngine.ts(358,9): error TS2353: Object literal may only specify known properties, and 'recipient' does not exist in type 'Omit<DispatchedEmail, "id" | "sentAt">'.
src/hooks/useOfflinePOS.ts(13,30): error TS6133: 'OfflinePOSOrder' is declared but its value is never read.
src/lib/permissions.ts(112,31): error TS7053: Element implicitly has an 'any' type because expression of type 'Permission' can't be used to index type '{ editGlobalSettings?: boolean | undefined; adjustHotelTaxes?: boolean | undefined; bypassHousekeepingLock?: boolean | undefined; manageUserAccounts?: boolean | undefined; manageRoles?: boolean | undefined; ... 4 more ...; manageSalesCampaigns?: boolean | undefined; }'.
  Property 'voidTransactions' does not exist on type '{ editGlobalSettings?: boolean | undefined; adjustHotelTaxes?: boolean | undefined; bypassHousekeepingLock?: boolean | undefined; manageUserAccounts?: boolean | undefined; manageRoles?: boolean | undefined; ... 4 more ...; manageSalesCampaigns?: boolean | undefined; }'.
src/lib/permissions.ts(113,12): error TS7053: Element implicitly has an 'any' type because expression of type 'Permission' can't be used to index type '{ editGlobalSettings?: boolean | undefined; adjustHotelTaxes?: boolean | undefined; bypassHousekeepingLock?: boolean | undefined; manageUserAccounts?: boolean | undefined; manageRoles?: boolean | undefined; ... 4 more ...; manageSalesCampaigns?: boolean | undefined; }'.
  Property 'voidTransactions' does not exist on type '{ editGlobalSettings?: boolean | undefined; adjustHotelTaxes?: boolean | undefined; bypassHousekeepingLock?: boolean | undefined; manageUserAccounts?: boolean | undefined; manageRoles?: boolean | undefined; ... 4 more ...; manageSalesCampaigns?: boolean | undefined; }'.
src/lib/supabase.ts(50,15): error TS6133: 'target' is declared but its value is never read.
src/lib/transactions.ts(9,1): error TS6133: 'supabaseService' is declared but its value is never read.
src/schemas/reportsSchema.ts(2,22): error TS6133: 'emailSchema' is declared but its value is never read.
src/schemas/reservationSchema.ts(7,1): error TS6133: 'RoomType' is declared but its value is never read.
src/schemas/userSchema.ts(2,33): error TS6133: 'phoneSchema' is declared but its value is never read.
src/server/middleware/apiKeyAuth.ts(22,9): error TS6133: 'keyPrefix' is declared but its value is never read.
src/server/middleware/auth.ts(112,35): error TS2345: Argument of type 'string | undefined' is not assignable to parameter of type 'string'.
  Type 'undefined' is not assignable to type 'string'.
src/server/routes/accountsPayable.routes.ts(12,45): error TS6133: 'req' is declared but its value is never read.
src/server/routes/accountsPayable.routes.ts(93,46): error TS6133: 'req' is declared but its value is never read.
src/server/routes/admin.routes.ts(2,1): error TS6133: 'z' is declared but its value is never read.
src/server/routes/admin.routes.ts(15,78): error TS6133: 'req' is declared but its value is never read.
src/server/routes/admin.routes.ts(216,78): error TS6133: 'req' is declared but its value is never read.
src/server/routes/admin.routes.ts(345,84): error TS6133: 'req' is declared but its value is never read.
src/server/routes/admin.routes.ts(373,53): error TS6133: 'req' is declared but its value is never read.
src/server/routes/admin.routes.ts(385,80): error TS6133: 'req' is declared but its value is never read.
src/server/routes/admin.routes.ts(433,94): error TS6133: 'req' is declared but its value is never read.
src/server/routes/admin.routes.ts(502,51): error TS6133: 'req' is declared but its value is never read.
src/server/routes/admin.routes.ts(540,48): error TS6133: 'req' is declared but its value is never read.
src/server/routes/admin.routes.ts(583,52): error TS6133: 'req' is declared but its value is never read.
src/server/routes/admin.routes.ts(622,61): error TS6133: 'req' is declared but its value is never read.
src/server/routes/admin.routes.ts(629,67): error TS6133: 'req' is declared but its value is never read.
src/server/routes/admin.routes.ts(708,57): error TS6133: 'req' is declared but its value is never read.
src/server/routes/admin.routes.ts(729,53): error TS6133: 'req' is declared but its value is never read.
src/server/routes/admin.routes.ts(745,57): error TS6133: 'req' is declared but its value is never read.
src/server/routes/admin.routes.ts(840,51): error TS6133: 'req' is declared but its value is never read.
src/server/routes/admin.routes.ts(891,56): error TS6133: 'req' is declared but its value is never read.
src/server/routes/admin.routes.ts(1009,50): error TS6133: 'req' is declared but its value is never read.
src/server/routes/admin.routes.ts(1025,66): error TS6133: 'isSystemRole' is declared but its value is never read.
src/server/routes/admin.routes.ts(1033,13): error TS6133: 'data' is declared but its value is never read.
src/server/routes/admin.routes.ts(1257,56): error TS6133: 'req' is declared but its value is never read.
src/server/routes/admin.routes.ts(1264,54): error TS6133: 'req' is declared but its value is never read.
src/server/routes/admin.routes.ts(1338,52): error TS6133: 'req' is declared but its value is never read.
src/server/routes/admin.routes.ts(1448,53): error TS6133: 'req' is declared but its value is never read.
src/server/routes/admin.routes.ts(1459,98): error TS6133: 'req' is declared but its value is never read.
src/server/routes/admin.routes.ts(1466,58): error TS6133: 'req' is declared but its value is never read.
src/server/routes/admin.routes.ts(1475,46): error TS6133: 'req' is declared but its value is never read.
src/server/routes/b2b.routes.ts(10,33): error TS6133: 'req' is declared but its value is never read.
src/server/routes/b2b.routes.ts(47,65): error TS6133: 'req' is declared but its value is never read.
src/server/routes/bankReconciliation.routes.ts(12,46): error TS6133: 'req' is declared but its value is never read.
src/server/routes/bar.routes.ts(16,47): error TS6133: 'req' is declared but its value is never read.
src/server/routes/bar.routes.ts(94,55): error TS6133: 'req' is declared but its value is never read.
src/server/routes/bar.routes.ts(617,57): error TS6133: 'req' is declared but its value is never read.
src/server/routes/bar.routes.ts(642,46): error TS6133: 'req' is declared but its value is never read.
src/server/routes/budgeting.routes.ts(270,100): error TS6133: 'req' is declared but its value is never read.
src/server/routes/engineeringPortal.routes.ts(91,11): error TS18047: 'supabaseAdmin' is possibly 'null'.
src/server/routes/engineeringPortal.routes.ts(158,26): error TS18047: 'supabaseAdmin' is possibly 'null'.
src/server/routes/engineeringPortal.routes.ts(187,29): error TS6133: 'sensorData' is declared but its value is never read.
src/server/routes/engineeringPortal.routes.ts(293,9): error TS7034: Variable 'patterns' implicitly has type 'any[]' in some locations where its type cannot be determined.
src/server/routes/engineeringPortal.routes.ts(314,10): error TS7005: Variable 'patterns' implicitly has an 'any[]' type.
src/server/routes/engineeringPortal.routes.ts(548,5): error TS6133: 'unitCost' is declared but its value is never read.
src/server/routes/engineeringPortal.routes.ts(563,5): error TS2552: Cannot find name 'unit_cost'. Did you mean 'unitCost'?
src/server/routes/engineeringPortal.routes.ts(591,9): error TS7034: Variable 'neededParts' implicitly has type 'any[]' in some locations where its type cannot be determined.
src/server/routes/engineeringPortal.routes.ts(598,38): error TS2339: Property 'quantity' does not exist on type 'string'.
src/server/routes/engineeringPortal.routes.ts(602,32): error TS2339: Property 'quantity' does not exist on type 'string'.
src/server/routes/engineeringPortal.routes.ts(604,24): error TS2339: Property 'quantity' does not exist on type 'string'.
src/server/routes/engineeringPortal.routes.ts(612,5): error TS7005: Variable 'neededParts' implicitly has an 'any[]' type.
src/server/routes/engineeringPortal.routes.ts(616,39): error TS6133: 'workOrder' is declared but its value is never read.
src/server/routes/engineeringPortal.routes.ts(750,42): error TS18047: 'supabaseAdmin' is possibly 'null'.
src/server/routes/engineeringPortal.routes.ts(1033,47): error TS6133: 'year' is declared but its value is never read.
src/server/routes/engineeringPortal.routes.ts(1048,64): error TS6133: 'employeeCount' is declared but its value is never read.
src/server/routes/engineeringPortal.routes.ts(1052,42): error TS6133: 'incidents' is declared but its value is never read.
src/server/routes/engineeringPortal.routes.ts(1052,82): error TS6133: 'employeeCount' is declared but its value is never read.
src/server/routes/engineeringPortal.routes.ts(1312,27): error TS18047: 'readings' is possibly 'null'.
src/server/routes/engineeringPortal.routes.ts(1324,37): error TS2345: Argument of type 'any[] | null' is not assignable to parameter of type 'any[]'.
  Type 'null' is not assignable to type 'any[]'.
src/server/routes/executive.routes.ts(62,40): error TS18047: 'supabaseAdmin' is possibly 'null'.
src/server/routes/executive.routes.ts(68,33): error TS18047: 'supabaseAdmin' is possibly 'null'.
src/server/routes/executive.routes.ts(87,40): error TS18047: 'supabaseAdmin' is possibly 'null'.
src/server/routes/executive.routes.ts(106,38): error TS18047: 'supabaseAdmin' is possibly 'null'.
src/server/routes/executive.routes.ts(123,40): error TS18047: 'supabaseAdmin' is possibly 'null'.
src/server/routes/executive.routes.ts(209,73): error TS6133: 'metric' is declared but its value is never read.
src/server/routes/executive.routes.ts(210,40): error TS18047: 'supabaseAdmin' is possibly 'null'.
src/server/routes/executive.routes.ts(302,62): error TS6133: 'days' is declared but its value is never read.
src/server/routes/executive.routes.ts(307,37): error TS18047: 'supabaseAdmin' is possibly 'null'.
src/server/routes/executive.routes.ts(314,34): error TS18047: 'supabaseAdmin' is possibly 'null'.
src/server/routes/executive.routes.ts(340,65): error TS6133: 'days' is declared but its value is never read.
src/server/routes/executive.routes.ts(341,38): error TS18047: 'supabaseAdmin' is possibly 'null'.
src/server/routes/executive.routes.ts(365,63): error TS6133: 'days' is declared but its value is never read.
src/server/routes/executive.routes.ts(366,37): error TS18047: 'supabaseAdmin' is possibly 'null'.
src/server/routes/executive.routes.ts(443,38): error TS18047: 'supabaseAdmin' is possibly 'null'.
src/server/routes/executive.routes.ts(468,40): error TS18047: 'supabaseAdmin' is possibly 'null'.
src/server/routes/executive.routes.ts(498,40): error TS18047: 'supabaseAdmin' is possibly 'null'.
src/server/routes/executive.routes.ts(674,53): error TS6133: 'startDate' is declared but its value is never read.
src/server/routes/executive.routes.ts(674,73): error TS6133: 'endDate' is declared but its value is never read.
src/server/routes/executive.routes.ts(755,28): error TS2339: Property 'kpis' does not exist on type '{ occupancy: { occupancyRate: number; totalRooms: number; occupiedRooms: number; averageLengthOfStay: number; }; revenue: { totalRevenue: any; avgDailyRate: number; revPAR: number; revenuePerAvailableRoom: number; }; labor: { ...; }; guest: { ...; }; }'.
src/server/routes/executive.routes.ts(815,47): error TS6133: 'period' is declared but its value is never read.
src/server/routes/executive.routes.ts(1088,50): error TS18047: 'supabaseAdmin' is possibly 'null'.
src/server/routes/executive.routes.ts(1168,40): error TS18047: 'supabaseAdmin' is possibly 'null'.
src/server/routes/executive.routes.ts(1224,52): error TS6133: 'propertyId' is declared but its value is never read.
src/server/routes/executive.routes.ts(1224,72): error TS6133: 'startDate' is declared but its value is never read.
src/server/routes/executive.routes.ts(1282,38): error TS18047: 'supabaseAdmin' is possibly 'null'.
src/server/routes/executive.routes.ts(1291,40): error TS18047: 'supabaseAdmin' is possibly 'null'.
src/server/routes/executive.routes.ts(1337,34): error TS6133: 'propertyId' is declared but its value is never read.
src/server/routes/finance.routes.ts(14,13): error TS6133: 'req' is declared but its value is never read.
src/server/routes/finance.routes.ts(20,55): error TS6133: 'req' is declared but its value is never read.
src/server/routes/finance.routes.ts(166,5): error TS18047: 'supabaseAdmin' is possibly 'null'.
src/server/routes/finance.routes.ts(243,48): error TS6133: 'req' is declared but its value is never read.
src/server/routes/finance.routes.ts(256,52): error TS6133: 'req' is declared but its value is never read.
src/server/routes/financialStatements.routes.ts(2,24): error TS6133: 'requirePermission' is declared but its value is never read.
src/server/routes/foodBeverage.routes.ts(12,45): error TS6133: 'req' is declared but its value is never read.
src/server/routes/foodBeverage.routes.ts(919,57): error TS6133: 'req' is declared but its value is never read.
src/server/routes/groupProfiles.routes.ts(88,87): error TS6133: 'req' is declared but its value is never read.
src/server/routes/groupProfiles.routes.ts(230,7): error TS2322: Type 'User | undefined' is not assignable to type 'User'.
  Type 'undefined' is not assignable to type 'User'.
src/server/routes/groupProfiles.routes.ts(272,7): error TS2322: Type 'User | undefined' is not assignable to type 'User'.
  Type 'undefined' is not assignable to type 'User'.
src/server/routes/groupProfiles.routes.ts(307,7): error TS2322: Type 'User | undefined' is not assignable to type 'User'.
  Type 'undefined' is not assignable to type 'User'.
src/server/routes/groupProfiles.routes.ts(387,7): error TS2322: Type 'User | undefined' is not assignable to type 'User'.
  Type 'undefined' is not assignable to type 'User'.
src/server/routes/groupProfiles.routes.ts(429,7): error TS2322: Type 'User | undefined' is not assignable to type 'User'.
  Type 'undefined' is not assignable to type 'User'.
src/server/routes/groupProfiles.routes.ts(468,7): error TS2322: Type 'User | undefined' is not assignable to type 'User'.
  Type 'undefined' is not assignable to type 'User'.
src/server/routes/groupProfiles.routes.ts(514,7): error TS2322: Type 'User | undefined' is not assignable to type 'User'.
  Type 'undefined' is not assignable to type 'User'.
src/server/routes/groupProfiles.routes.ts(554,7): error TS2322: Type 'User | undefined' is not assignable to type 'User'.
  Type 'undefined' is not assignable to type 'User'.
src/server/routes/guestMobilePortal.routes.ts(845,33): error TS6133: 'date' is declared but its value is never read.
src/server/routes/guestMobilePortal.routes.ts(845,59): error TS6133: 'partySize' is declared but its value is never read.
src/server/routes/guestMobilePortal.routes.ts(845,90): error TS6133: 'capacity' is declared but its value is never read.
src/server/routes/guestMobilePortal.routes.ts(1115,54): error TS6133: 'history' is declared but its value is never read.
src/server/routes/guestMobilePortal.routes.ts(1120,11): error TS6133: 'roomPrefs' is declared but its value is never read.
src/server/routes/guestMobilePortal.routes.ts(1132,11): error TS6133: 'diningPrefs' is declared but its value is never read.
src/server/routes/guestStaff.routes.ts(197,36): error TS7006: Parameter 'a' implicitly has an 'any' type.
src/server/routes/guestStaff.routes.ts(197,39): error TS7006: Parameter 'b' implicitly has an 'any' type.
src/server/routes/guestStaff.routes.ts(200,35): error TS7006: Parameter 'a' implicitly has an 'any' type.
src/server/routes/guestStaff.routes.ts(200,38): error TS7006: Parameter 'b' implicitly has an 'any' type.
src/server/routes/housekeepingPortal.routes.ts(148,33): error TS18047: 'supabaseAdmin' is possibly 'null'.
src/server/routes/housekeepingPortal.routes.ts(156,33): error TS18047: 'supabaseAdmin' is possibly 'null'.
src/server/routes/housekeepingPortal.routes.ts(163,9): error TS7034: Variable 'assignments' implicitly has type 'any[]' in some locations where its type cannot be determined.
src/server/routes/housekeepingPortal.routes.ts(171,11): error TS6133: 'tasksPerStaff' is declared but its value is never read.
src/server/routes/housekeepingPortal.routes.ts(192,10): error TS7005: Variable 'assignments' implicitly has an 'any[]' type.
src/server/routes/housekeepingPortal.routes.ts(247,33): error TS18047: 'supabaseAdmin' is possibly 'null'.
src/server/routes/housekeepingPortal.routes.ts(343,33): error TS18047: 'supabaseAdmin' is possibly 'null'.
src/server/routes/housekeepingPortal.routes.ts(353,35): error TS18047: 'supabaseAdmin' is possibly 'null'.
src/server/routes/housekeepingPortal.routes.ts(511,30): error TS6133: 'taskError' is declared but its value is never read.
src/server/routes/housekeepingPortal.routes.ts(765,39): error TS18047: 'supabaseAdmin' is possibly 'null'.
src/server/routes/housekeepingPortal.routes.ts(771,9): error TS7034: Variable 'recommendations' implicitly has type 'any[]' in some locations where its type cannot be determined.
src/server/routes/housekeepingPortal.routes.ts(794,10): error TS7005: Variable 'recommendations' implicitly has an 'any[]' type.
src/server/routes/housekeepingPortal.routes.ts(835,5): error TS6133: 'unitCost' is declared but its value is never read.
src/server/routes/housekeepingPortal.routes.ts(848,5): error TS2552: Cannot find name 'unit_cost'. Did you mean 'unitCost'?
src/server/routes/housekeepingPortal.routes.ts(1054,11): error TS18047: 'supabaseAdmin' is possibly 'null'.
src/server/routes/housekeepingPortal.routes.ts(1328,39): error TS18047: 'supabaseAdmin' is possibly 'null'.
src/server/routes/housekeepingPortal.routes.ts(1340,19): error TS18047: 'inspections' is possibly 'null'.
src/server/routes/housekeepingPortal.routes.ts(1340,85): error TS18047: 'inspections' is possibly 'null'.
src/server/routes/housekeepingPortal.routes.ts(1341,23): error TS18047: 'inspections' is possibly 'null'.
src/server/routes/hrPayrollPortal.routes.ts(112,43): error TS18047: 'supabaseAdmin' is possibly 'null'.
src/server/routes/hrPayrollPortal.routes.ts(130,19): error TS2339: Property 'netPay' does not exist on type '{ regularPay: number; overtimePay: number; grossPay: number; tax: number; pension: number; }'.
src/server/routes/hrPayrollPortal.routes.ts(149,55): error TS2339: Property 'netPay' does not exist on type '{ regularPay: number; overtimePay: number; grossPay: number; tax: number; pension: number; employeeId: any; employeeName: any; hoursWorked: any; overtimeHours: any; }'.
src/server/routes/hrPayrollPortal.routes.ts(160,55): error TS6133: 'req' is declared but its value is never read.
src/server/routes/hrPayrollPortal.routes.ts(186,59): error TS6133: 'req' is declared but its value is never read.
src/server/routes/hrPayrollPortal.routes.ts(825,49): error TS2551: Property 'readiness_level' does not exist on type '{ employeeId: any; employeeName: any; department: any; position: any; skills: any; performanceRating: any; potentialRating: any; readinessLevel: any; }'. Did you mean 'readinessLevel'?
src/server/routes/hrPayrollPortal.routes.ts(925,37): error TS18047: 'supabaseAdmin' is possibly 'null'.
src/server/routes/inventory.routes.ts(2,1): error TS6133: 'z' is declared but its value is never read.
src/server/routes/inventoryPortal.routes.ts(179,9): error TS18047: 'supabaseAdmin' is possibly 'null'.
src/server/routes/inventoryPortal.routes.ts(187,9): error TS18047: 'supabaseAdmin' is possibly 'null'.
src/server/routes/inventoryPortal.routes.ts(457,11): error TS18047: 'supabaseAdmin' is possibly 'null'.
src/server/routes/inventoryPortal.routes.ts(531,66): error TS2551: Property 'predicted_demand' does not exist on type '{ date: string; predictedDemand: number; confidence: number; seasonalFactor: number; }'. Did you mean 'predictedDemand'?
src/server/routes/inventoryPortal.routes.ts(575,66): error TS2551: Property 'predicted_demand' does not exist on type '{ date: string; predictedDemand: number; confidence: number; seasonalFactor: number; }'. Did you mean 'predictedDemand'?
src/server/routes/inventoryPortal.routes.ts(580,30): error TS18047: 'supabaseAdmin' is possibly 'null'.
src/server/routes/inventoryPortal.routes.ts(669,22): error TS6133: 'endDate' is declared but its value is never read.
src/server/routes/inventoryPortal.routes.ts(695,41): error TS2551: Property 'predicted_demand' does not exist on type '{ date: string; predictedDemand: number; confidence: number; seasonalFactor: number; }'. Did you mean 'predictedDemand'?
src/server/routes/inventoryPortal.routes.ts(696,29): error TS2551: Property 'predicted_demand' does not exist on type '{ date: string; predictedDemand: number; confidence: number; seasonalFactor: number; }'. Did you mean 'predictedDemand'?
src/server/routes/inventoryPortal.routes.ts(697,42): error TS2551: Property 'predicted_demand' does not exist on type '{ date: string; predictedDemand: number; confidence: number; seasonalFactor: number; }'. Did you mean 'predictedDemand'?
src/server/routes/inventoryPortal.routes.ts(697,76): error TS2551: Property 'predicted_demand' does not exist on type '{ date: string; predictedDemand: number; confidence: number; seasonalFactor: number; }'. Did you mean 'predictedDemand'?
src/server/routes/inventoryPortal.routes.ts(805,34): error TS18047: 'supabaseAdmin' is possibly 'null'.
src/server/routes/inventoryPortal.routes.ts(810,38): error TS18047: 'supabaseAdmin' is possibly 'null'.
src/server/routes/inventoryPortal.routes.ts(818,25): error TS18048: 'deliveries.length' is possibly 'undefined'.
src/server/routes/inventoryPortal.routes.ts(818,51): error TS18047: 'deliveries' is possibly 'null'.
src/server/routes/inventoryPortal.routes.ts(818,96): error TS18047: 'deliveries' is possibly 'null'.
src/server/routes/inventoryPortal.routes.ts(989,7): error TS18047: 'supabaseAdmin' is possibly 'null'.
src/server/routes/inventoryPortal.routes.ts(1050,34): error TS18047: 'supabaseAdmin' is possibly 'null'.
src/server/routes/inventoryPortal.routes.ts(1056,36): error TS18047: 'supabaseAdmin' is possibly 'null'.
src/server/routes/kds.routes.ts(388,41): error TS2339: Property 'total_orders_received' does not exist on type '{ id: any; kds_instance_id: any; is_active: any; system_name: any; }'.
src/server/routes/kitchen.routes.ts(16,47): error TS6133: 'req' is declared but its value is never read.
src/server/routes/kitchen.routes.ts(94,55): error TS6133: 'req' is declared but its value is never read.
src/server/routes/kitchen.routes.ts(617,57): error TS6133: 'req' is declared but its value is never read.
src/server/routes/kitchen.routes.ts(642,46): error TS6133: 'req' is declared but its value is never read.
src/server/routes/menuAnalytics.routes.ts(2,24): error TS6133: 'requirePermission' is declared but its value is never read.
src/server/routes/menuAnalytics.routes.ts(399,35): error TS18048: 'r.potentialSavings' is possibly 'undefined'.
src/server/routes/multiproperty.routes.ts(79,35): error TS2345: Argument of type '{ propertyId: any; propertyName: any; currency: any; conversionRate: number; revenue: number; expenses: number; netIncome: number; assets: number; liabilities: number; equity: number; }' is not assignable to parameter of type 'never'.
src/server/routes/multiproperty.routes.ts(150,27): error TS6133: 'organizationId' is declared but its value is never read.
src/server/routes/multiproperty.routes.ts(170,19): error TS6133: 'organizationId' is declared but its value is never read.
src/server/routes/multiproperty.routes.ts(301,23): error TS2339: Property 'propertyName' does not exist on type 'never'.
src/server/routes/multiproperty.routes.ts(302,18): error TS2339: Property 'revenue' does not exist on type 'never'.
src/server/routes/multiproperty.routes.ts(303,19): error TS2339: Property 'expenses' does not exist on type 'never'.
src/server/routes/multiproperty.routes.ts(304,20): error TS2339: Property 'netIncome' does not exist on type 'never'.
src/server/routes/multiproperty.routes.ts(305,23): error TS2339: Property 'revenue' does not exist on type 'never'.
src/server/routes/multiproperty.routes.ts(305,40): error TS2339: Property 'netIncome' does not exist on type 'never'.
src/server/routes/multiproperty.routes.ts(305,54): error TS2339: Property 'revenue' does not exist on type 'never'.
src/server/routes/multiproperty.routes.ts(326,63): error TS2345: Argument of type 'null' is not assignable to parameter of type 'string | undefined'.
src/server/routes/multiproperty.routes.ts(330,35): error TS2339: Property 'revenue' does not exist on type 'never'.
src/server/routes/multiproperty.routes.ts(330,59): error TS2339: Property 'netIncome' does not exist on type 'never'.
src/server/routes/multiproperty.routes.ts(330,80): error TS2339: Property 'revenue' does not exist on type 'never'.
src/server/routes/multiproperty.routes.ts(331,36): error TS2339: Property 'assets' does not exist on type 'never'.
src/server/routes/multiproperty.routes.ts(331,58): error TS2339: Property 'revenue' does not exist on type 'never'.
src/server/routes/multiproperty.routes.ts(331,77): error TS2339: Property 'assets' does not exist on type 'never'.
src/server/routes/multiproperty.routes.ts(332,37): error TS2339: Property 'assets' does not exist on type 'never'.
src/server/routes/multiproperty.routes.ts(332,59): error TS2339: Property 'liabilities' does not exist on type 'never'.
src/server/routes/multiproperty.routes.ts(332,82): error TS2339: Property 'assets' does not exist on type 'never'.
src/server/routes/multiproperty.routes.ts(335,7): error TS2698: Spread types may only be created from object types.
src/server/routes/multiproperty.routes.ts(361,25): error TS18047: 'supabaseAdmin' is possibly 'null'.
src/server/routes/multiproperty.routes.ts(379,25): error TS18047: 'supabaseAdmin' is possibly 'null'.
src/server/routes/multiproperty.routes.ts(405,35): error TS2345: Argument of type '{ propertyId: any; propertyName: any; currency: any; conversionRate: number; revenue: number; expenses: number; netIncome: number; assets: number; liabilities: number; equity: number; }' is not assignable to parameter of type 'never'.
src/server/routes/multiproperty.routes.ts(418,61): error TS6133: 'organizationId' is declared but its value is never read.
src/server/routes/multiproperty.routes.ts(419,11): error TS18047: 'supabaseAdmin' is possibly 'null'.
src/server/routes/onlineOrdering.routes.ts(245,5): error TS6133: 'includeEvents' is declared but its value is never read.
src/server/routes/onlineOrdering.routes.ts(435,11): error TS6133: 'metric' is declared but its value is never read.
src/server/routes/onlineOrdering.routes.ts(468,26): error TS18047: 'supabaseAdmin' is possibly 'null'.
src/server/routes/onlineOrdering.routes.ts(491,26): error TS18047: 'supabaseAdmin' is possibly 'null'.
src/server/routes/onlineOrdering.routes.ts(510,26): error TS18047: 'supabaseAdmin' is possibly 'null'.
src/server/routes/onlineOrdering.routes.ts(626,50): error TS6133: 'startDate' is declared but its value is never read.
src/server/routes/onlineOrdering.routes.ts(626,70): error TS6133: 'endDate' is declared but its value is never read.
src/server/routes/onlineOrdering.routes.ts(684,37): error TS6133: 'restaurantId' is declared but its value is never read.
src/server/routes/onlineOrdering.routes.ts(684,59): error TS6133: 'period' is declared but its value is never read.
src/server/routes/operationsAI.routes.ts(81,11): error TS6133: 'data' is declared but its value is never read.
src/server/routes/operationsAI.routes.ts(221,29): error TS6133: 'daysAhead' is declared but its value is never read.
src/server/routes/operationsAI.routes.ts(240,9): error TS6133: 'historicalStaffing' is declared but its value is never read.
src/server/routes/operationsAI.routes.ts(286,11): error TS6133: 'data' is declared but its value is never read.
src/server/routes/operationsAI.routes.ts(324,5): error TS6133: 'reportedBy' is declared but its value is never read.
src/server/routes/operationsAI.routes.ts(534,23): error TS6133: 'daysAhead' is declared but its value is never read.
src/server/routes/operationsAI.routes.ts(547,9): error TS6133: 'maintenanceHistory' is declared but its value is never read.
src/server/routes/operationsAI.routes.ts(612,11): error TS6133: 'data' is declared but its value is never read.
src/server/routes/operationsAI.routes.ts(695,9): error TS7034: Variable 'anomalies' implicitly has type 'any[]' in some locations where its type cannot be determined.
src/server/routes/operationsAI.routes.ts(697,31): error TS7005: Variable 'anomalies' implicitly has an 'any[]' type.
src/server/routes/operationsAI.routes.ts(736,35): error TS7005: Variable 'anomalies' implicitly has an 'any[]' type.
src/server/routes/operationsAI.routes.ts(758,10): error TS7005: Variable 'anomalies' implicitly has an 'any[]' type.
src/server/routes/operationsAI.routes.ts(846,11): error TS6133: 'data' is declared but its value is never read.
src/server/routes/operationsAI.routes.ts(893,43): error TS6133: 'context' is declared but its value is never read.
src/server/routes/operationsAI.routes.ts(1080,11): error TS6133: 'data' is declared but its value is never read.
src/server/routes/operationsAnalytics.routes.ts(183,53): error TS6133: 'startDate' is declared but its value is never read.
src/server/routes/operationsAnalytics.routes.ts(183,73): error TS6133: 'endDate' is declared but its value is never read.
src/server/routes/operationsAnalytics.routes.ts(234,37): error TS18047: 'supabaseAdmin' is possibly 'null'.
src/server/routes/operationsAnalytics.routes.ts(243,41): error TS18047: 'supabaseAdmin' is possibly 'null'.
src/server/routes/operationsAnalytics.routes.ts(252,37): error TS18047: 'supabaseAdmin' is possibly 'null'.
src/server/routes/operationsAnalytics.routes.ts(337,37): error TS6133: 'propertyId' is declared but its value is never read.
src/server/routes/operationsAnalytics.routes.ts(337,57): error TS6133: 'period' is declared but its value is never read.
src/server/routes/operationsHousekeeping.routes.ts(62,21): error TS6133: 'error' is declared but its value is never read.
src/server/routes/operationsHousekeeping.routes.ts(62,37): error TS18047: 'supabaseAdmin' is possibly 'null'.
src/server/routes/operationsHousekeeping.routes.ts(98,3): error TS6133: 'priority' is declared but its value is never read.
src/server/routes/operationsHousekeeping.routes.ts(139,9): error TS6133: 'roomsPerStaff' is declared but its value is never read.
src/server/routes/operationsHousekeeping.routes.ts(341,9): error TS18047: 'supabaseAdmin' is possibly 'null'.
src/server/routes/operationsIoT.routes.ts(33,5): error TS2552: Cannot find name 'sensor_id'. Did you mean 'sensorId'?
src/server/routes/operationsIoT.routes.ts(167,34): error TS18047: 'supabaseAdmin' is possibly 'null'.
src/server/routes/operationsIoT.routes.ts(191,7): error TS18047: 'supabaseAdmin' is possibly 'null'.
src/server/routes/operationsIoT.routes.ts(232,5): error TS2552: Cannot find name 'lock_id'. Did you mean 'lockId'?
src/server/routes/operationsIoT.routes.ts(411,24): error TS7006: Parameter 'a' implicitly has an 'any' type.
src/server/routes/operationsIoT.routes.ts(411,27): error TS7006: Parameter 'b' implicitly has an 'any' type.
src/server/routes/operationsIoT.routes.ts(588,5): error TS2552: Cannot find name 'tracker_id'. Did you mean 'trackerId'?
src/server/routes/operationsIoT.routes.ts(589,5): error TS2552: Cannot find name 'asset_id'. Did you mean 'assetId'?
src/server/routes/operationsManager.routes.ts(2,24): error TS6133: 'requirePermission' is declared but its value is never read.
src/server/routes/operationsManager.routes.ts(37,19): error TS6133: 'refreshResult' is declared but its value is never read.
src/server/routes/operationsManager.routes.ts(579,46): error TS6133: 'req' is declared but its value is never read.
src/server/routes/operationsManager.routes.ts(729,57): error TS6133: 'req' is declared but its value is never read.
src/server/routes/operationsManager.routes.ts(756,55): error TS6133: 'req' is declared but its value is never read.
src/server/routes/operationsManager.routes.ts(835,55): error TS6133: 'req' is declared but its value is never read.
src/server/routes/operationsManager.routes.ts(913,67): error TS6133: 'req' is declared but its value is never read.
src/server/routes/operationsManager.routes.ts(1315,13): error TS6133: 'data' is declared but its value is never read.
src/server/routes/operationsManager.routes.ts(1361,13): error TS6133: 'data' is declared but its value is never read.
src/server/routes/operationsManager.routes.ts(1494,13): error TS6133: 'data' is declared but its value is never read.
src/server/routes/operationsManager.routes.ts(1813,13): error TS6133: 'data' is declared but its value is never read.
src/server/routes/operationsManager.routes.ts(1949,13): error TS6133: 'data' is declared but its value is never read.
src/server/routes/operationsOptimization.routes.ts(60,21): error TS6133: 'error' is declared but its value is never read.
src/server/routes/operationsOptimization.routes.ts(60,37): error TS18047: 'supabaseAdmin' is possibly 'null'.
src/server/routes/operationsOptimization.routes.ts(92,3): error TS6133: 'constraints' is declared but its value is never read.
src/server/routes/operationsOptimization.routes.ts(176,5): error TS6133: 'priority' is declared but its value is never read.
src/server/routes/operationsOptimization.routes.ts(391,50): error TS6133: 'historicalOvertime' is declared but its value is never read.
src/server/routes/operationsOptimization.routes.ts(733,42): error TS7006: Parameter 'a' implicitly has an 'any' type.
src/server/routes/operationsOptimization.routes.ts(733,45): error TS7006: Parameter 'b' implicitly has an 'any' type.
src/server/routes/operationsOptimization.routes.ts(736,37): error TS7006: Parameter 'a' implicitly has an 'any' type.
src/server/routes/operationsOptimization.routes.ts(736,40): error TS7006: Parameter 'b' implicitly has an 'any' type.
src/server/routes/operationsPortal.routes.ts(82,5): error TS6133: 'lastSyncTime' is declared but its value is never read.
src/server/routes/operationsPortal.routes.ts(112,31): error TS2345: Argument of type '{ type: string; id: any; error: string; }' is not assignable to parameter of type 'never'.
src/server/routes/operationsPortal.routes.ts(114,30): error TS2345: Argument of type 'any' is not assignable to parameter of type 'never'.
src/server/routes/operationsPortal.routes.ts(117,29): error TS2345: Argument of type '{ type: string; id: any; error: any; }' is not assignable to parameter of type 'never'.
src/server/routes/operationsPortal.routes.ts(137,31): error TS2345: Argument of type '{ type: string; id: any; error: string; }' is not assignable to parameter of type 'never'.
src/server/routes/operationsPortal.routes.ts(139,35): error TS2345: Argument of type 'any' is not assignable to parameter of type 'never'.
src/server/routes/operationsPortal.routes.ts(142,29): error TS2345: Argument of type '{ type: string; id: any; error: any; }' is not assignable to parameter of type 'never'.
src/server/routes/operationsPortal.routes.ts(162,31): error TS2345: Argument of type '{ type: string; id: any; error: string; }' is not assignable to parameter of type 'never'.
src/server/routes/operationsPortal.routes.ts(164,34): error TS2345: Argument of type 'any' is not assignable to parameter of type 'never'.
src/server/routes/operationsPortal.routes.ts(167,29): error TS2345: Argument of type '{ type: string; id: any; error: any; }' is not assignable to parameter of type 'never'.
src/server/routes/operationsPortal.routes.ts(703,45): error TS6133: 'photos' is declared but its value is never read.
src/server/routes/operationsPortal.routes.ts(847,5): error TS6133: 'data' is declared but its value is never read.
src/server/routes/operationsPortal.routes.ts(848,5): error TS6133: 'priority' is declared but its value is never read.
src/server/routes/operationsSafety.routes.ts(291,61): error TS6133: 'emergencyType' is declared but its value is never read.
src/server/routes/operationsSafety.routes.ts(291,84): error TS6133: 'location' is declared but its value is never read.
src/server/routes/operationsSafety.routes.ts(291,102): error TS6133: 'severity' is declared but its value is never read.
src/server/routes/operationsSafety.routes.ts(293,36): error TS18047: 'supabaseAdmin' is possibly 'null'.
src/server/routes/operationsSafety.routes.ts(300,32): error TS18047: 'supabaseAdmin' is possibly 'null'.
src/server/routes/operationsSafety.routes.ts(308,23): error TS6133: 'contact' is declared but its value is never read.
src/server/routes/operationsSafety.routes.ts(314,19): error TS6133: 'member' is declared but its value is never read.
src/server/routes/operationsSafety.routes.ts(549,15): error TS2304: Cannot find name 'q'.
src/server/routes/operationsSafety.routes.ts(549,19): error TS2304: Cannot find name 'q'.
src/server/routes/operationsSafety.routes.ts(550,16): error TS2304: Cannot find name 'q'.
src/server/routes/operationsSafety.routes.ts(550,20): error TS2304: Cannot find name 'q'.
src/server/routes/operationsSupplyChain.routes.ts(84,15): error TS2304: Cannot find name 'groupVendorsByType'.
src/server/routes/posPortal.routes.ts(14,79): error TS6133: 'req' is declared but its value is never read.
src/server/routes/posPortal.routes.ts(32,48): error TS6133: 'req' is declared but its value is never read.
src/server/routes/posPortal.routes.ts(51,53): error TS6133: 'req' is declared but its value is never read.
src/server/routes/procurement.routes.ts(103,31): error TS18047: 'supabaseAdmin' is possibly 'null'.
src/server/routes/procurement.routes.ts(150,37): error TS6133: 'categories' is declared but its value is never read.
src/server/routes/procurement.routes.ts(161,35): error TS2339: Property 'raw' does not exist on type 'SupabaseClient<any, "public", "public", any, any>'.
src/server/routes/procurement.routes.ts(606,26): error TS18047: 'supabaseAdmin' is possibly 'null'.
src/server/routes/procurementPortal.routes.ts(247,7): error TS18047: 'supabaseAdmin' is possibly 'null'.
src/server/routes/procurementPortal.routes.ts(488,34): error TS18047: 'supabaseAdmin' is possibly 'null'.
src/server/routes/procurementPortal.routes.ts(494,36): error TS18047: 'supabaseAdmin' is possibly 'null'.
src/server/routes/procurementPortal.routes.ts(500,36): error TS18047: 'supabaseAdmin' is possibly 'null'.
src/server/routes/procurementPortal.routes.ts(519,67): error TS2345: Argument of type 'number | undefined' is not assignable to parameter of type 'number'.
  Type 'undefined' is not assignable to type 'number'.
src/server/routes/procurementPortal.routes.ts(1083,34): error TS18047: 'supabaseAdmin' is possibly 'null'.
src/server/routes/procurementPortal.routes.ts(1104,59): error TS6133: 'startDate' is declared but its value is never read.
src/server/routes/procurementPortal.routes.ts(1104,79): error TS6133: 'endDate' is declared but its value is never read.
src/server/routes/procurementPortal.routes.ts(1105,37): error TS18047: 'supabaseAdmin' is possibly 'null'.
src/server/routes/procurementPortal.routes.ts(1193,7): error TS18047: 'supabaseAdmin' is possibly 'null'.
src/server/routes/public.routes.ts(11,32): error TS6133: 'req' is declared but its value is never read.
src/server/routes/public.routes.ts(144,34): error TS6133: 'req' is declared but its value is never read.
src/server/routes/public.routes.ts(172,32): error TS6133: 'req' is declared but its value is never read.
src/server/routes/public.routes.ts(190,38): error TS6133: 'req' is declared but its value is never read.
src/server/routes/reports.routes.ts(2,1): error TS6133: 'z' is declared but its value is never read.
src/server/routes/reports.routes.ts(64,5): error TS2322: Type 'User | undefined' is not assignable to type 'User'.
  Type 'undefined' is not assignable to type 'User'.
src/server/routes/reports.routes.ts(88,89): error TS6133: 'req' is declared but its value is never read.
src/server/routes/rms.routes.ts(9,43): error TS6133: 'requireRole' is declared but its value is never read.
src/server/routes/rms.routes.ts(78,49): error TS6133: 'req' is declared but its value is never read.
src/server/routes/rms.routes.ts(338,46): error TS6133: 'req' is declared but its value is never read.
src/server/routes/salesEventsPortal.routes.ts(57,68): error TS7053: Element implicitly has an 'any' type because expression of type 'any' can't be used to index type '{ lead: number; qualified: number; proposal: number; negotiation: number; closed_won: number; closed_lost: number; }'.
src/server/routes/salesEventsPortal.routes.ts(229,36): error TS18047: 'supabaseAdmin' is possibly 'null'.
src/server/routes/salesEventsPortal.routes.ts(235,9): error TS18047: 'supabaseAdmin' is possibly 'null'.
src/server/routes/salesEventsPortal.routes.ts(288,41): error TS18047: 'supabaseAdmin' is possibly 'null'.
src/server/routes/salesEventsPortal.routes.ts(378,38): error TS18047: 'supabaseAdmin' is possibly 'null'.
src/server/routes/salesEventsPortal.routes.ts(385,29): error TS18047: 'historical' is possibly 'null'.
src/server/routes/salesEventsPortal.routes.ts(386,7): error TS18047: 'historical' is possibly 'null'.
src/server/routes/salesEventsPortal.routes.ts(834,44): error TS18047: 'supabaseAdmin' is possibly 'null'.
src/server/routes/standardReports.routes.ts(279,47): error TS6133: 'qtype' is declared but its value is never read.
src/server/routes/trialBalance.routes.ts(2,24): error TS6133: 'requirePermission' is declared but its value is never read.
src/server/routes/v1/finance.routes.ts(12,55): error TS6133: 'req' is declared but its value is never read.
src/server/routes/v1/finance.routes.ts(156,5): error TS18047: 'supabaseAdmin' is possibly 'null'.
src/server/scheduler.ts(155,28): error TS7022: 'invErr' implicitly has type 'any' because it does not have a type annotation and is referenced directly or indirectly in its own initializer.
src/server/scheduler.ts(158,28): error TS2448: Block-scoped variable 'invErr' used before its declaration.
src/server/scheduler.ts(164,28): error TS7022: 'rateErr' implicitly has type 'any' because it does not have a type annotation and is referenced directly or indirectly in its own initializer.
src/server/scheduler.ts(166,62): error TS2448: Block-scoped variable 'rateErr' used before its declaration.
src/server/services/cacheService.ts(114,20): error TS6133: 'target' is declared but its value is never read.
src/server/services/cacheService.ts(114,33): error TS6133: 'propertyKey' is declared but its value is never read.
src/services/benchmarking.ts(527,62): error TS18048: 'data.industryAverage' is possibly 'undefined'.
src/services/benchmarking.ts(531,68): error TS18048: 'data.industryAverage' is possibly 'undefined'.
src/services/channelManager/bookingcom.ts(421,34): error TS6133: 'xmlData' is declared but its value is never read.
src/services/channelManager/bookingcom.ts(431,32): error TS6133: 'xmlData' is declared but its value is never read.
src/services/channelManagerService.ts(488,48): error TS2345: Argument of type 'string | undefined' is not assignable to parameter of type 'string'.
  Type 'undefined' is not assignable to type 'string'.
src/services/channelManagerService.ts(625,11): error TS6133: 'response' is declared but its value is never read.
src/services/groupProfileService.ts(2,42): error TS6133: 'GroupProfileStatus' is declared but its value is never read.
src/services/guestCommunication/sms.ts(196,24): error TS2304: Cannot find name 'propertyName'.
src/services/guestCommunication/sms.ts(205,5): error TS6133: 'guestName' is declared but its value is never read.
src/services/guestCommunication/sms.ts(339,47): error TS6133: 'destination' is declared but its value is never read.
src/services/guestCommunication/whatsapp.ts(321,5): error TS6133: 'signature' is declared but its value is never read.
src/services/guestCommunication/whatsapp.ts(322,5): error TS6133: 'payload' is declared but its value is never read.
src/services/guestGroupRelationshipService.ts(5,3): error TS6133: 'RelationshipStatus' is declared but its value is never read.
src/services/guestGroupRelationshipService.ts(7,3): error TS6133: 'GroupAnalytics' is declared but its value is never read.
src/services/laborCostForecasting.ts(253,3): error TS6133: 'periodStart' is declared but its value is never read.
src/services/laborCostForecasting.ts(254,3): error TS6133: 'periodEnd' is declared but its value is never read.
src/services/laborCostForecasting.ts(367,11): error TS6133: 'variance' is declared but its value is never read.
src/services/offlinePOSDatabase.ts(318,5): error TS6133: 'errorMessage' is declared but its value is never read.
src/services/offlineSyncManager.ts(12,30): error TS6133: 'OfflinePOSOrder' is declared but its value is never read.
src/services/offlineSyncManager.ts(32,11): error TS6133: 'syncInProgress' is declared but its value is never read.
src/services/offlineSyncManager.ts(142,28): error TS6133: 'entityType' is declared but its value is never read.
src/services/offlineSyncManager.ts(142,40): error TS6133: 'entityId' is declared but its value is never read.
src/services/offlineSyncManager.ts(495,11): error TS6133: 'updateLastSyncTime' is declared but its value is never read.
src/services/reportBuilder.ts(294,48): error TS6133: 'parameters' is declared but its value is never read.
src/services/revenueManagementService.ts(614,45): error TS6133: 'roomTypeId' is declared but its value is never read.
src/services/revenueManagementService.ts(638,48): error TS6133: 'baseRate' is declared but its value is never read.
src/services/roomAssignment/advancedRoomAssignment.ts(101,5): error TS6133: 'checkInDate' is declared but its value is never read.
src/services/roomAssignment/advancedRoomAssignment.ts(102,5): error TS6133: 'checkOutDate' is declared but its value is never read.
src/services/roomAssignment/advancedRoomAssignment.ts(281,40): error TS6133: 'preferences' is declared but its value is never read.
src/services/roomAssignment/advancedRoomAssignment.ts(326,5): error TS6133: 'revenueOptimization' is declared but its value is never read.
src/services/serverPerformance.ts(447,11): error TS6133: 'insights' is declared but its value is never read.
src/services/shiftSwapWorkflow.ts(474,3): error TS6133: 'originalShift' is declared but its value is never read.
src/services/shiftSwapWorkflow.ts(475,3): error TS6133: 'proposedShift' is declared but its value is never read.
src/services/shiftSwapWorkflow.ts(529,39): error TS6133: 'shift' is declared but its value is never read.
src/services/staffScheduling.ts(424,11): error TS6133: 'targetLaborCost' is declared but its value is never read.
src/services/staffSchedulingOptimization.ts(236,49): error TS6133: 'shift' is declared but its value is never read.
src/services/staffSchedulingOptimization.ts(254,9): error TS6133: 'shiftDuration' is declared but its value is never read.
src/services/staffSchedulingOptimization.ts(299,3): error TS6133: 'shiftEnd' is declared but its value is never read.
src/services/supplierAnalytics.ts(461,5): error TS6133: 'supplierId' is declared but its value is never read.
src/services/syncQueue.ts(6,1): error TS6133: 'offlineStorageService' is declared but its value is never read.
src/services/syncQueue.ts(117,28): error TS6133: 'operation' is declared but its value is never read.
src/services/syncQueue.ts(135,28): error TS6133: 'operation' is declared but its value is never read.
src/services/syncQueue.ts(143,34): error TS6133: 'operation' is declared but its value is never read.
src/services/syncQueue.ts(180,31): error TS6133: 'operation' is declared but its value is never read.
src/services/tableReservationIntegration.ts(142,54): error TS6133: 'reservationId' is declared but its value is never read.
src/services/tableReservationIntegration.ts(251,5): error TS6133: 'outletId' is declared but its value is never read.
src/services/taskAssignment.ts(393,5): error TS6133: 'date' is declared but its value is never read.
src/services/tipTracking.ts(309,13): error TS6133: 'totalShareAmount' is declared but its value is never read.
src/test/setup.ts(9,10): error TS6133: 'expect' is declared but its value is never read.
src/utils/billing.test.ts(9,32): error TS6133: 'beforeEach' is declared but its value is never read.
src/utils/billing.test.ts(21,1): error TS6133: 'FolioCharge' is declared but its value is never read.
src/utils/billing.test.ts(426,7): error TS2322: Type 'Mock<() => Promise<{ ok: boolean; }>>' is not assignable to type '{ (input: URL | RequestInfo, init?: RequestInit | undefined): Promise<Response>; (input: string | URL | Request, init?: RequestInit | undefined): Promise<...>; }'.
  Type 'Promise<{ ok: boolean; }>' is not assignable to type 'Promise<Response>'.
    Type '{ ok: boolean; }' is missing the following properties from type 'Response': headers, redirected, status, statusText, and 11 more.
src/utils/billing.test.ts(449,7): error TS2322: Type 'Mock<() => Promise<{ ok: boolean; json: () => Promise<{ base_amount: number; discount_percent: number; discount_amount: number; discounted_amount: number; non_vat_fees: number; service_charge_total: number; vat_amount: number; total_amount: number; fee_breakdown: never[]; }>; }>>' is not assignable to type '{ (input: URL | RequestInfo, init?: RequestInit | undefined): Promise<Response>; (input: string | URL | Request, init?: RequestInit | undefined): Promise<...>; }'.
  Type 'Promise<{ ok: boolean; json: () => Promise<{ base_amount: number; discount_percent: number; discount_amount: number; discounted_amount: number; non_vat_fees: number; service_charge_total: number; vat_amount: number; total_amount: number; fee_breakdown: never[]; }>; }>' is not assignable to type 'Promise<Response>'.
    Type '{ ok: boolean; json: () => Promise<{ base_amount: number; discount_percent: number; discount_amount: number; discounted_amount: number; non_vat_fees: number; service_charge_total: number; vat_amount: number; total_amount: number; fee_breakdown: never[]; }>; }' is missing the following properties from type 'Response': headers, redirected, status, statusText, and 10 more.
src/utils/billing.ts(69,9): error TS6133: 'm' is declared but its value is never read.
src/utils/billing.ts(70,9): error TS6133: 'day' is declared but its value is never read.
src/utils/billing.ts(269,9): error TS6133: 'frontendMap' is declared but its value is never read.
